Archive member included to satisfy reference by file (symbol)

/usr/lib/gcc/arm-none-eabi/12.2.0/thumb/v6-m/nofp/libgcc.a(_dvmd_tls.o)
                              CMakeFiles/glove.dir/media/shared_drive/electronics/pico_git_stuff/pico-sdk/src/rp2_common/pico_divider/divider.S.obj (__aeabi_idiv0)
/usr/lib/gcc/arm-none-eabi/12.2.0/../../../../arm-none-eabi/lib/thumb/v6-m/nofp/libg.a(lib_a-atexit.o)
                              /usr/lib/gcc/arm-none-eabi/12.2.0/../../../../arm-none-eabi/lib/thumb/v6-m/nofp/crt0.o (atexit)
/usr/lib/gcc/arm-none-eabi/12.2.0/../../../../arm-none-eabi/lib/thumb/v6-m/nofp/libg.a(lib_a-calloc.o)
                              CMakeFiles/glove.dir/media/shared_drive/electronics/pico_git_stuff/pico-sdk/src/rp2_common/pico_malloc/pico_malloc.c.obj (calloc)
/usr/lib/gcc/arm-none-eabi/12.2.0/../../../../arm-none-eabi/lib/thumb/v6-m/nofp/libg.a(lib_a-callocr.o)
                              /usr/lib/gcc/arm-none-eabi/12.2.0/../../../../arm-none-eabi/lib/thumb/v6-m/nofp/libg.a(lib_a-calloc.o) (_calloc_r)
/usr/lib/gcc/arm-none-eabi/12.2.0/../../../../arm-none-eabi/lib/thumb/v6-m/nofp/libg.a(lib_a-ctype_.o)
                              CMakeFiles/glove.dir/media/shared_drive/electronics/pico_git_stuff/pico-sdk/lib/tinyusb/src/tusb.c.obj (_ctype_)
/usr/lib/gcc/arm-none-eabi/12.2.0/../../../../arm-none-eabi/lib/thumb/v6-m/nofp/libg.a(lib_a-errno.o)
                              /usr/lib/gcc/arm-none-eabi/12.2.0/../../../../arm-none-eabi/lib/thumb/v6-m/nofp/libg.a(lib_a-callocr.o) (__errno)
/usr/lib/gcc/arm-none-eabi/12.2.0/../../../../arm-none-eabi/lib/thumb/v6-m/nofp/libg.a(lib_a-fini.o)
                              /usr/lib/gcc/arm-none-eabi/12.2.0/../../../../arm-none-eabi/lib/thumb/v6-m/nofp/crt0.o (__libc_fini_array)
/usr/lib/gcc/arm-none-eabi/12.2.0/../../../../arm-none-eabi/lib/thumb/v6-m/nofp/libg.a(lib_a-impure.o)
                              /usr/lib/gcc/arm-none-eabi/12.2.0/../../../../arm-none-eabi/lib/thumb/v6-m/nofp/libg.a(lib_a-calloc.o) (_impure_ptr)
/usr/lib/gcc/arm-none-eabi/12.2.0/../../../../arm-none-eabi/lib/thumb/v6-m/nofp/libg.a(lib_a-init.o)
                              /usr/lib/gcc/arm-none-eabi/12.2.0/../../../../arm-none-eabi/lib/thumb/v6-m/nofp/crt0.o (__libc_init_array)
/usr/lib/gcc/arm-none-eabi/12.2.0/../../../../arm-none-eabi/lib/thumb/v6-m/nofp/libg.a(lib_a-malloc.o)
                              CMakeFiles/glove.dir/media/shared_drive/electronics/pico_git_stuff/pico-sdk/src/rp2_common/pico_malloc/pico_malloc.c.obj (malloc)
/usr/lib/gcc/arm-none-eabi/12.2.0/../../../../arm-none-eabi/lib/thumb/v6-m/nofp/libg.a(lib_a-mallocr.o)
                              /usr/lib/gcc/arm-none-eabi/12.2.0/../../../../arm-none-eabi/lib/thumb/v6-m/nofp/libg.a(lib_a-callocr.o) (_malloc_r)
/usr/lib/gcc/arm-none-eabi/12.2.0/../../../../arm-none-eabi/lib/thumb/v6-m/nofp/libg.a(lib_a-mlock.o)
                              /usr/lib/gcc/arm-none-eabi/12.2.0/../../../../arm-none-eabi/lib/thumb/v6-m/nofp/libg.a(lib_a-mallocr.o) (__malloc_lock)
/usr/lib/gcc/arm-none-eabi/12.2.0/../../../../arm-none-eabi/lib/thumb/v6-m/nofp/libg.a(lib_a-realloc.o)
                              CMakeFiles/glove.dir/media/shared_drive/electronics/pico_git_stuff/pico-sdk/src/rp2_common/pico_malloc/pico_malloc.c.obj (realloc)
/usr/lib/gcc/arm-none-eabi/12.2.0/../../../../arm-none-eabi/lib/thumb/v6-m/nofp/libg.a(lib_a-reallocr.o)
                              /usr/lib/gcc/arm-none-eabi/12.2.0/../../../../arm-none-eabi/lib/thumb/v6-m/nofp/libg.a(lib_a-realloc.o) (_realloc_r)
/usr/lib/gcc/arm-none-eabi/12.2.0/../../../../arm-none-eabi/lib/thumb/v6-m/nofp/libg.a(lib_a-sbrkr.o)
                              /usr/lib/gcc/arm-none-eabi/12.2.0/../../../../arm-none-eabi/lib/thumb/v6-m/nofp/libg.a(lib_a-mallocr.o) (_sbrk_r)
/usr/lib/gcc/arm-none-eabi/12.2.0/../../../../arm-none-eabi/lib/thumb/v6-m/nofp/libg.a(lib_a-strlen-stub.o)
                              CMakeFiles/glove.dir/usb_descriptors.c.obj (strlen)
/usr/lib/gcc/arm-none-eabi/12.2.0/../../../../arm-none-eabi/lib/thumb/v6-m/nofp/libg.a(lib_a-__atexit.o)
                              /usr/lib/gcc/arm-none-eabi/12.2.0/../../../../arm-none-eabi/lib/thumb/v6-m/nofp/libg.a(lib_a-atexit.o) (__register_exitproc)
/usr/lib/gcc/arm-none-eabi/12.2.0/../../../../arm-none-eabi/lib/thumb/v6-m/nofp/libg.a(lib_a-__call_atexit.o)
                              /usr/lib/gcc/arm-none-eabi/12.2.0/../../../../arm-none-eabi/lib/thumb/v6-m/nofp/libg.a(lib_a-__atexit.o) (__atexit_recursive_mutex)
/usr/lib/gcc/arm-none-eabi/12.2.0/../../../../arm-none-eabi/lib/thumb/v6-m/nofp/libg.a(lib_a-freer.o)
                              /usr/lib/gcc/arm-none-eabi/12.2.0/../../../../arm-none-eabi/lib/thumb/v6-m/nofp/libg.a(lib_a-malloc.o) (_free_r)
/usr/lib/gcc/arm-none-eabi/12.2.0/../../../../arm-none-eabi/lib/thumb/v6-m/nofp/libg.a(lib_a-lock.o)
[...]
Memory Configuration

Name             Origin             Length             Attributes
FLASH            0x0000000010000000 0x0000000000200000 xr
RAM              0x0000000020000000 0x0000000000040000 xrw
SCRATCH_X        0x0000000020040000 0x0000000000001000 xrw
SCRATCH_Y        0x0000000020041000 0x0000000000001000 xrw
*default*        0x0000000000000000 0xffffffffffffffff

Linker script and memory map

LOAD /usr/lib/gcc/arm-none-eabi/12.2.0/thumb/v6-m/nofp/crti.o
LOAD /usr/lib/gcc/arm-none-eabi/12.2.0/thumb/v6-m/nofp/crtbegin.o
LOAD /usr/lib/gcc/arm-none-eabi/12.2.0/../../../../arm-none-eabi/lib/thumb/v6-m/nofp/crt0.o

.flash_begin    0x0000000010000000        0x0
                0x0000000010000000                __flash_binary_start = .

.boot2          0x0000000010000000      0x100
                0x0000000010000000                __boot2_start__ = .
 *(.boot2)
 .boot2         0x0000000010000000      0x100 /tmp/ccx0P8Zf.o
                0x0000000010000100                __boot2_end__ = .
                0x0000000000000001                ASSERT (((__boot2_end__ - __boot2_start__) == 0x100), ERROR: Pico second stage bootloader must be 256 bytes in size)

.text           0x0000000010000100     0x5ff8
                0x0000000010000100                __logical_binary_start = .
 *(.vectors)
 .vectors       0x0000000010000100       0xd4 CMakeFiles/glove.dir/media/shared_drive/electronics/pico_git_stuff/pico-sdk/src/rp2_common/pico_standard_link/crt0.S.obj
                0x0000000010000100                __vectors
                0x0000000010000100                __VECTOR_TABLE
                0x00000000100001c0                isr_invalid
                0x00000000100001c0                __default_isrs_start
                0x00000000100001c2                isr_nmi
                0x00000000100001c4                isr_hardfault
                0x00000000100001c6                isr_svcall
                0x00000000100001c8                isr_pendsv
                0x00000000100001ca                isr_systick
                0x00000000100001cc                isr_irq30
                0x00000000100001cc                __unhandled_user_irq
                0x00000000100001cc                isr_irq13
                0x00000000100001cc                isr_irq27
                0x00000000100001cc                isr_irq31
                0x00000000100001cc                isr_irq5
                0x00000000100001cc                isr_irq11
                0x00000000100001cc                isr_irq23
                0x00000000100001cc                isr_irq18
                0x00000000100001cc                isr_irq28
                0x00000000100001cc                isr_irq19
                0x00000000100001cc                isr_irq0
                0x00000000100001cc                isr_irq6
                0x00000000100001cc                isr_irq22
                0x00000000100001cc                isr_irq17
                0x00000000100001cc                isr_irq14
                0x00000000100001cc                isr_irq2
                0x00000000100001cc                isr_irq10
                0x00000000100001cc                isr_irq8
                0x00000000100001cc                isr_irq24
                0x00000000100001cc                isr_irq1
                0x00000000100001cc                isr_irq7
                0x00000000100001cc                isr_irq21
                0x00000000100001cc                isr_irq20
                0x00000000100001cc                isr_irq15
                0x00000000100001cc                isr_irq25
                0x00000000100001cc                isr_irq4
                0x00000000100001cc                isr_irq16
                0x00000000100001cc                isr_irq29
                0x00000000100001cc                isr_irq26
                0x00000000100001cc                __default_isrs_end
                0x00000000100001cc                isr_irq3
                0x00000000100001cc                isr_irq12
                0x00000000100001cc                isr_irq9
                0x00000000100001d2                unhandled_user_irq_num_in_r0
 *(.binary_info_header)
 .binary_info_header
                0x00000000100001d4       0x14 CMakeFiles/glove.dir/media/shared_drive/electronics/pico_git_stuff/pico-sdk/src/rp2_common/pico_standard_link/crt0.S.obj
                0x00000000100001e8                __binary_info_header_end = .
 *(.reset)
 .reset         0x00000000100001e8       0xa8 CMakeFiles/glove.dir/media/shared_drive/electronics/pico_git_stuff/pico-sdk/src/rp2_common/pico_standard_link/crt0.S.obj
                0x00000000100001e8                _entry_point
                0x0000000010000266                __get_current_exception
 .reset         0x0000000010000290       0x30 CMakeFiles/glove.dir/media/shared_drive/electronics/pico_git_stuff/pico-sdk/src/rp2_common/pico_standard_link/binary_info.c.obj
 *(.init)
 .init          0x00000000100002c0        0x4 /usr/lib/gcc/arm-none-eabi/12.2.0/thumb/v6-m/nofp/crti.o
                0x00000000100002c0                _init
 *(EXCLUDE_FILE(*libm.a: *libc.a:*lib_a-mem*.o *libgcc.a:) .text*)
 .text.frame_dummy
                0x00000000100002c4       0x20 /usr/lib/gcc/arm-none-eabi/12.2.0/thumb/v6-m/nofp/crtbegin.o
 .text.main     0x00000000100002e4       0x34 CMakeFiles/glove.dir/glove.c.obj
                0x00000000100002e4                main
 .text.tud_mount_cb
                0x0000000010000318        0x2 CMakeFiles/glove.dir/glove.c.obj
                0x0000000010000318                tud_mount_cb
 .text.tud_umount_cb
                0x000000001000031a        0x2 CMakeFiles/glove.dir/glove.c.obj
                0x000000001000031a                tud_umount_cb
 .text.tud_suspend_cb
                0x000000001000031c        0x2 CMakeFiles/glove.dir/glove.c.obj
                0x000000001000031c                tud_suspend_cb
 .text.tud_resume_cb
                0x000000001000031e        0x2 CMakeFiles/glove.dir/glove.c.obj
                0x000000001000031e                tud_resume_cb
 .text.tud_hid_get_report_cb
                0x0000000010000320        0x4 CMakeFiles/glove.dir/glove.c.obj
                0x0000000010000320                tud_hid_get_report_cb
 .text.tud_hid_set_report_cb
                0x0000000010000324        0x2 CMakeFiles/glove.dir/glove.c.obj
                0x0000000010000324                tud_hid_set_report_cb
 *fill*         0x0000000010000326        0x2 
 .text.tud_descriptor_device_cb
                0x0000000010000328        0x8 CMakeFiles/glove.dir/usb_descriptors.c.obj
                0x0000000010000328                tud_descriptor_device_cb
 .text.tud_hid_descriptor_report_cb
                0x0000000010000330        0x8 CMakeFiles/glove.dir/usb_descriptors.c.obj
                0x0000000010000330                tud_hid_descriptor_report_cb
 .text.tud_descriptor_configuration_cb
                0x0000000010000338        0x8 CMakeFiles/glove.dir/usb_descriptors.c.obj
                0x0000000010000338                tud_descriptor_configuration_cb
 .text.tud_descriptor_string_cb
                0x0000000010000340       0x64 CMakeFiles/glove.dir/usb_descriptors.c.obj
                0x0000000010000340                tud_descriptor_string_cb
 .text.gpio_set_function
                0x00000000100003a4       0x30 CMakeFiles/glove.dir/media/shared_drive/electronics/pico_git_stuff/pico-sdk/src/rp2_common/hardware_gpio/gpio.c.obj
                0x00000000100003a4                gpio_set_function
 .text.gpio_init
                0x00000000100003d4       0x16 CMakeFiles/glove.dir/media/shared_drive/electronics/pico_git_stuff/pico-sdk/src/rp2_common/hardware_gpio/gpio.c.obj
                0x00000000100003d4                gpio_init
 *fill*         0x00000000100003ea        0x2 
 .text.hw_claim_lock
                0x00000000100003ec       0x18 CMakeFiles/glove.dir/media/shared_drive/electronics/pico_git_stuff/pico-sdk/src/rp2_common/hardware_claim/claim.c.obj
                0x00000000100003ec                hw_claim_lock
 .text.hw_claim_unlock
                0x0000000010000404       0x14 CMakeFiles/glove.dir/media/shared_drive/electronics/pico_git_stuff/pico-sdk/src/rp2_common/hardware_claim/claim.c.obj
                0x0000000010000404                hw_claim_unlock
 .text.hw_claim_or_assert
                0x0000000010000418       0x32 CMakeFiles/glove.dir/media/shared_drive/electronics/pico_git_stuff/pico-sdk/src/rp2_common/hardware_claim/claim.c.obj
                0x0000000010000418                hw_claim_or_assert
 .text.hw_claim_unused_from_range
                0x000000001000044a       0x50 CMakeFiles/glove.dir/media/shared_drive/electronics/pico_git_stuff/pico-sdk/src/rp2_common/hardware_claim/claim.c.obj
                0x000000001000044a                hw_claim_unused_from_range
 *fill*         0x000000001000049a        0x2 
 .text.running_on_fpga
                0x000000001000049c       0x14 CMakeFiles/glove.dir/media/shared_drive/electronics/pico_git_stuff/pico-sdk/src/rp2_common/pico_platform/platform.c.obj
                0x000000001000049c                running_on_fpga
 .text.spin_locks_reset
                0x00000000100004b0       0x20 CMakeFiles/glove.dir/media/shared_drive/electronics/pico_git_stuff/pico-sdk/src/rp2_common/hardware_sync/sync.c.obj
                0x00000000100004b0                spin_locks_reset
 .text.next_striped_spin_lock_num
                0x00000000100004d0       0x1c CMakeFiles/glove.dir/media/shared_drive/electronics/pico_git_stuff/pico-sdk/src/rp2_common/hardware_sync/sync.c.obj
                0x00000000100004d0                next_striped_spin_lock_num
 .text.spin_lock_claim_unused
                0x00000000100004ec       0x24 CMakeFiles/glove.dir/media/shared_drive/electronics/pico_git_stuff/pico-sdk/src/rp2_common/hardware_sync/sync.c.obj
                0x00000000100004ec                spin_lock_claim_unused
 .text.set_raw_irq_handler_and_unlock
                0x0000000010000510       0x28 CMakeFiles/glove.dir/media/shared_drive/electronics/pico_git_stuff/pico-sdk/src/rp2_common/hardware_irq/irq.c.obj
 .text.resolve_branch
                0x0000000010000538       0x30 CMakeFiles/glove.dir/media/shared_drive/electronics/pico_git_stuff/pico-sdk/src/rp2_common/hardware_irq/irq.c.obj
 .text.make_branch
                0x0000000010000568       0x48 CMakeFiles/glove.dir/media/shared_drive/electronics/pico_git_stuff/pico-sdk/src/rp2_common/hardware_irq/irq.c.obj
 .text.insert_branch_and_link
                0x00000000100005b0       0x40 CMakeFiles/glove.dir/media/shared_drive/electronics/pico_git_stuff/pico-sdk/src/rp2_common/hardware_irq/irq.c.obj
 .text.irq_is_enabled
                0x00000000100005f0       0x18 CMakeFiles/glove.dir/media/shared_drive/electronics/pico_git_stuff/pico-sdk/src/rp2_common/hardware_irq/irq.c.obj
                0x00000000100005f0                irq_is_enabled
 .text.irq_set_mask_enabled
                0x0000000010000608       0x20 CMakeFiles/glove.dir/media/shared_drive/electronics/pico_git_stuff/pico-sdk/src/rp2_common/hardware_irq/irq.c.obj
                0x0000000010000608                irq_set_mask_enabled
 .text.irq_set_enabled
                0x0000000010000628        0xe CMakeFiles/glove.dir/media/shared_drive/electronics/pico_git_stuff/pico-sdk/src/rp2_common/hardware_irq/irq.c.obj
                0x0000000010000628                irq_set_enabled
 *fill*         0x0000000010000636        0x2 
 .text.irq_get_vtable_handler
                0x0000000010000638       0x10 CMakeFiles/glove.dir/media/shared_drive/electronics/pico_git_stuff/pico-sdk/src/rp2_common/hardware_irq/irq.c.obj
                0x0000000010000638                irq_get_vtable_handler
 .text.irq_set_exclusive_handler
                0x0000000010000648       0x54 CMakeFiles/glove.dir/media/shared_drive/electronics/pico_git_stuff/pico-sdk/src/rp2_common/hardware_irq/irq.c.obj
                0x0000000010000648                irq_set_exclusive_handler
 .text.irq_remove_handler
                0x000000001000069c      0x188 CMakeFiles/glove.dir/media/shared_drive/electronics/pico_git_stuff/pico-sdk/src/rp2_common/hardware_irq/irq.c.obj
                0x000000001000069c                irq_remove_handler
 .text.irq_add_tail_to_free_list
                0x0000000010000824       0xf0 CMakeFiles/glove.dir/media/shared_drive/electronics/pico_git_stuff/pico-sdk/src/rp2_common/hardware_irq/irq.c.obj
                0x0000000010000824                irq_add_tail_to_free_list
 .text.irq_init_priorities
                0x0000000010000914       0x1c CMakeFiles/glove.dir/media/shared_drive/electronics/pico_git_stuff/pico-sdk/src/rp2_common/hardware_irq/irq.c.obj
                0x0000000010000914                irq_init_priorities
 .text.lock_init
                0x0000000010000930       0x10 CMakeFiles/glove.dir/media/shared_drive/electronics/pico_git_stuff/pico-sdk/src/common/pico_sync/lock_core.c.obj
                0x0000000010000930                lock_init
 .text.time_reached
                0x0000000010000940       0x28 CMakeFiles/glove.dir/media/shared_drive/electronics/pico_git_stuff/pico-sdk/src/common/pico_time/time.c.obj
 .text.get_entry
                0x0000000010000968       0x38 CMakeFiles/glove.dir/media/shared_drive/electronics/pico_git_stuff/pico-sdk/src/common/pico_time/time.c.obj
 .text.timer_pool_entry_comparator
                0x00000000100009a0       0x2e CMakeFiles/glove.dir/media/shared_drive/electronics/pico_git_stuff/pico-sdk/src/common/pico_time/time.c.obj
                0x00000000100009a0                timer_pool_entry_comparator
 *fill*         0x00000000100009ce        0x2 
 .text.update_us_since_boot
                0x00000000100009d0       0x24 CMakeFiles/glove.dir/media/shared_drive/electronics/pico_git_stuff/pico-sdk/src/common/pico_time/time.c.obj
 .text.delayed_by_us
                0x00000000100009f4       0x36 CMakeFiles/glove.dir/media/shared_drive/electronics/pico_git_stuff/pico-sdk/src/common/pico_time/time.c.obj
 *fill*         0x0000000010000a2a        0x2 
 .text.ph_get_node
                0x0000000010000a2c       0x30 CMakeFiles/glove.dir/media/shared_drive/electronics/pico_git_stuff/pico-sdk/src/common/pico_time/time.c.obj
 .text.ph_contains_node
                0x0000000010000a5c       0x1e CMakeFiles/glove.dir/media/shared_drive/electronics/pico_git_stuff/pico-sdk/src/common/pico_time/time.c.obj
 .text.ph_new_node
                0x0000000010000a7a       0x28 CMakeFiles/glove.dir/media/shared_drive/electronics/pico_git_stuff/pico-sdk/src/common/pico_time/time.c.obj
 *fill*         0x0000000010000aa2        0x2 
 .text.ph_add_child_node
                0x0000000010000aa4       0x6c CMakeFiles/glove.dir/media/shared_drive/electronics/pico_git_stuff/pico-sdk/src/common/pico_time/time.c.obj
 .text.ph_merge_nodes
                0x0000000010000b10       0x3e CMakeFiles/glove.dir/media/shared_drive/electronics/pico_git_stuff/pico-sdk/src/common/pico_time/time.c.obj
 *fill*         0x0000000010000b4e        0x2 
 .text.ph_insert_node
                0x0000000010000b50       0x3c CMakeFiles/glove.dir/media/shared_drive/electronics/pico_git_stuff/pico-sdk/src/common/pico_time/time.c.obj
 .text.ph_free_node
                0x0000000010000b8c       0x3c CMakeFiles/glove.dir/media/shared_drive/electronics/pico_git_stuff/pico-sdk/src/common/pico_time/time.c.obj
 .text.get_entry_id_high
                0x0000000010000bc8       0x30 CMakeFiles/glove.dir/media/shared_drive/electronics/pico_git_stuff/pico-sdk/src/common/pico_time/time.c.obj
 .text.alarm_pool_post_alloc_init
                0x0000000010000bf8       0x40 CMakeFiles/glove.dir/media/shared_drive/electronics/pico_git_stuff/pico-sdk/src/common/pico_time/time.c.obj
 .text.sleep_until_callback
                0x0000000010000c38       0x30 CMakeFiles/glove.dir/media/shared_drive/electronics/pico_git_stuff/pico-sdk/src/common/pico_time/time.c.obj
 .text.get_absolute_time
                0x0000000010000c68       0x22 CMakeFiles/glove.dir/media/shared_drive/electronics/pico_git_stuff/pico-sdk/src/common/pico_time/time.c.obj
 .text.make_timeout_time_us
                0x0000000010000c8a       0x24 CMakeFiles/glove.dir/media/shared_drive/electronics/pico_git_stuff/pico-sdk/src/common/pico_time/time.c.obj
 *fill*         0x0000000010000cae        0x2 
 .text.add_alarm_under_lock
                0x0000000010000cb0       0x94 CMakeFiles/glove.dir/media/shared_drive/electronics/pico_git_stuff/pico-sdk/src/common/pico_time/time.c.obj
 .text.alarm_pool_alarm_callback
                0x0000000010000d44      0x20c CMakeFiles/glove.dir/media/shared_drive/electronics/pico_git_stuff/pico-sdk/src/common/pico_time/time.c.obj
 .text.alarm_pool_init_default
                0x0000000010000f50       0x38 CMakeFiles/glove.dir/media/shared_drive/electronics/pico_git_stuff/pico-sdk/src/common/pico_time/time.c.obj
                0x0000000010000f50                alarm_pool_init_default
 .text.alarm_pool_get_default
                0x0000000010000f88       0x2c CMakeFiles/glove.dir/media/shared_drive/electronics/pico_git_stuff/pico-sdk/src/common/pico_time/time.c.obj
                0x0000000010000f88                alarm_pool_get_default
 .text.alarm_pool_add_alarm_at
                0x0000000010000fb4      0x10e CMakeFiles/glove.dir/media/shared_drive/electronics/pico_git_stuff/pico-sdk/src/common/pico_time/time.c.obj
                0x0000000010000fb4                alarm_pool_add_alarm_at
 .text.add_alarm_at
                0x00000000100010c2       0x2e CMakeFiles/glove.dir/media/shared_drive/electronics/pico_git_stuff/pico-sdk/src/common/pico_time/time.c.obj
 .text.alarm_pool_cancel_alarm
                0x00000000100010f0       0xa0 CMakeFiles/glove.dir/media/shared_drive/electronics/pico_git_stuff/pico-sdk/src/common/pico_time/time.c.obj
                0x00000000100010f0                alarm_pool_cancel_alarm
 .text.cancel_alarm
                0x0000000010001190       0x10 CMakeFiles/glove.dir/media/shared_drive/electronics/pico_git_stuff/pico-sdk/src/common/pico_time/time.c.obj
 .text.sleep_until
                0x00000000100011a0       0xb0 CMakeFiles/glove.dir/media/shared_drive/electronics/pico_git_stuff/pico-sdk/src/common/pico_time/time.c.obj
                0x00000000100011a0                sleep_until
 .text.sleep_us
                0x0000000010001250       0x1a CMakeFiles/glove.dir/media/shared_drive/electronics/pico_git_stuff/pico-sdk/src/common/pico_time/time.c.obj
                0x0000000010001250                sleep_us
 .text.sleep_ms
                0x000000001000126a       0x14 CMakeFiles/glove.dir/media/shared_drive/electronics/pico_git_stuff/pico-sdk/src/common/pico_time/time.c.obj
                0x000000001000126a                sleep_ms
 *fill*         0x000000001000127e        0x2 
 .text.best_effort_wfe_or_timeout
                0x0000000010001280       0x38 CMakeFiles/glove.dir/media/shared_drive/electronics/pico_git_stuff/pico-sdk/src/common/pico_time/time.c.obj
                0x0000000010001280                best_effort_wfe_or_timeout
 .text.hardware_alarm_irq_handler
                0x00000000100012b8       0x88 CMakeFiles/glove.dir/media/shared_drive/electronics/pico_git_stuff/pico-sdk/src/rp2_common/hardware_timer/timer.c.obj
 .text.hardware_alarm_claim
                0x0000000010001340       0x18 CMakeFiles/glove.dir/media/shared_drive/electronics/pico_git_stuff/pico-sdk/src/rp2_common/hardware_timer/timer.c.obj
                0x0000000010001340                hardware_alarm_claim
 .text.time_us_64
                0x0000000010001358       0x18 CMakeFiles/glove.dir/media/shared_drive/electronics/pico_git_stuff/pico-sdk/src/rp2_common/hardware_timer/timer.c.obj
                0x0000000010001358                time_us_64
 .text.busy_wait_until
                0x0000000010001370       0x28 CMakeFiles/glove.dir/media/shared_drive/electronics/pico_git_stuff/pico-sdk/src/rp2_common/hardware_timer/timer.c.obj
                0x0000000010001370                busy_wait_until
 .text.hardware_alarm_set_callback
                0x0000000010001398       0x90 CMakeFiles/glove.dir/media/shared_drive/electronics/pico_git_stuff/pico-sdk/src/rp2_common/hardware_timer/timer.c.obj
                0x0000000010001398                hardware_alarm_set_callback
 .text.hardware_alarm_set_target
                0x0000000010001428       0xe8 CMakeFiles/glove.dir/media/shared_drive/electronics/pico_git_stuff/pico-sdk/src/rp2_common/hardware_timer/timer.c.obj
                0x0000000010001428                hardware_alarm_set_target
 .text.hardware_alarm_cancel
                0x0000000010001510       0x40 CMakeFiles/glove.dir/media/shared_drive/electronics/pico_git_stuff/pico-sdk/src/rp2_common/hardware_timer/timer.c.obj
                0x0000000010001510                hardware_alarm_cancel
 .text.ph_get_node
                0x0000000010001550       0x30 CMakeFiles/glove.dir/media/shared_drive/electronics/pico_git_stuff/pico-sdk/src/common/pico_util/pheap.c.obj
 .text.ph_add_child_node
                0x0000000010001580       0x6c CMakeFiles/glove.dir/media/shared_drive/electronics/pico_git_stuff/pico-sdk/src/common/pico_util/pheap.c.obj
 .text.ph_merge_nodes
                0x00000000100015ec       0x3e CMakeFiles/glove.dir/media/shared_drive/electronics/pico_git_stuff/pico-sdk/src/common/pico_util/pheap.c.obj
 .text.ph_clear
                0x000000001000162a       0x34 CMakeFiles/glove.dir/media/shared_drive/electronics/pico_git_stuff/pico-sdk/src/common/pico_util/pheap.c.obj
                0x000000001000162a                ph_clear
 .text.ph_post_alloc_init
                0x000000001000165e        0xe CMakeFiles/glove.dir/media/shared_drive/electronics/pico_git_stuff/pico-sdk/src/common/pico_util/pheap.c.obj
                0x000000001000165e                ph_post_alloc_init
 .text.ph_merge_two_pass
                0x000000001000166c       0x5c CMakeFiles/glove.dir/media/shared_drive/electronics/pico_git_stuff/pico-sdk/src/common/pico_util/pheap.c.obj
                0x000000001000166c                ph_merge_two_pass
 .text.ph_remove_any_head
                0x00000000100016c8       0xa4 CMakeFiles/glove.dir/media/shared_drive/electronics/pico_git_stuff/pico-sdk/src/common/pico_util/pheap.c.obj
 .text.ph_remove_head
                0x000000001000176c       0x14 CMakeFiles/glove.dir/media/shared_drive/electronics/pico_git_stuff/pico-sdk/src/common/pico_util/pheap.c.obj
                0x000000001000176c                ph_remove_head
 .text.ph_remove_and_free_node
                0x0000000010001780       0xa0 CMakeFiles/glove.dir/media/shared_drive/electronics/pico_git_stuff/pico-sdk/src/common/pico_util/pheap.c.obj
                0x0000000010001780                ph_remove_and_free_node
 .text.update_us_since_boot
                0x0000000010001820       0x24 CMakeFiles/glove.dir/media/shared_drive/electronics/pico_git_stuff/pico-sdk/src/common/pico_sync/mutex.c.obj
 .text.delayed_by_ms
                0x0000000010001844       0x46 CMakeFiles/glove.dir/media/shared_drive/electronics/pico_git_stuff/pico-sdk/src/common/pico_sync/mutex.c.obj
 .text.get_absolute_time
                0x000000001000188a       0x22 CMakeFiles/glove.dir/media/shared_drive/electronics/pico_git_stuff/pico-sdk/src/common/pico_sync/mutex.c.obj
 .text.make_timeout_time_ms
                0x00000000100018ac       0x20 CMakeFiles/glove.dir/media/shared_drive/electronics/pico_git_stuff/pico-sdk/src/common/pico_sync/mutex.c.obj
 .text.mutex_init
                0x00000000100018cc       0x1a CMakeFiles/glove.dir/media/shared_drive/electronics/pico_git_stuff/pico-sdk/src/common/pico_sync/mutex.c.obj
                0x00000000100018cc                mutex_init
 .text.recursive_mutex_init
                0x00000000100018e6       0x1e CMakeFiles/glove.dir/media/shared_drive/electronics/pico_git_stuff/pico-sdk/src/common/pico_sync/mutex.c.obj
                0x00000000100018e6                recursive_mutex_init
 .text.critical_section_init_with_lock_num
                0x0000000010001904       0x14 CMakeFiles/glove.dir/media/shared_drive/electronics/pico_git_stuff/pico-sdk/src/common/pico_sync/critical_section.c.obj
                0x0000000010001904                critical_section_init_with_lock_num
 .text.critical_section_init
                0x0000000010001918       0x14 CMakeFiles/glove.dir/media/shared_drive/electronics/pico_git_stuff/pico-sdk/src/common/pico_sync/critical_section.c.obj
                0x0000000010001918                critical_section_init
 .text._exit    0x000000001000192c        0x4 CMakeFiles/glove.dir/media/shared_drive/electronics/pico_git_stuff/pico-sdk/src/rp2_common/pico_runtime/runtime.c.obj
                0x000000001000192c                _exit
 .text.exit     0x0000000010001930        0x6 CMakeFiles/glove.dir/media/shared_drive/electronics/pico_git_stuff/pico-sdk/src/rp2_common/pico_runtime/runtime.c.obj
                0x0000000010001930                exit
 *fill*         0x0000000010001936        0x2 
 .text.__assert_func
                0x0000000010001938       0x38 CMakeFiles/glove.dir/media/shared_drive/electronics/pico_git_stuff/pico-sdk/src/rp2_common/pico_runtime/runtime.c.obj
                0x0000000010001938                __assert_func
 .text.runtime_init
                0x0000000010001970       0xf8 CMakeFiles/glove.dir/media/shared_drive/electronics/pico_git_stuff/pico-sdk/src/rp2_common/pico_runtime/runtime.c.obj
                0x0000000010001970                runtime_init
 .text.panic    0x0000000010001a68       0x30 CMakeFiles/glove.dir/media/shared_drive/electronics/pico_git_stuff/pico-sdk/src/rp2_common/pico_runtime/runtime.c.obj
                0x0000000010001a68                panic
 .text.clock_configure
                0x0000000010001a98      0x104 CMakeFiles/glove.dir/media/shared_drive/electronics/pico_git_stuff/pico-sdk/src/rp2_common/hardware_clocks/clocks.c.obj
                0x0000000010001a98                clock_configure
 .text.clocks_init
                0x0000000010001b9c      0x100 CMakeFiles/glove.dir/media/shared_drive/electronics/pico_git_stuff/pico-sdk/src/rp2_common/hardware_clocks/clocks.c.obj
                0x0000000010001b9c                clocks_init
 .text.pll_init
                0x0000000010001c9c      0x140 CMakeFiles/glove.dir/media/shared_drive/electronics/pico_git_stuff/pico-sdk/src/rp2_common/hardware_pll/pll.c.obj
                0x0000000010001c9c                pll_init
 .text.watchdog_start_tick
                0x0000000010001ddc       0x10 CMakeFiles/glove.dir/media/shared_drive/electronics/pico_git_stuff/pico-sdk/src/rp2_common/hardware_watchdog/watchdog.c.obj
                0x0000000010001ddc                watchdog_start_tick
 .text.xosc_init
                0x0000000010001dec       0x28 CMakeFiles/glove.dir/media/shared_drive/electronics/pico_git_stuff/pico-sdk/src/rp2_common/hardware_xosc/xosc.c.obj
                0x0000000010001dec                xosc_init
 .text._out_null
                0x0000000010001e14        0x2 CMakeFiles/glove.dir/media/shared_drive/electronics/pico_git_stuff/pico-sdk/src/rp2_common/pico_printf/printf.c.obj
 .text._out_fct
                0x0000000010001e16        0xe CMakeFiles/glove.dir/media/shared_drive/electronics/pico_git_stuff/pico-sdk/src/rp2_common/pico_printf/printf.c.obj
 .text._atoi    0x0000000010001e24       0x24 CMakeFiles/glove.dir/media/shared_drive/electronics/pico_git_stuff/pico-sdk/src/rp2_common/pico_printf/printf.c.obj
 .text._out_rev
                0x0000000010001e48       0xae CMakeFiles/glove.dir/media/shared_drive/electronics/pico_git_stuff/pico-sdk/src/rp2_common/pico_printf/printf.c.obj
 .text._ntoa_format
                0x0000000010001ef6      0x110 CMakeFiles/glove.dir/media/shared_drive/electronics/pico_git_stuff/pico-sdk/src/rp2_common/pico_printf/printf.c.obj
 .text._ntoa_long
                0x0000000010002006       0xbc CMakeFiles/glove.dir/media/shared_drive/electronics/pico_git_stuff/pico-sdk/src/rp2_common/pico_printf/printf.c.obj
 .text._ntoa_long_long
                0x00000000100020c2      0x10e CMakeFiles/glove.dir/media/shared_drive/electronics/pico_git_stuff/pico-sdk/src/rp2_common/pico_printf/printf.c.obj
 .text._etoa    0x00000000100021d0      0x420 CMakeFiles/glove.dir/media/shared_drive/electronics/pico_git_stuff/pico-sdk/src/rp2_common/pico_printf/printf.c.obj
 .text._ftoa    0x00000000100025f0      0x354 CMakeFiles/glove.dir/media/shared_drive/electronics/pico_git_stuff/pico-sdk/src/rp2_common/pico_printf/printf.c.obj
 .text._vsnprintf
                0x0000000010002944      0x65c CMakeFiles/glove.dir/media/shared_drive/electronics/pico_git_stuff/pico-sdk/src/rp2_common/pico_printf/printf.c.obj
 .text.vfctprintf
                0x0000000010002fa0       0x20 CMakeFiles/glove.dir/media/shared_drive/electronics/pico_git_stuff/pico-sdk/src/rp2_common/pico_printf/printf.c.obj
                0x0000000010002fa0                vfctprintf
 .text          0x0000000010002fc0       0x10 CMakeFiles/glove.dir/media/shared_drive/electronics/pico_git_stuff/pico-sdk/src/rp2_common/pico_bit_ops/bit_ops_aeabi.S.obj
 .text.rom_func_lookup
                0x0000000010002fd0       0x10 CMakeFiles/glove.dir/media/shared_drive/electronics/pico_git_stuff/pico-sdk/src/rp2_common/pico_bootrom/bootrom.c.obj
                0x0000000010002fd0                rom_func_lookup
 .text.rom_data_lookup
                0x0000000010002fe0       0x10 CMakeFiles/glove.dir/media/shared_drive/electronics/pico_git_stuff/pico-sdk/src/rp2_common/pico_bootrom/bootrom.c.obj
                0x0000000010002fe0                rom_data_lookup
 .text.rom_funcs_lookup
                0x0000000010002ff0       0x36 CMakeFiles/glove.dir/media/shared_drive/electronics/pico_git_stuff/pico-sdk/src/rp2_common/pico_bootrom/bootrom.c.obj
                0x0000000010002ff0                rom_funcs_lookup
 *fill*         0x0000000010003026        0x2 
 .text.__wrap___aeabi_idiv
                0x0000000010003028       0x50 CMakeFiles/glove.dir/media/shared_drive/electronics/pico_git_stuff/pico-sdk/src/rp2_common/pico_divider/divider.S.obj
                0x0000000010003028                __wrap___aeabi_idivmod
                0x0000000010003028                divmod_s32s32
                0x0000000010003028                div_s32s32
                0x0000000010003028                __wrap___aeabi_idiv
                0x0000000010003030                divmod_s32s32_unsafe
                0x000000001000305c                divmod_s32s32_savestate
 .text.__wrap___aeabi_uidiv
                0x0000000010003078       0x4c CMakeFiles/glove.dir/media/shared_drive/electronics/pico_git_stuff/pico-sdk/src/rp2_common/pico_divider/divider.S.obj
                0x0000000010003078                __wrap___aeabi_uidiv
                0x0000000010003078                __wrap___aeabi_uidivmod
                0x0000000010003078                div_u32u32
                0x0000000010003078                divmod_u32u32
                0x0000000010003080                divmod_u32u32_unsafe
                0x00000000100030a8                divmod_u32u32_savestate
 .text.__wrap___aeabi_ldiv
                0x00000000100030c4      0x434 CMakeFiles/glove.dir/media/shared_drive/electronics/pico_git_stuff/pico-sdk/src/rp2_common/pico_divider/divider.S.obj
                0x00000000100030c4                div_s64s64
                0x00000000100030c4                divmod_s64s64
                0x00000000100030c4                __wrap___aeabi_ldivmod
                0x00000000100030fc                div_u64u64
                0x00000000100030fc                divmod_u64u64
                0x00000000100030fc                __wrap___aeabi_uldivmod
                0x000000001000310c                divmod_u64u64_savestate
                0x0000000010003134                divmod_s64s64_unsafe
                0x00000000100031bc                divmod_u64u64_unsafe
 .text.__wrap___aeabi_darithmetic
                0x00000000100034f8       0x80 CMakeFiles/glove.dir/media/shared_drive/electronics/pico_git_stuff/pico-sdk/src/rp2_common/pico_double/double_aeabi.S.obj
                0x00000000100034f8                __wrap___aeabi_drsub
                0x00000000100034fe                __wrap___aeabi_dsub
                0x0000000010003510                __wrap___aeabi_dadd
                0x0000000010003522                __wrap___aeabi_ddiv
                0x000000001000355e                __wrap___aeabi_dmul
 .text.__wrap___aeabi_cdcmple
                0x0000000010003578       0x6c CMakeFiles/glove.dir/media/shared_drive/electronics/pico_git_stuff/pico-sdk/src/rp2_common/pico_double/double_aeabi.S.obj
                0x0000000010003578                __wrap___aeabi_cdrcmple
                0x0000000010003588                __wrap___aeabi_cdcmple
                0x0000000010003588                __wrap___aeabi_cdcmpeq
 .text.__wrap___aeabi_dcmplt
                0x00000000100035e4        0xc CMakeFiles/glove.dir/media/shared_drive/electronics/pico_git_stuff/pico-sdk/src/rp2_common/pico_double/double_aeabi.S.obj
                0x00000000100035e4                __wrap___aeabi_dcmplt
 .text.__wrap___aeabi_dcmple
                0x00000000100035f0       0x10 CMakeFiles/glove.dir/media/shared_drive/electronics/pico_git_stuff/pico-sdk/src/rp2_common/pico_double/double_aeabi.S.obj
                0x00000000100035f0                __wrap___aeabi_dcmple
 .text.__wrap___aeabi_dcmpge
                0x0000000010003600       0x10 CMakeFiles/glove.dir/media/shared_drive/electronics/pico_git_stuff/pico-sdk/src/rp2_common/pico_double/double_aeabi.S.obj
                0x0000000010003600                __wrap___aeabi_dcmpge
 .text.__wrap___aeabi_dcmpgt
                0x0000000010003610        0xa CMakeFiles/glove.dir/media/shared_drive/electronics/pico_git_stuff/pico-sdk/src/rp2_common/pico_double/double_aeabi.S.obj
                0x0000000010003610                __wrap___aeabi_dcmpgt
 .text.__wrap___aeabi_dcmpun
                0x000000001000361a       0x1c CMakeFiles/glove.dir/media/shared_drive/electronics/pico_git_stuff/pico-sdk/src/rp2_common/pico_double/double_aeabi.S.obj
                0x000000001000361a                __wrap___aeabi_dcmpun
 *fill*         0x0000000010003636        0x2 
 .text.__wrap___aeabi_i2d
                0x0000000010003638       0x38 CMakeFiles/glove.dir/media/shared_drive/electronics/pico_git_stuff/pico-sdk/src/rp2_common/pico_double/double_aeabi.S.obj
                0x0000000010003638                __wrap___aeabi_ui2d
                0x0000000010003640                __wrap___aeabi_i2d
 .text.__wrap___aeabi_d2iz
                0x0000000010003670       0x48 CMakeFiles/glove.dir/media/shared_drive/electronics/pico_git_stuff/pico-sdk/src/rp2_common/pico_double/double_aeabi.S.obj
                0x0000000010003670                __wrap___aeabi_d2iz
                0x0000000010003670                double2int_z
 .text.__wrap___aeabi_d2uiz
                0x00000000100036b8       0x18 CMakeFiles/glove.dir/media/shared_drive/electronics/pico_git_stuff/pico-sdk/src/rp2_common/pico_double/double_aeabi.S.obj
                0x00000000100036b8                double2uint
                0x00000000100036b8                __wrap___aeabi_d2uiz
 .text.__aeabi_double_init
                0x00000000100036d0       0xcc CMakeFiles/glove.dir/media/shared_drive/electronics/pico_git_stuff/pico-sdk/src/rp2_common/pico_double/double_init_rom.c.obj
                0x00000000100036d0                __aeabi_double_init
 .text.double_table_shim_on_use_helper
                0x000000001000379c       0x34 CMakeFiles/glove.dir/media/shared_drive/electronics/pico_git_stuff/pico-sdk/src/rp2_common/pico_double/double_v1_rom_shim.S.obj
                0x000000001000379c                double_table_shim_on_use_helper
 .text.__wrap___aeabi_dsub
                0x00000000100037d0       0x10 CMakeFiles/glove.dir/media/shared_drive/electronics/pico_git_stuff/pico-sdk/src/rp2_common/pico_double/double_v1_rom_shim.S.obj
                0x00000000100037d0                drsub_shim
                0x00000000100037d6                dsub_shim
 .text.dadd_shim
                0x00000000100037e0      0x15c CMakeFiles/glove.dir/media/shared_drive/electronics/pico_git_stuff/pico-sdk/src/rp2_common/pico_double/double_v1_rom_shim.S.obj
                0x00000000100037e0                dadd_shim
 .text.dmul_shim
                0x000000001000393c      0x15c CMakeFiles/glove.dir/media/shared_drive/electronics/pico_git_stuff/pico-sdk/src/rp2_common/pico_double/double_v1_rom_shim.S.obj
                0x000000001000393c                dmul_shim
 .text.ddiv_shim
                0x0000000010003a98      0x1b0 CMakeFiles/glove.dir/media/shared_drive/electronics/pico_git_stuff/pico-sdk/src/rp2_common/pico_double/double_v1_rom_shim.S.obj
                0x0000000010003a98                ddiv_shim
 .text.double2uint_shim
                0x0000000010003c48        0xe CMakeFiles/glove.dir/media/shared_drive/electronics/pico_git_stuff/pico-sdk/src/rp2_common/pico_double/double_v1_rom_shim.S.obj
                0x0000000010003c48                double2uint_shim
                0x0000000010003c4a                double2ufix_shim
 *fill*         0x0000000010003c56        0x2 
 .text.double2uint64_shim
                0x0000000010003c58       0x70 CMakeFiles/glove.dir/media/shared_drive/electronics/pico_git_stuff/pico-sdk/src/rp2_common/pico_double/double_v1_rom_shim.S.obj
                0x0000000010003c58                double2uint64_shim
                0x0000000010003c5a                double2ufix64_shim
                0x0000000010003c7a                d2fix_a
 .text.dunpacks
                0x0000000010003cc8       0x3c CMakeFiles/glove.dir/media/shared_drive/electronics/pico_git_stuff/pico-sdk/src/rp2_common/pico_double/double_v1_rom_shim.S.obj
                0x0000000010003cc8                dunpacks
 .text.__aeabi_lmul
                0x0000000010003d04       0x32 CMakeFiles/glove.dir/media/shared_drive/electronics/pico_git_stuff/pico-sdk/src/rp2_common/pico_int64_ops/pico_int64_ops_aeabi.S.obj
                0x0000000010003d04                __wrap___aeabi_lmul
 *fill*         0x0000000010003d36        0x2 
 .text.__aeabi_float_init
                0x0000000010003d38       0xfc CMakeFiles/glove.dir/media/shared_drive/electronics/pico_git_stuff/pico-sdk/src/rp2_common/pico_float/float_init_rom.c.obj
                0x0000000010003d38                __aeabi_float_init
 .text.float_table_shim_on_use_helper
                0x0000000010003e34       0x34 CMakeFiles/glove.dir/media/shared_drive/electronics/pico_git_stuff/pico-sdk/src/rp2_common/pico_float/float_v1_rom_shim.S.obj
                0x0000000010003e34                float_table_shim_on_use_helper
 .text          0x0000000010003e68       0x10 CMakeFiles/glove.dir/media/shared_drive/electronics/pico_git_stuff/pico-sdk/src/rp2_common/pico_mem_ops/mem_ops_aeabi.S.obj
                0x0000000010003e68                __aeabi_mem_init
 .text.memset   0x0000000010003e78        0xc CMakeFiles/glove.dir/media/shared_drive/electronics/pico_git_stuff/pico-sdk/src/rp2_common/pico_mem_ops/mem_ops_aeabi.S.obj
                0x0000000010003e78                __wrap_memset
 .text.memcpy   0x0000000010003e84        0xc CMakeFiles/glove.dir/media/shared_drive/electronics/pico_git_stuff/pico-sdk/src/rp2_common/pico_mem_ops/mem_ops_aeabi.S.obj
                0x0000000010003e84                __wrap___aeabi_memcpy
                0x0000000010003e84                __wrap_memcpy
 .text.stdio_out_chars_no_crlf
                0x0000000010003e90        0xe CMakeFiles/glove.dir/media/shared_drive/electronics/pico_git_stuff/pico-sdk/src/rp2_common/pico_stdio/stdio.c.obj
 *fill*         0x0000000010003e9e        0x2 
 .text.stdio_out_chars_crlf
                0x0000000010003ea0       0x80 CMakeFiles/glove.dir/media/shared_drive/electronics/pico_git_stuff/pico-sdk/src/rp2_common/pico_stdio/stdio.c.obj
 .text.stdio_stack_buffer_flush
                0x0000000010003f20       0x44 CMakeFiles/glove.dir/media/shared_drive/electronics/pico_git_stuff/pico-sdk/src/rp2_common/pico_stdio/stdio.c.obj
 .text.stdio_buffered_printer
                0x0000000010003f64       0x20 CMakeFiles/glove.dir/media/shared_drive/electronics/pico_git_stuff/pico-sdk/src/rp2_common/pico_stdio/stdio.c.obj
 .text.stdout_serialize_begin
                0x0000000010003f84       0x30 CMakeFiles/glove.dir/media/shared_drive/electronics/pico_git_stuff/pico-sdk/src/rp2_common/pico_stdio/stdio.c.obj
                0x0000000010003f84                stdout_serialize_begin
 .text.stdout_serialize_end
                0x0000000010003fb4       0x10 CMakeFiles/glove.dir/media/shared_drive/electronics/pico_git_stuff/pico-sdk/src/rp2_common/pico_stdio/stdio.c.obj
                0x0000000010003fb4                stdout_serialize_end
 .text.stdio_put_string
                0x0000000010003fc4       0x98 CMakeFiles/glove.dir/media/shared_drive/electronics/pico_git_stuff/pico-sdk/src/rp2_common/pico_stdio/stdio.c.obj
 .text.stdio_flush
                0x000000001000405c       0x20 CMakeFiles/glove.dir/media/shared_drive/electronics/pico_git_stuff/pico-sdk/src/rp2_common/pico_stdio/stdio.c.obj
                0x000000001000405c                stdio_flush
 .text.__wrap_puts
                0x000000001000407c       0x1e CMakeFiles/glove.dir/media/shared_drive/electronics/pico_git_stuff/pico-sdk/src/rp2_common/pico_stdio/stdio.c.obj
                0x000000001000407c                __wrap_puts
 *fill*         0x000000001000409a        0x2 
 .text.__wrap_vprintf
                0x000000001000409c       0x44 CMakeFiles/glove.dir/media/shared_drive/electronics/pico_git_stuff/pico-sdk/src/rp2_common/pico_stdio/stdio.c.obj
                0x000000001000409c                __wrap_vprintf
 .text.__wrap_printf
                0x00000000100040e0       0x18 CMakeFiles/glove.dir/media/shared_drive/electronics/pico_git_stuff/pico-sdk/src/rp2_common/pico_stdio/stdio.c.obj
                0x00000000100040e0                __wrap_printf
 .text.hw_endpoint_get_by_addr
                0x00000000100040f8       0x18 CMakeFiles/glove.dir/media/shared_drive/electronics/pico_git_stuff/pico-sdk/lib/tinyusb/src/portable/raspberrypi/rp2040/dcd_rp2040.c.obj
 .text.reset_ep0_pid
                0x0000000010004110       0x28 CMakeFiles/glove.dir/media/shared_drive/electronics/pico_git_stuff/pico-sdk/lib/tinyusb/src/portable/raspberrypi/rp2040/dcd_rp2040.c.obj
 .text._hw_endpoint_alloc
                0x0000000010004138       0x70 CMakeFiles/glove.dir/media/shared_drive/electronics/pico_git_stuff/pico-sdk/lib/tinyusb/src/portable/raspberrypi/rp2040/dcd_rp2040.c.obj
 .text.hw_endpoint_init
                0x00000000100041a8       0x88 CMakeFiles/glove.dir/media/shared_drive/electronics/pico_git_stuff/pico-sdk/lib/tinyusb/src/portable/raspberrypi/rp2040/dcd_rp2040.c.obj
 .text.reset_non_control_endpoints
                0x0000000010004230       0x40 CMakeFiles/glove.dir/media/shared_drive/electronics/pico_git_stuff/pico-sdk/lib/tinyusb/src/portable/raspberrypi/rp2040/dcd_rp2040.c.obj
 .text.hw_handle_buff_status
                0x0000000010004270       0x8c CMakeFiles/glove.dir/media/shared_drive/electronics/pico_git_stuff/pico-sdk/lib/tinyusb/src/portable/raspberrypi/rp2040/dcd_rp2040.c.obj
 .text.dcd_rp2040_irq
                0x00000000100042fc       0xc0 CMakeFiles/glove.dir/media/shared_drive/electronics/pico_git_stuff/pico-sdk/lib/tinyusb/src/portable/raspberrypi/rp2040/dcd_rp2040.c.obj
 .text.hw_endpoint_xfer
                0x00000000100043bc       0x14 CMakeFiles/glove.dir/media/shared_drive/electronics/pico_git_stuff/pico-sdk/lib/tinyusb/src/portable/raspberrypi/rp2040/dcd_rp2040.c.obj
 .text.dcd_int_enable
                0x00000000100043d0       0x2c CMakeFiles/glove.dir/media/shared_drive/electronics/pico_git_stuff/pico-sdk/lib/tinyusb/src/portable/raspberrypi/rp2040/dcd_rp2040.c.obj
                0x00000000100043d0                dcd_int_enable
 .text.dcd_set_address
                0x00000000100043fc       0x2c CMakeFiles/glove.dir/media/shared_drive/electronics/pico_git_stuff/pico-sdk/lib/tinyusb/src/portable/raspberrypi/rp2040/dcd_rp2040.c.obj
                0x00000000100043fc                dcd_set_address
 .text.dcd_connect
                0x0000000010004428       0x10 CMakeFiles/glove.dir/media/shared_drive/electronics/pico_git_stuff/pico-sdk/lib/tinyusb/src/portable/raspberrypi/rp2040/dcd_rp2040.c.obj
                0x0000000010004428                dcd_connect
 .text.dcd_init
                0x0000000010004438       0x7c CMakeFiles/glove.dir/media/shared_drive/electronics/pico_git_stuff/pico-sdk/lib/tinyusb/src/portable/raspberrypi/rp2040/dcd_rp2040.c.obj
                0x0000000010004438                dcd_init
 .text.dcd_edpt0_status_complete
                0x00000000100044b4       0x1c CMakeFiles/glove.dir/media/shared_drive/electronics/pico_git_stuff/pico-sdk/lib/tinyusb/src/portable/raspberrypi/rp2040/dcd_rp2040.c.obj
                0x00000000100044b4                dcd_edpt0_status_complete
 .text.dcd_edpt_open
                0x00000000100044d0       0x40 CMakeFiles/glove.dir/media/shared_drive/electronics/pico_git_stuff/pico-sdk/lib/tinyusb/src/portable/raspberrypi/rp2040/dcd_rp2040.c.obj
                0x00000000100044d0                dcd_edpt_open
 .text.dcd_edpt_close_all
                0x0000000010004510        0x8 CMakeFiles/glove.dir/media/shared_drive/electronics/pico_git_stuff/pico-sdk/lib/tinyusb/src/portable/raspberrypi/rp2040/dcd_rp2040.c.obj
                0x0000000010004510                dcd_edpt_close_all
 .text.dcd_edpt_xfer
                0x0000000010004518       0x30 CMakeFiles/glove.dir/media/shared_drive/electronics/pico_git_stuff/pico-sdk/lib/tinyusb/src/portable/raspberrypi/rp2040/dcd_rp2040.c.obj
                0x0000000010004518                dcd_edpt_xfer
 .text.dcd_edpt_stall
                0x0000000010004548       0x2c CMakeFiles/glove.dir/media/shared_drive/electronics/pico_git_stuff/pico-sdk/lib/tinyusb/src/portable/raspberrypi/rp2040/dcd_rp2040.c.obj
                0x0000000010004548                dcd_edpt_stall
 .text.dcd_edpt_clear_stall
                0x0000000010004574       0x20 CMakeFiles/glove.dir/media/shared_drive/electronics/pico_git_stuff/pico-sdk/lib/tinyusb/src/portable/raspberrypi/rp2040/dcd_rp2040.c.obj
                0x0000000010004574                dcd_edpt_clear_stall
 .text.prepare_ep_buffer
                0x0000000010004594       0x6c CMakeFiles/glove.dir/media/shared_drive/electronics/pico_git_stuff/pico-sdk/lib/tinyusb/src/portable/raspberrypi/rp2040/rp2040_usb.c.obj
 .text.sync_ep_buffer
                0x0000000010004600       0x78 CMakeFiles/glove.dir/media/shared_drive/electronics/pico_git_stuff/pico-sdk/lib/tinyusb/src/portable/raspberrypi/rp2040/rp2040_usb.c.obj
 .text._hw_endpoint_xfer_sync
                0x0000000010004678       0x28 CMakeFiles/glove.dir/media/shared_drive/electronics/pico_git_stuff/pico-sdk/lib/tinyusb/src/portable/raspberrypi/rp2040/rp2040_usb.c.obj
 .text.rp2040_usb_init
                0x00000000100046a0       0x4c CMakeFiles/glove.dir/media/shared_drive/electronics/pico_git_stuff/pico-sdk/lib/tinyusb/src/portable/raspberrypi/rp2040/rp2040_usb.c.obj
                0x00000000100046a0                rp2040_usb_init
 .text.hw_endpoint_reset_transfer
                0x00000000100046ec        0xc CMakeFiles/glove.dir/media/shared_drive/electronics/pico_git_stuff/pico-sdk/lib/tinyusb/src/portable/raspberrypi/rp2040/rp2040_usb.c.obj
                0x00000000100046ec                hw_endpoint_reset_transfer
 .text._hw_endpoint_buffer_control_update32
                0x00000000100046f8       0x58 CMakeFiles/glove.dir/media/shared_drive/electronics/pico_git_stuff/pico-sdk/lib/tinyusb/src/portable/raspberrypi/rp2040/rp2040_usb.c.obj
                0x00000000100046f8                _hw_endpoint_buffer_control_update32
 .text._hw_endpoint_start_next_buffer
                0x0000000010004750       0x74 CMakeFiles/glove.dir/media/shared_drive/electronics/pico_git_stuff/pico-sdk/lib/tinyusb/src/portable/raspberrypi/rp2040/rp2040_usb.c.obj
 .text.hw_endpoint_xfer_start
                0x00000000100047c4       0x48 CMakeFiles/glove.dir/media/shared_drive/electronics/pico_git_stuff/pico-sdk/lib/tinyusb/src/portable/raspberrypi/rp2040/rp2040_usb.c.obj
                0x00000000100047c4                hw_endpoint_xfer_start
 .text.hw_endpoint_xfer_continue
                0x000000001000480c       0x38 CMakeFiles/glove.dir/media/shared_drive/electronics/pico_git_stuff/pico-sdk/lib/tinyusb/src/portable/raspberrypi/rp2040/rp2040_usb.c.obj
                0x000000001000480c                hw_endpoint_xfer_continue
 .text.configuration_reset
                0x0000000010004844       0x84 CMakeFiles/glove.dir/media/shared_drive/electronics/pico_git_stuff/pico-sdk/lib/tinyusb/src/device/usbd.c.obj
 .text.osal_queue_receive
                0x00000000100048c8       0x30 CMakeFiles/glove.dir/media/shared_drive/electronics/pico_git_stuff/pico-sdk/lib/tinyusb/src/device/usbd.c.obj
 .text.usbd_reset
                0x00000000100048f8        0xc CMakeFiles/glove.dir/media/shared_drive/electronics/pico_git_stuff/pico-sdk/lib/tinyusb/src/device/usbd.c.obj
 .text.invoke_class_control
                0x0000000010004904       0x1a CMakeFiles/glove.dir/media/shared_drive/electronics/pico_git_stuff/pico-sdk/lib/tinyusb/src/device/usbd.c.obj
 *fill*         0x000000001000491e        0x2 
 .text.process_set_config
                0x0000000010004920      0x18c CMakeFiles/glove.dir/media/shared_drive/electronics/pico_git_stuff/pico-sdk/lib/tinyusb/src/device/usbd.c.obj
 .text.process_get_descriptor
                0x0000000010004aac       0xec CMakeFiles/glove.dir/media/shared_drive/electronics/pico_git_stuff/pico-sdk/lib/tinyusb/src/device/usbd.c.obj
 .text.osal_queue_send
                0x0000000010004b98       0x4c CMakeFiles/glove.dir/media/shared_drive/electronics/pico_git_stuff/pico-sdk/lib/tinyusb/src/device/usbd.c.obj
 .text.tud_inited
                0x0000000010004be4        0xc CMakeFiles/glove.dir/media/shared_drive/electronics/pico_git_stuff/pico-sdk/lib/tinyusb/src/device/usbd.c.obj
                0x0000000010004be4                tud_inited
 .text.tud_init
                0x0000000010004bf0       0xcc CMakeFiles/glove.dir/media/shared_drive/electronics/pico_git_stuff/pico-sdk/lib/tinyusb/src/device/usbd.c.obj
                0x0000000010004bf0                tud_init
 .text.dcd_event_handler
                0x0000000010004cbc       0xd4 CMakeFiles/glove.dir/media/shared_drive/electronics/pico_git_stuff/pico-sdk/lib/tinyusb/src/device/usbd.c.obj
                0x0000000010004cbc                dcd_event_handler
 .text.dcd_event_bus_signal
                0x0000000010004d90       0x26 CMakeFiles/glove.dir/media/shared_drive/electronics/pico_git_stuff/pico-sdk/lib/tinyusb/src/device/usbd.c.obj
                0x0000000010004d90                dcd_event_bus_signal
 .text.dcd_event_bus_reset
                0x0000000010004db6       0x2a CMakeFiles/glove.dir/media/shared_drive/electronics/pico_git_stuff/pico-sdk/lib/tinyusb/src/device/usbd.c.obj
                0x0000000010004db6                dcd_event_bus_reset
 .text.dcd_event_setup_received
                0x0000000010004de0       0x34 CMakeFiles/glove.dir/media/shared_drive/electronics/pico_git_stuff/pico-sdk/lib/tinyusb/src/device/usbd.c.obj
                0x0000000010004de0                dcd_event_setup_received
 .text.dcd_event_xfer_complete
                0x0000000010004e14       0x44 CMakeFiles/glove.dir/media/shared_drive/electronics/pico_git_stuff/pico-sdk/lib/tinyusb/src/device/usbd.c.obj
                0x0000000010004e14                dcd_event_xfer_complete
 .text.usbd_edpt_open
                0x0000000010004e58       0x58 CMakeFiles/glove.dir/media/shared_drive/electronics/pico_git_stuff/pico-sdk/lib/tinyusb/src/device/usbd.c.obj
                0x0000000010004e58                usbd_edpt_open
 .text.usbd_open_edpt_pair
                0x0000000010004eb0       0x8c CMakeFiles/glove.dir/media/shared_drive/electronics/pico_git_stuff/pico-sdk/lib/tinyusb/src/device/usbd.c.obj
                0x0000000010004eb0                usbd_open_edpt_pair
 .text.usbd_edpt_xfer
                0x0000000010004f3c       0x80 CMakeFiles/glove.dir/media/shared_drive/electronics/pico_git_stuff/pico-sdk/lib/tinyusb/src/device/usbd.c.obj
                0x0000000010004f3c                usbd_edpt_xfer
 .text.usbd_edpt_stall
                0x0000000010004fbc       0x40 CMakeFiles/glove.dir/media/shared_drive/electronics/pico_git_stuff/pico-sdk/lib/tinyusb/src/device/usbd.c.obj
                0x0000000010004fbc                usbd_edpt_stall
 .text.usbd_edpt_clear_stall
                0x0000000010004ffc       0x40 CMakeFiles/glove.dir/media/shared_drive/electronics/pico_git_stuff/pico-sdk/lib/tinyusb/src/device/usbd.c.obj
                0x0000000010004ffc                usbd_edpt_clear_stall
 .text.usbd_edpt_stalled
                0x000000001000503c       0x1c CMakeFiles/glove.dir/media/shared_drive/electronics/pico_git_stuff/pico-sdk/lib/tinyusb/src/device/usbd.c.obj
                0x000000001000503c                usbd_edpt_stalled
 .text.process_control_request
                0x0000000010005058      0x3b0 CMakeFiles/glove.dir/media/shared_drive/electronics/pico_git_stuff/pico-sdk/lib/tinyusb/src/device/usbd.c.obj
 .text.tud_task
                0x0000000010005408      0x1f0 CMakeFiles/glove.dir/media/shared_drive/electronics/pico_git_stuff/pico-sdk/lib/tinyusb/src/device/usbd.c.obj
                0x0000000010005408                tud_task
 .text._status_stage_xact
                0x00000000100055f8       0x1a CMakeFiles/glove.dir/media/shared_drive/electronics/pico_git_stuff/pico-sdk/lib/tinyusb/src/device/usbd_control.c.obj
 *fill*         0x0000000010005612        0x2 
 .text._data_stage_xact
                0x0000000010005614       0x58 CMakeFiles/glove.dir/media/shared_drive/electronics/pico_git_stuff/pico-sdk/lib/tinyusb/src/device/usbd_control.c.obj
 .text.tud_control_status
                0x000000001000566c       0x28 CMakeFiles/glove.dir/media/shared_drive/electronics/pico_git_stuff/pico-sdk/lib/tinyusb/src/device/usbd_control.c.obj
                0x000000001000566c                tud_control_status
 .text.tud_control_xfer
                0x0000000010005694       0x98 CMakeFiles/glove.dir/media/shared_drive/electronics/pico_git_stuff/pico-sdk/lib/tinyusb/src/device/usbd_control.c.obj
                0x0000000010005694                tud_control_xfer
 .text.usbd_control_reset
                0x000000001000572c       0x14 CMakeFiles/glove.dir/media/shared_drive/electronics/pico_git_stuff/pico-sdk/lib/tinyusb/src/device/usbd_control.c.obj
                0x000000001000572c                usbd_control_reset
 .text.usbd_control_set_complete_callback
                0x0000000010005740        0xc CMakeFiles/glove.dir/media/shared_drive/electronics/pico_git_stuff/pico-sdk/lib/tinyusb/src/device/usbd_control.c.obj
                0x0000000010005740                usbd_control_set_complete_callback
 .text.usbd_control_set_request
                0x000000001000574c       0x1c CMakeFiles/glove.dir/media/shared_drive/electronics/pico_git_stuff/pico-sdk/lib/tinyusb/src/device/usbd_control.c.obj
                0x000000001000574c                usbd_control_set_request
 .text.usbd_control_xfer_cb
                0x0000000010005768       0xe8 CMakeFiles/glove.dir/media/shared_drive/electronics/pico_git_stuff/pico-sdk/lib/tinyusb/src/device/usbd_control.c.obj
                0x0000000010005768                usbd_control_xfer_cb
 .text.hidd_reset
                0x0000000010005850       0x14 CMakeFiles/glove.dir/media/shared_drive/electronics/pico_git_stuff/pico-sdk/lib/tinyusb/src/class/hid/hid_device.c.obj
                0x0000000010005850                hidd_reset
 .text.hidd_init
                0x0000000010005864        0xa CMakeFiles/glove.dir/media/shared_drive/electronics/pico_git_stuff/pico-sdk/lib/tinyusb/src/class/hid/hid_device.c.obj
                0x0000000010005864                hidd_init
 *fill*         0x000000001000586e        0x2 
 .text.hidd_open
                0x0000000010005870       0xf8 CMakeFiles/glove.dir/media/shared_drive/electronics/pico_git_stuff/pico-sdk/lib/tinyusb/src/class/hid/hid_device.c.obj
                0x0000000010005870                hidd_open
 .text.hidd_control_xfer_cb
                0x0000000010005968      0x290 CMakeFiles/glove.dir/media/shared_drive/electronics/pico_git_stuff/pico-sdk/lib/tinyusb/src/class/hid/hid_device.c.obj
                0x0000000010005968                hidd_control_xfer_cb
 .text.hidd_xfer_cb
                0x0000000010005bf8       0xa8 CMakeFiles/glove.dir/media/shared_drive/electronics/pico_git_stuff/pico-sdk/lib/tinyusb/src/class/hid/hid_device.c.obj
                0x0000000010005bf8                hidd_xfer_cb
 .text.tusb_init
                0x0000000010005ca0       0x24 CMakeFiles/glove.dir/media/shared_drive/electronics/pico_git_stuff/pico-sdk/lib/tinyusb/src/tusb.c.obj
                0x0000000010005ca0                tusb_init
 .text.tusb_inited
                0x0000000010005cc4        0xe CMakeFiles/glove.dir/media/shared_drive/electronics/pico_git_stuff/pico-sdk/lib/tinyusb/src/tusb.c.obj
                0x0000000010005cc4                tusb_inited
 *fill*         0x0000000010005cd2        0x2 
 .text.tu_edpt_validate
                0x0000000010005cd4       0xa8 CMakeFiles/glove.dir/media/shared_drive/electronics/pico_git_stuff/pico-sdk/lib/tinyusb/src/tusb.c.obj
                0x0000000010005cd4                tu_edpt_validate
 .text.tu_edpt_bind_driver
                0x0000000010005d7c       0x2a CMakeFiles/glove.dir/media/shared_drive/electronics/pico_git_stuff/pico-sdk/lib/tinyusb/src/tusb.c.obj
                0x0000000010005d7c                tu_edpt_bind_driver
 .text.advance_pointer
                0x0000000010005da6       0x18 CMakeFiles/glove.dir/media/shared_drive/electronics/pico_git_stuff/pico-sdk/lib/tinyusb/src/common/tusb_fifo.c.obj
 .text.backward_pointer
                0x0000000010005dbe       0x1e CMakeFiles/glove.dir/media/shared_drive/electronics/pico_git_stuff/pico-sdk/lib/tinyusb/src/common/tusb_fifo.c.obj
 .text.get_relative_pointer
                0x0000000010005ddc       0x10 CMakeFiles/glove.dir/media/shared_drive/electronics/pico_git_stuff/pico-sdk/lib/tinyusb/src/common/tusb_fifo.c.obj
 .text._tu_fifo_peek
                0x0000000010005dec       0x50 CMakeFiles/glove.dir/media/shared_drive/electronics/pico_git_stuff/pico-sdk/lib/tinyusb/src/common/tusb_fifo.c.obj
 .text.tu_fifo_read
                0x0000000010005e3c       0x42 CMakeFiles/glove.dir/media/shared_drive/electronics/pico_git_stuff/pico-sdk/lib/tinyusb/src/common/tusb_fifo.c.obj
                0x0000000010005e3c                tu_fifo_read
 .text.tu_fifo_write
                0x0000000010005e7e       0x6a CMakeFiles/glove.dir/media/shared_drive/electronics/pico_git_stuff/pico-sdk/lib/tinyusb/src/common/tusb_fifo.c.obj
                0x0000000010005e7e                tu_fifo_write
 .text.tu_fifo_clear
                0x0000000010005ee8       0x4c CMakeFiles/glove.dir/media/shared_drive/electronics/pico_git_stuff/pico-sdk/lib/tinyusb/src/common/tusb_fifo.c.obj
                0x0000000010005ee8                tu_fifo_clear
 .text.atexit   0x0000000010005f34       0x10 /usr/lib/gcc/arm-none-eabi/12.2.0/../../../../arm-none-eabi/lib/thumb/v6-m/nofp/libg.a(lib_a-atexit.o)
                0x0000000010005f34                atexit
 .text.__libc_fini_array
                0x0000000010005f44       0x28 /usr/lib/gcc/arm-none-eabi/12.2.0/../../../../arm-none-eabi/lib/thumb/v6-m/nofp/libg.a(lib_a-fini.o)
                0x0000000010005f44                __libc_fini_array
 .text.strlen   0x0000000010005f6c       0x5c /usr/lib/gcc/arm-none-eabi/12.2.0/../../../../arm-none-eabi/lib/thumb/v6-m/nofp/libg.a(lib_a-strlen-stub.o)
                0x0000000010005f6c                strlen
 .text.__register_exitproc
                0x0000000010005fc8       0xac /usr/lib/gcc/arm-none-eabi/12.2.0/../../../../arm-none-eabi/lib/thumb/v6-m/nofp/libg.a(lib_a-__atexit.o)
                0x0000000010005fc8                __register_exitproc
 .text.startup.register_fini
                0x0000000010006074       0x18 /usr/lib/gcc/arm-none-eabi/12.2.0/../../../../arm-none-eabi/lib/thumb/v6-m/nofp/libg.a(lib_a-__call_atexit.o)
 .text.__retarget_lock_acquire_recursive
                0x000000001000608c        0x4 /usr/lib/gcc/arm-none-eabi/12.2.0/../../../../arm-none-eabi/lib/thumb/v6-m/nofp/libg.a(lib_a-lock.o)
                0x000000001000608c                __retarget_lock_acquire_recursive
 .text.__retarget_lock_release_recursive
                0x0000000010006090        0x4 /usr/lib/gcc/arm-none-eabi/12.2.0/../../../../arm-none-eabi/lib/thumb/v6-m/nofp/libg.a(lib_a-lock.o)
                0x0000000010006090                __retarget_lock_release_recursive
 *(.fini)
 .fini          0x0000000010006094        0x4 /usr/lib/gcc/arm-none-eabi/12.2.0/thumb/v6-m/nofp/crti.o
                0x0000000010006094                _fini
 .fini.__stub   0x0000000010006098       0x60 linker stubs
 *crtbegin.o(.ctors)
 *crtbegin?.o(.ctors)
 *(EXCLUDE_FILE(*crtend.o *crtend?.o) .ctors)
 *(SORT_BY_NAME(.ctors.*))
 *(.ctors)
 *crtbegin.o(.dtors)
 *crtbegin?.o(.dtors)
 *(EXCLUDE_FILE(*crtend.o *crtend?.o) .dtors)
 *(SORT_BY_NAME(.dtors.*))
 *(.dtors)
 *(.eh_frame*)
 .eh_frame      0x00000000100060f8        0x0 /usr/lib/gcc/arm-none-eabi/12.2.0/thumb/v6-m/nofp/crtbegin.o
                0x00000000100060f8                . = ALIGN (0x4)

.glue_7         0x00000000100060f8        0x0
 .glue_7        0x00000000100060f8        0x0 linker stubs

.glue_7t        0x00000000100060f8        0x0
 .glue_7t       0x00000000100060f8        0x0 linker stubs

.vfp11_veneer   0x00000000100060f8        0x0
 .vfp11_veneer  0x00000000100060f8        0x0 linker stubs

.v4_bx          0x00000000100060f8        0x0
 .v4_bx         0x00000000100060f8        0x0 linker stubs

.iplt           0x00000000100060f8        0x0
 .iplt          0x00000000100060f8        0x0 /usr/lib/gcc/arm-none-eabi/12.2.0/thumb/v6-m/nofp/crtbegin.o

.rodata         0x00000000100060f8     0x1588
 *(EXCLUDE_FILE(*libm.a: *libc.a:*lib_a-mem*.o *libgcc.a:) .rodata*)
 .rodata.str1.4
                0x00000000100060f8       0x28 CMakeFiles/glove.dir/usb_descriptors.c.obj
 .rodata.__compound_literal.0
                0x0000000010006120        0x2 CMakeFiles/glove.dir/usb_descriptors.c.obj
 *fill*         0x0000000010006122        0x2 
 .rodata.desc_configuration
                0x0000000010006124       0x22 CMakeFiles/glove.dir/usb_descriptors.c.obj
                0x0000000010006124                desc_configuration
 *fill*         0x0000000010006146        0x2 
 .rodata.desc_hid_report
                0x0000000010006148       0xef CMakeFiles/glove.dir/usb_descriptors.c.obj
                0x0000000010006148                desc_hid_report
 *fill*         0x0000000010006237        0x1 
 .rodata.desc_device
                0x0000000010006238       0x12 CMakeFiles/glove.dir/usb_descriptors.c.obj
                0x0000000010006238                desc_device
 *fill*         0x000000001000624a        0x2 
 .rodata.spin_lock_claim_unused.str1.4
                0x000000001000624c       0x1b CMakeFiles/glove.dir/media/shared_drive/electronics/pico_git_stuff/pico-sdk/src/rp2_common/hardware_sync/sync.c.obj
 *fill*         0x0000000010006267        0x1 
 .rodata.resolve_branch.str1.4
                0x0000000010006268       0x72 CMakeFiles/glove.dir/media/shared_drive/electronics/pico_git_stuff/pico-sdk/src/rp2_common/hardware_irq/irq.c.obj
 *fill*         0x00000000100062da        0x2 
 .rodata.make_branch.str1.4
                0x00000000100062dc       0x30 CMakeFiles/glove.dir/media/shared_drive/electronics/pico_git_stuff/pico-sdk/src/rp2_common/hardware_irq/irq.c.obj
 .rodata.insert_branch_and_link.str1.4
                0x000000001000630c       0x10 CMakeFiles/glove.dir/media/shared_drive/electronics/pico_git_stuff/pico-sdk/src/rp2_common/hardware_irq/irq.c.obj
 .rodata.irq_set_exclusive_handler.str1.4
                0x000000001000631c       0x36 CMakeFiles/glove.dir/media/shared_drive/electronics/pico_git_stuff/pico-sdk/src/rp2_common/hardware_irq/irq.c.obj
 *fill*         0x0000000010006352        0x2 
 .rodata.irq_remove_handler.str1.4
                0x0000000010006354       0x2a CMakeFiles/glove.dir/media/shared_drive/electronics/pico_git_stuff/pico-sdk/src/rp2_common/hardware_irq/irq.c.obj
 *fill*         0x000000001000637e        0x2 
 .rodata.irq_add_tail_to_free_list.str1.4
                0x0000000010006380       0x3a CMakeFiles/glove.dir/media/shared_drive/electronics/pico_git_stuff/pico-sdk/src/rp2_common/hardware_irq/irq.c.obj
 *fill*         0x00000000100063ba        0x2 
 .rodata.__func__.0
                0x00000000100063bc       0x1a CMakeFiles/glove.dir/media/shared_drive/electronics/pico_git_stuff/pico-sdk/src/rp2_common/hardware_irq/irq.c.obj
 *fill*         0x00000000100063d6        0x2 
 .rodata.__func__.1
                0x00000000100063d8       0x17 CMakeFiles/glove.dir/media/shared_drive/electronics/pico_git_stuff/pico-sdk/src/rp2_common/hardware_irq/irq.c.obj
 *fill*         0x00000000100063ef        0x1 
 .rodata.__func__.2
                0x00000000100063f0       0x13 CMakeFiles/glove.dir/media/shared_drive/electronics/pico_git_stuff/pico-sdk/src/rp2_common/hardware_irq/irq.c.obj
 *fill*         0x0000000010006403        0x1 
 .rodata.__func__.3
                0x0000000010006404        0xc CMakeFiles/glove.dir/media/shared_drive/electronics/pico_git_stuff/pico-sdk/src/rp2_common/hardware_irq/irq.c.obj
 .rodata.__func__.4
                0x0000000010006410        0xf CMakeFiles/glove.dir/media/shared_drive/electronics/pico_git_stuff/pico-sdk/src/rp2_common/hardware_irq/irq.c.obj
 *fill*         0x000000001000641f        0x1 
 .rodata.__func__.6
                0x0000000010006420       0x1a CMakeFiles/glove.dir/media/shared_drive/electronics/pico_git_stuff/pico-sdk/src/rp2_common/hardware_irq/irq.c.obj
 *fill*         0x000000001000643a        0x2 
 .rodata.get_entry.str1.4
                0x000000001000643c       0x78 CMakeFiles/glove.dir/media/shared_drive/electronics/pico_git_stuff/pico-sdk/src/common/pico_time/time.c.obj
 .rodata.update_us_since_boot.str1.4
                0x00000000100064b4       0x7e CMakeFiles/glove.dir/media/shared_drive/electronics/pico_git_stuff/pico-sdk/src/common/pico_time/time.c.obj
 *fill*         0x0000000010006532        0x2 
 .rodata.ph_get_node.str1.4
                0x0000000010006534       0x83 CMakeFiles/glove.dir/media/shared_drive/electronics/pico_git_stuff/pico-sdk/src/common/pico_time/time.c.obj
 *fill*         0x00000000100065b7        0x1 
 .rodata.ph_add_child_node.str1.4
                0x00000000100065b8       0x2e CMakeFiles/glove.dir/media/shared_drive/electronics/pico_git_stuff/pico-sdk/src/common/pico_time/time.c.obj
 *fill*         0x00000000100065e6        0x2 
 .rodata.ph_insert_node.str1.4
                0x00000000100065e8        0x3 CMakeFiles/glove.dir/media/shared_drive/electronics/pico_git_stuff/pico-sdk/src/common/pico_time/time.c.obj
 *fill*         0x00000000100065eb        0x1 
 .rodata.ph_free_node.str1.4
                0x00000000100065ec       0x22 CMakeFiles/glove.dir/media/shared_drive/electronics/pico_git_stuff/pico-sdk/src/common/pico_time/time.c.obj
 *fill*         0x000000001000660e        0x2 
 .rodata.add_alarm_under_lock.str1.4
                0x0000000010006610       0x28 CMakeFiles/glove.dir/media/shared_drive/electronics/pico_git_stuff/pico-sdk/src/common/pico_time/time.c.obj
 .rodata.alarm_pool_alarm_callback.str1.4
                0x0000000010006638       0x60 CMakeFiles/glove.dir/media/shared_drive/electronics/pico_git_stuff/pico-sdk/src/common/pico_time/time.c.obj
 .rodata.alarm_pool_get_default.str1.4
                0x0000000010006698       0x21 CMakeFiles/glove.dir/media/shared_drive/electronics/pico_git_stuff/pico-sdk/src/common/pico_time/time.c.obj
 *fill*         0x00000000100066b9        0x3 
 .rodata.alarm_pool_cancel_alarm.str1.4
                0x00000000100066bc       0x27 CMakeFiles/glove.dir/media/shared_drive/electronics/pico_git_stuff/pico-sdk/src/common/pico_time/time.c.obj
 *fill*         0x00000000100066e3        0x1 
 .rodata.sleep_until.str1.4
                0x00000000100066e4       0x4d CMakeFiles/glove.dir/media/shared_drive/electronics/pico_git_stuff/pico-sdk/src/common/pico_time/time.c.obj
 *fill*         0x0000000010006731        0x3 
 .rodata.__func__.1
                0x0000000010006734       0x18 CMakeFiles/glove.dir/media/shared_drive/electronics/pico_git_stuff/pico-sdk/src/common/pico_time/time.c.obj
 .rodata.__func__.3
                0x000000001000674c       0x17 CMakeFiles/glove.dir/media/shared_drive/electronics/pico_git_stuff/pico-sdk/src/common/pico_time/time.c.obj
 *fill*         0x0000000010006763        0x1 
 .rodata.__func__.4
                0x0000000010006764       0x12 CMakeFiles/glove.dir/media/shared_drive/electronics/pico_git_stuff/pico-sdk/src/common/pico_time/time.c.obj
 *fill*         0x0000000010006776        0x2 
 .rodata.__func__.5
                0x0000000010006778        0xd CMakeFiles/glove.dir/media/shared_drive/electronics/pico_git_stuff/pico-sdk/src/common/pico_time/time.c.obj
 *fill*         0x0000000010006785        0x3 
 .rodata.__func__.6
                0x0000000010006788       0x12 CMakeFiles/glove.dir/media/shared_drive/electronics/pico_git_stuff/pico-sdk/src/common/pico_time/time.c.obj
 *fill*         0x000000001000679a        0x2 
 .rodata.__func__.7
                0x000000001000679c        0xf CMakeFiles/glove.dir/media/shared_drive/electronics/pico_git_stuff/pico-sdk/src/common/pico_time/time.c.obj
 *fill*         0x00000000100067ab        0x1 
 .rodata.__func__.8
                0x00000000100067ac        0xc CMakeFiles/glove.dir/media/shared_drive/electronics/pico_git_stuff/pico-sdk/src/common/pico_time/time.c.obj
 .rodata.__func__.9
                0x00000000100067b8       0x15 CMakeFiles/glove.dir/media/shared_drive/electronics/pico_git_stuff/pico-sdk/src/common/pico_time/time.c.obj
 *fill*         0x00000000100067cd        0x3 
 .rodata.__func__.10
                0x00000000100067d0       0x15 CMakeFiles/glove.dir/media/shared_drive/electronics/pico_git_stuff/pico-sdk/src/common/pico_time/time.c.obj
 *fill*         0x00000000100067e5        0x3 
 .rodata.__func__.11
                0x00000000100067e8       0x1a CMakeFiles/glove.dir/media/shared_drive/electronics/pico_git_stuff/pico-sdk/src/common/pico_time/time.c.obj
 *fill*         0x0000000010006802        0x2 
 .rodata.__func__.12
                0x0000000010006804        0xa CMakeFiles/glove.dir/media/shared_drive/electronics/pico_git_stuff/pico-sdk/src/common/pico_time/time.c.obj
 *fill*         0x000000001000680e        0x2 
 .rodata.hardware_alarm_claim.str1.4
                0x0000000010006810       0x22 CMakeFiles/glove.dir/media/shared_drive/electronics/pico_git_stuff/pico-sdk/src/rp2_common/hardware_timer/timer.c.obj
 *fill*         0x0000000010006832        0x2 
 .rodata.hardware_alarm_set_target.str1.4
                0x0000000010006834       0x82 CMakeFiles/glove.dir/media/shared_drive/electronics/pico_git_stuff/pico-sdk/src/rp2_common/hardware_timer/timer.c.obj
 *fill*         0x00000000100068b6        0x2 
 .rodata.__func__.0
                0x00000000100068b8       0x1a CMakeFiles/glove.dir/media/shared_drive/electronics/pico_git_stuff/pico-sdk/src/rp2_common/hardware_timer/timer.c.obj
 .rodata.ph_get_node.str1.4
                0x00000000100068d2       0x83 CMakeFiles/glove.dir/media/shared_drive/electronics/pico_git_stuff/pico-sdk/src/common/pico_util/pheap.c.obj
 .rodata.ph_add_child_node.str1.4
                0x00000000100068d2       0x2e CMakeFiles/glove.dir/media/shared_drive/electronics/pico_git_stuff/pico-sdk/src/common/pico_util/pheap.c.obj
 *fill*         0x00000000100068d2        0x2 
 .rodata.ph_remove_any_head.str1.4
                0x00000000100068d4       0xac CMakeFiles/glove.dir/media/shared_drive/electronics/pico_git_stuff/pico-sdk/src/common/pico_util/pheap.c.obj
 .rodata.ph_remove_and_free_node.str1.4
                0x0000000010006980       0x1e CMakeFiles/glove.dir/media/shared_drive/electronics/pico_git_stuff/pico-sdk/src/common/pico_util/pheap.c.obj
                                         0x26 (size before relaxing)
 *fill*         0x000000001000699e        0x2 
 .rodata.__func__.0
                0x00000000100069a0       0x18 CMakeFiles/glove.dir/media/shared_drive/electronics/pico_git_stuff/pico-sdk/src/common/pico_util/pheap.c.obj
 .rodata.__func__.1
                0x00000000100069b8       0x13 CMakeFiles/glove.dir/media/shared_drive/electronics/pico_git_stuff/pico-sdk/src/common/pico_util/pheap.c.obj
 *fill*         0x00000000100069cb        0x1 
 .rodata.__func__.2
                0x00000000100069cc       0x12 CMakeFiles/glove.dir/media/shared_drive/electronics/pico_git_stuff/pico-sdk/src/common/pico_util/pheap.c.obj
 *fill*         0x00000000100069de        0x2 
 .rodata.__func__.3
                0x00000000100069e0        0xc CMakeFiles/glove.dir/media/shared_drive/electronics/pico_git_stuff/pico-sdk/src/common/pico_util/pheap.c.obj
 .rodata.update_us_since_boot.str1.4
                0x00000000100069ec       0x7e CMakeFiles/glove.dir/media/shared_drive/electronics/pico_git_stuff/pico-sdk/src/common/pico_sync/mutex.c.obj
 .rodata.str1.4
                0x00000000100069ec       0xa9 CMakeFiles/glove.dir/media/shared_drive/electronics/pico_git_stuff/pico-sdk/src/common/pico_sync/mutex.c.obj
 *fill*         0x0000000010006a95        0x3 
 .rodata.__func__.1
                0x0000000010006a98        0xb CMakeFiles/glove.dir/media/shared_drive/electronics/pico_git_stuff/pico-sdk/src/common/pico_sync/mutex.c.obj
 *fill*         0x0000000010006aa3        0x1 
 .rodata.__func__.3
                0x0000000010006aa4       0x18 CMakeFiles/glove.dir/media/shared_drive/electronics/pico_git_stuff/pico-sdk/src/common/pico_sync/mutex.c.obj
 .rodata.__func__.4
                0x0000000010006abc       0x15 CMakeFiles/glove.dir/media/shared_drive/electronics/pico_git_stuff/pico-sdk/src/common/pico_sync/mutex.c.obj
 *fill*         0x0000000010006ad1        0x3 
 .rodata.__assert_func.str1.4
                0x0000000010006ad4       0x3f CMakeFiles/glove.dir/media/shared_drive/electronics/pico_git_stuff/pico-sdk/src/rp2_common/pico_runtime/runtime.c.obj
                                         0x43 (size before relaxing)
 *fill*         0x0000000010006b13        0x1 
 .rodata.runtime_init.str1.4
                0x0000000010006b14       0x7e CMakeFiles/glove.dir/media/shared_drive/electronics/pico_git_stuff/pico-sdk/src/rp2_common/pico_runtime/runtime.c.obj
 *fill*         0x0000000010006b92        0x2 
 .rodata.panic.str1.4
                0x0000000010006b94       0x12 CMakeFiles/glove.dir/media/shared_drive/electronics/pico_git_stuff/pico-sdk/src/rp2_common/pico_runtime/runtime.c.obj
 *fill*         0x0000000010006ba6        0x2 
 .rodata.__func__.1
                0x0000000010006ba8        0xd CMakeFiles/glove.dir/media/shared_drive/electronics/pico_git_stuff/pico-sdk/src/rp2_common/pico_runtime/runtime.c.obj
 *fill*         0x0000000010006bb5        0x3 
 .rodata.clock_configure.str1.4
                0x0000000010006bb8       0x74 CMakeFiles/glove.dir/media/shared_drive/electronics/pico_git_stuff/pico-sdk/src/rp2_common/hardware_clocks/clocks.c.obj
 .rodata.__func__.1
                0x0000000010006c2c       0x10 CMakeFiles/glove.dir/media/shared_drive/electronics/pico_git_stuff/pico-sdk/src/rp2_common/hardware_clocks/clocks.c.obj
 .rodata.pll_init.str1.4
                0x0000000010006c3c      0x157 CMakeFiles/glove.dir/media/shared_drive/electronics/pico_git_stuff/pico-sdk/src/rp2_common/hardware_pll/pll.c.obj
 *fill*         0x0000000010006d93        0x1 
 .rodata.__func__.0
                0x0000000010006d94        0x9 CMakeFiles/glove.dir/media/shared_drive/electronics/pico_git_stuff/pico-sdk/src/rp2_common/hardware_pll/pll.c.obj
 *fill*         0x0000000010006d9d        0x3 
 .rodata._ftoa.str1.4
                0x0000000010006da0       0x15 CMakeFiles/glove.dir/media/shared_drive/electronics/pico_git_stuff/pico-sdk/src/rp2_common/pico_printf/printf.c.obj
 *fill*         0x0000000010006db5        0x3 
 .rodata._vsnprintf
                0x0000000010006db8      0x19c CMakeFiles/glove.dir/media/shared_drive/electronics/pico_git_stuff/pico-sdk/src/rp2_common/pico_printf/printf.c.obj
 *fill*         0x0000000010006f54        0x4 
 .rodata.pow10.0
                0x0000000010006f58       0x50 CMakeFiles/glove.dir/media/shared_drive/electronics/pico_git_stuff/pico-sdk/src/rp2_common/pico_printf/printf.c.obj
 .rodata.__aeabi_double_init.str1.4
                0x0000000010006fa8       0xc5 CMakeFiles/glove.dir/media/shared_drive/electronics/pico_git_stuff/pico-sdk/src/rp2_common/pico_double/double_init_rom.c.obj
 *fill*         0x000000001000706d        0x3 
 .rodata.__func__.0
                0x0000000010007070       0x14 CMakeFiles/glove.dir/media/shared_drive/electronics/pico_git_stuff/pico-sdk/src/rp2_common/pico_double/double_init_rom.c.obj
 .rodata.__aeabi_float_init.str1.4
                0x0000000010007084       0x97 CMakeFiles/glove.dir/media/shared_drive/electronics/pico_git_stuff/pico-sdk/src/rp2_common/pico_float/float_init_rom.c.obj
                                         0x9b (size before relaxing)
 *fill*         0x000000001000711b        0x1 
 .rodata.__func__.0
                0x000000001000711c       0x13 CMakeFiles/glove.dir/media/shared_drive/electronics/pico_git_stuff/pico-sdk/src/rp2_common/pico_float/float_init_rom.c.obj
 *fill*         0x000000001000712f        0x1 
 .rodata.str1.4
                0x0000000010007130       0x38 CMakeFiles/glove.dir/media/shared_drive/electronics/pico_git_stuff/pico-sdk/src/rp2_common/pico_standard_link/binary_info.c.obj
                                         0x40 (size before relaxing)
 .rodata.__bi_81
                0x0000000010007168        0xc CMakeFiles/glove.dir/media/shared_drive/electronics/pico_git_stuff/pico-sdk/src/rp2_common/pico_standard_link/binary_info.c.obj
 .rodata.__bi_75
                0x0000000010007174        0xc CMakeFiles/glove.dir/media/shared_drive/electronics/pico_git_stuff/pico-sdk/src/rp2_common/pico_standard_link/binary_info.c.obj
 .rodata.__bi_56
                0x0000000010007180        0xc CMakeFiles/glove.dir/media/shared_drive/electronics/pico_git_stuff/pico-sdk/src/rp2_common/pico_standard_link/binary_info.c.obj
 .rodata.__bi_44
                0x000000001000718c        0xc CMakeFiles/glove.dir/media/shared_drive/electronics/pico_git_stuff/pico-sdk/src/rp2_common/pico_standard_link/binary_info.c.obj
 .rodata.crlf_str.3
                0x0000000010007198        0x2 CMakeFiles/glove.dir/media/shared_drive/electronics/pico_git_stuff/pico-sdk/src/rp2_common/pico_stdio/stdio.c.obj
 *fill*         0x000000001000719a        0x2 
 .rodata._hw_endpoint_alloc.str1.4
                0x000000001000719c       0xd5 CMakeFiles/glove.dir/media/shared_drive/electronics/pico_git_stuff/pico-sdk/lib/tinyusb/src/portable/raspberrypi/rp2040/dcd_rp2040.c.obj
 *fill*         0x0000000010007271        0x3 
 .rodata.dcd_rp2040_irq.str1.4
                0x0000000010007274       0x14 CMakeFiles/glove.dir/media/shared_drive/electronics/pico_git_stuff/pico-sdk/lib/tinyusb/src/portable/raspberrypi/rp2040/dcd_rp2040.c.obj
 .rodata.dcd_int_enable.str1.4
                0x0000000010007288        0xc CMakeFiles/glove.dir/media/shared_drive/electronics/pico_git_stuff/pico-sdk/lib/tinyusb/src/portable/raspberrypi/rp2040/dcd_rp2040.c.obj
 .rodata.__func__.0
                0x0000000010007294        0xe CMakeFiles/glove.dir/media/shared_drive/electronics/pico_git_stuff/pico-sdk/lib/tinyusb/src/portable/raspberrypi/rp2040/dcd_rp2040.c.obj
 *fill*         0x00000000100072a2        0x2 
 .rodata.__func__.1
                0x00000000100072a4        0xe CMakeFiles/glove.dir/media/shared_drive/electronics/pico_git_stuff/pico-sdk/lib/tinyusb/src/portable/raspberrypi/rp2040/dcd_rp2040.c.obj
 *fill*         0x00000000100072b2        0x2 
 .rodata.__func__.3
                0x00000000100072b4       0x10 CMakeFiles/glove.dir/media/shared_drive/electronics/pico_git_stuff/pico-sdk/lib/tinyusb/src/portable/raspberrypi/rp2040/dcd_rp2040.c.obj
 .rodata.__func__.5
                0x00000000100072c4        0xf CMakeFiles/glove.dir/media/shared_drive/electronics/pico_git_stuff/pico-sdk/lib/tinyusb/src/portable/raspberrypi/rp2040/dcd_rp2040.c.obj
 *fill*         0x00000000100072d3        0x1 
 .rodata.__func__.6
                0x00000000100072d4       0x13 CMakeFiles/glove.dir/media/shared_drive/electronics/pico_git_stuff/pico-sdk/lib/tinyusb/src/portable/raspberrypi/rp2040/dcd_rp2040.c.obj
 *fill*         0x00000000100072e7        0x1 
 .rodata.__func__.7
                0x00000000100072e8        0x9 CMakeFiles/glove.dir/media/shared_drive/electronics/pico_git_stuff/pico-sdk/lib/tinyusb/src/portable/raspberrypi/rp2040/dcd_rp2040.c.obj
 *fill*         0x00000000100072f1        0x3 
 .rodata.sync_ep_buffer.str1.4
                0x00000000100072f4       0xb1 CMakeFiles/glove.dir/media/shared_drive/electronics/pico_git_stuff/pico-sdk/lib/tinyusb/src/portable/raspberrypi/rp2040/rp2040_usb.c.obj
 *fill*         0x00000000100073a5        0x3 
 .rodata._hw_endpoint_buffer_control_update32.str1.4
                0x00000000100073a8       0x1f CMakeFiles/glove.dir/media/shared_drive/electronics/pico_git_stuff/pico-sdk/lib/tinyusb/src/portable/raspberrypi/rp2040/rp2040_usb.c.obj
 *fill*         0x00000000100073c7        0x1 
 .rodata.hw_endpoint_xfer_start.str1.4
                0x00000000100073c8       0x38 CMakeFiles/glove.dir/media/shared_drive/electronics/pico_git_stuff/pico-sdk/lib/tinyusb/src/portable/raspberrypi/rp2040/rp2040_usb.c.obj
 .rodata.hw_endpoint_xfer_continue.str1.4
                0x0000000010007400       0x29 CMakeFiles/glove.dir/media/shared_drive/electronics/pico_git_stuff/pico-sdk/lib/tinyusb/src/portable/raspberrypi/rp2040/rp2040_usb.c.obj
 *fill*         0x0000000010007429        0x3 
 .rodata.__func__.0
                0x000000001000742c        0xf CMakeFiles/glove.dir/media/shared_drive/electronics/pico_git_stuff/pico-sdk/lib/tinyusb/src/portable/raspberrypi/rp2040/rp2040_usb.c.obj
 *fill*         0x000000001000743b        0x1 
 .rodata.str1.4
                0x000000001000743c        0x7 CMakeFiles/glove.dir/media/shared_drive/electronics/pico_git_stuff/pico-sdk/lib/tinyusb/src/portable/raspberrypi/rp2040/rp2040_usb.c.obj
 *fill*         0x0000000010007443        0x1 
 .rodata.process_set_config.str1.4
                0x0000000010007444       0x17 CMakeFiles/glove.dir/media/shared_drive/electronics/pico_git_stuff/pico-sdk/lib/tinyusb/src/device/usbd.c.obj
 *fill*         0x000000001000745b        0x1 
 .rodata.process_get_descriptor
                0x000000001000745c       0x40 CMakeFiles/glove.dir/media/shared_drive/electronics/pico_git_stuff/pico-sdk/lib/tinyusb/src/device/usbd.c.obj
 .rodata.process_control_request
                0x000000001000749c       0x28 CMakeFiles/glove.dir/media/shared_drive/electronics/pico_git_stuff/pico-sdk/lib/tinyusb/src/device/usbd.c.obj
 .rodata.tud_task
                0x00000000100074c4       0x24 CMakeFiles/glove.dir/media/shared_drive/electronics/pico_git_stuff/pico-sdk/lib/tinyusb/src/device/usbd.c.obj
 .rodata.__func__.2
                0x00000000100074e8        0xf CMakeFiles/glove.dir/media/shared_drive/electronics/pico_git_stuff/pico-sdk/lib/tinyusb/src/device/usbd.c.obj
 *fill*         0x00000000100074f7        0x1 
 .rodata.__func__.3
                0x00000000100074f8        0xf CMakeFiles/glove.dir/media/shared_drive/electronics/pico_git_stuff/pico-sdk/lib/tinyusb/src/device/usbd.c.obj
 *fill*         0x0000000010007507        0x1 
 .rodata.__func__.4
                0x0000000010007508       0x14 CMakeFiles/glove.dir/media/shared_drive/electronics/pico_git_stuff/pico-sdk/lib/tinyusb/src/device/usbd.c.obj
 .rodata.__func__.5
                0x000000001000751c       0x10 CMakeFiles/glove.dir/media/shared_drive/electronics/pico_git_stuff/pico-sdk/lib/tinyusb/src/device/usbd.c.obj
 .rodata.__func__.6
                0x000000001000752c       0x17 CMakeFiles/glove.dir/media/shared_drive/electronics/pico_git_stuff/pico-sdk/lib/tinyusb/src/device/usbd.c.obj
 *fill*         0x0000000010007543        0x1 
 .rodata.__func__.7
                0x0000000010007544       0x13 CMakeFiles/glove.dir/media/shared_drive/electronics/pico_git_stuff/pico-sdk/lib/tinyusb/src/device/usbd.c.obj
 *fill*         0x0000000010007557        0x1 
 .rodata.__func__.8
                0x0000000010007558       0x18 CMakeFiles/glove.dir/media/shared_drive/electronics/pico_git_stuff/pico-sdk/lib/tinyusb/src/device/usbd.c.obj
 .rodata.__func__.9
                0x0000000010007570        0x9 CMakeFiles/glove.dir/media/shared_drive/electronics/pico_git_stuff/pico-sdk/lib/tinyusb/src/device/usbd.c.obj
 *fill*         0x0000000010007579        0x3 
 .rodata._usbd_driver
                0x000000001000757c       0x18 CMakeFiles/glove.dir/media/shared_drive/electronics/pico_git_stuff/pico-sdk/lib/tinyusb/src/device/usbd.c.obj
 .rodata.tud_control_xfer.str1.4
                0x0000000010007594       0x17 CMakeFiles/glove.dir/media/shared_drive/electronics/pico_git_stuff/pico-sdk/lib/tinyusb/src/device/usbd_control.c.obj
 .rodata.__func__.0
                0x0000000010007594       0x15 CMakeFiles/glove.dir/media/shared_drive/electronics/pico_git_stuff/pico-sdk/lib/tinyusb/src/device/usbd_control.c.obj
 *fill*         0x00000000100075a9        0x3 
 .rodata.__func__.1
                0x00000000100075ac       0x11 CMakeFiles/glove.dir/media/shared_drive/electronics/pico_git_stuff/pico-sdk/lib/tinyusb/src/device/usbd_control.c.obj
 *fill*         0x00000000100075bd        0x3 
 .rodata.hidd_open.str1.4
                0x00000000100075c0       0x11 CMakeFiles/glove.dir/media/shared_drive/electronics/pico_git_stuff/pico-sdk/lib/tinyusb/src/class/hid/hid_device.c.obj
                                         0x29 (size before relaxing)
 *fill*         0x00000000100075d1        0x3 
 .rodata.hidd_control_xfer_cb
                0x00000000100075d4       0x30 CMakeFiles/glove.dir/media/shared_drive/electronics/pico_git_stuff/pico-sdk/lib/tinyusb/src/class/hid/hid_device.c.obj
 .rodata.__func__.0
                0x0000000010007604        0xd CMakeFiles/glove.dir/media/shared_drive/electronics/pico_git_stuff/pico-sdk/lib/tinyusb/src/class/hid/hid_device.c.obj
 *fill*         0x0000000010007611        0x3 
 .rodata.__func__.1
                0x0000000010007614       0x15 CMakeFiles/glove.dir/media/shared_drive/electronics/pico_git_stuff/pico-sdk/lib/tinyusb/src/class/hid/hid_device.c.obj
 *fill*         0x0000000010007629        0x3 
 .rodata.__PRETTY_FUNCTION__.2
                0x000000001000762c        0xa CMakeFiles/glove.dir/media/shared_drive/electronics/pico_git_stuff/pico-sdk/lib/tinyusb/src/class/hid/hid_device.c.obj
 *fill*         0x0000000010007636        0x2 
 .rodata.__func__.3
                0x0000000010007638        0xa CMakeFiles/glove.dir/media/shared_drive/electronics/pico_git_stuff/pico-sdk/lib/tinyusb/src/class/hid/hid_device.c.obj
 .rodata.tusb_init.str1.4
                0x0000000010007642       0x17 CMakeFiles/glove.dir/media/shared_drive/electronics/pico_git_stuff/pico-sdk/lib/tinyusb/src/tusb.c.obj
 *fill*         0x0000000010007642        0x2 
 .rodata.__func__.0
                0x0000000010007644       0x11 CMakeFiles/glove.dir/media/shared_drive/electronics/pico_git_stuff/pico-sdk/lib/tinyusb/src/tusb.c.obj
 *fill*         0x0000000010007655        0x3 
 .rodata.__func__.1
                0x0000000010007658        0xa CMakeFiles/glove.dir/media/shared_drive/electronics/pico_git_stuff/pico-sdk/lib/tinyusb/src/tusb.c.obj
 *fill*         0x0000000010007662        0x2 
 .rodata.str1.4
                0x0000000010007664        0x4 CMakeFiles/glove.dir/media/shared_drive/electronics/pico_git_stuff/pico-sdk/lib/tinyusb/hw/bsp/rp2040/family.c.obj
 .rodata.__bi_121.0
                0x0000000010007668        0xc CMakeFiles/glove.dir/media/shared_drive/electronics/pico_git_stuff/pico-sdk/lib/tinyusb/hw/bsp/rp2040/family.c.obj
 .rodata.__bi_131.1
                0x0000000010007674        0x8 CMakeFiles/glove.dir/media/shared_drive/electronics/pico_git_stuff/pico-sdk/lib/tinyusb/hw/bsp/rp2040/family.c.obj
 .rodata._global_impure_ptr
                0x000000001000767c        0x4 /usr/lib/gcc/arm-none-eabi/12.2.0/../../../../arm-none-eabi/lib/thumb/v6-m/nofp/libg.a(lib_a-impure.o)
                0x000000001000767c                _global_impure_ptr
                0x0000000010007680                . = ALIGN (0x4)
 *(SORT_BY_ALIGNMENT(SORT_BY_NAME(.flashdata*)))
                0x0000000010007680                . = ALIGN (0x4)

.rel.dyn        0x0000000010007680        0x0
 .rel.iplt      0x0000000010007680        0x0 /usr/lib/gcc/arm-none-eabi/12.2.0/thumb/v6-m/nofp/crtbegin.o

.ARM.extab
 *(.ARM.extab* .gnu.linkonce.armextab.*)
                0x0000000010007680                __exidx_start = .

.ARM.exidx
 *(.ARM.exidx* .gnu.linkonce.armexidx.*)
                0x0000000010007680                __exidx_end = .
                0x0000000010007680                . = ALIGN (0x4)
                0x0000000010007680                __binary_info_start = .

.binary_info    0x0000000010007680       0x28
 *(.binary_info.keep.*)
 .binary_info.keep.__bi_ptr81
                0x0000000010007680        0x4 CMakeFiles/glove.dir/media/shared_drive/electronics/pico_git_stuff/pico-sdk/src/rp2_common/pico_standard_link/binary_info.c.obj
 .binary_info.keep.__bi_ptr75
                0x0000000010007684        0x4 CMakeFiles/glove.dir/media/shared_drive/electronics/pico_git_stuff/pico-sdk/src/rp2_common/pico_standard_link/binary_info.c.obj
 .binary_info.keep.__bi_ptr56
                0x0000000010007688        0x4 CMakeFiles/glove.dir/media/shared_drive/electronics/pico_git_stuff/pico-sdk/src/rp2_common/pico_standard_link/binary_info.c.obj
 .binary_info.keep.__bi_ptr50
                0x000000001000768c        0x4 CMakeFiles/glove.dir/media/shared_drive/electronics/pico_git_stuff/pico-sdk/src/rp2_common/pico_standard_link/binary_info.c.obj
 .binary_info.keep.__bi_ptr44
                0x0000000010007690        0x4 CMakeFiles/glove.dir/media/shared_drive/electronics/pico_git_stuff/pico-sdk/src/rp2_common/pico_standard_link/binary_info.c.obj
 .binary_info.keep.__bi_ptr38
                0x0000000010007694        0x4 CMakeFiles/glove.dir/media/shared_drive/electronics/pico_git_stuff/pico-sdk/src/rp2_common/pico_standard_link/binary_info.c.obj
 .binary_info.keep.__bi_ptr30
                0x0000000010007698        0x4 CMakeFiles/glove.dir/media/shared_drive/electronics/pico_git_stuff/pico-sdk/src/rp2_common/pico_standard_link/binary_info.c.obj
 .binary_info.keep.__bi_ptr22
                0x000000001000769c        0x4 CMakeFiles/glove.dir/media/shared_drive/electronics/pico_git_stuff/pico-sdk/src/rp2_common/pico_standard_link/binary_info.c.obj
 .binary_info.keep.__bi_ptr131
                0x00000000100076a0        0x4 CMakeFiles/glove.dir/media/shared_drive/electronics/pico_git_stuff/pico-sdk/lib/tinyusb/hw/bsp/rp2040/family.c.obj
 .binary_info.keep.__bi_ptr121
                0x00000000100076a4        0x4 CMakeFiles/glove.dir/media/shared_drive/electronics/pico_git_stuff/pico-sdk/lib/tinyusb/hw/bsp/rp2040/family.c.obj
 *(.binary_info.*)
                0x00000000100076a8                __binary_info_end = .
                0x00000000100076a8                . = ALIGN (0x4)
                0x00000000100076a8                __etext = .

.ram_vector_table
                0x0000000020000000       0xc0
 *(.ram_vector_table)
 .ram_vector_table
                0x0000000020000000       0xc0 CMakeFiles/glove.dir/media/shared_drive/electronics/pico_git_stuff/pico-sdk/src/rp2_common/pico_runtime/runtime.c.obj
                0x0000000020000000                ram_vector_table

.data           0x00000000200000c0      0x6dc load address 0x00000000100076a8
                0x00000000200000c0                __data_start__ = .
 *(vtable)
 *(.time_critical*)
 .time_critical.mutex_enter_blocking
                0x00000000200000c0       0x48 CMakeFiles/glove.dir/media/shared_drive/electronics/pico_git_stuff/pico-sdk/src/common/pico_sync/mutex.c.obj
                0x00000000200000c0                mutex_enter_blocking
 .time_critical.mutex_try_enter
                0x0000000020000108       0x46 CMakeFiles/glove.dir/media/shared_drive/electronics/pico_git_stuff/pico-sdk/src/common/pico_sync/mutex.c.obj
                0x0000000020000108                mutex_try_enter
 *fill*         0x000000002000014e        0x2 
 .time_critical.mutex_enter_block_until
                0x0000000020000150       0x8c CMakeFiles/glove.dir/media/shared_drive/electronics/pico_git_stuff/pico-sdk/src/common/pico_sync/mutex.c.obj
                0x0000000020000150                mutex_enter_block_until
 .time_critical.mutex_enter_timeout_ms
                0x00000000200001dc       0x1a CMakeFiles/glove.dir/media/shared_drive/electronics/pico_git_stuff/pico-sdk/src/common/pico_sync/mutex.c.obj
                0x00000000200001dc                mutex_enter_timeout_ms
 *fill*         0x00000000200001f6        0x2 
 .time_critical.mutex_exit
                0x00000000200001f8       0x4c CMakeFiles/glove.dir/media/shared_drive/electronics/pico_git_stuff/pico-sdk/src/common/pico_sync/mutex.c.obj
                0x00000000200001f8                mutex_exit
 *(.text*)
 .text          0x0000000020000244        0x4 /usr/lib/gcc/arm-none-eabi/12.2.0/thumb/v6-m/nofp/libgcc.a(_dvmd_tls.o)
                0x0000000020000244                __aeabi_ldiv0
                0x0000000020000244                __aeabi_idiv0
 .text.__stub   0x0000000020000248       0x30 linker stubs
                0x0000000020000278                . = ALIGN (0x4)
 *(.rodata*)
                0x0000000020000278                . = ALIGN (0x4)
 *(.data*)
 .data.string_desc_arr
                0x0000000020000278       0x10 CMakeFiles/glove.dir/usb_descriptors.c.obj
                0x0000000020000278                string_desc_arr
 .data.striped_spin_lock_num