Archive member included to satisfy reference by file (symbol)

/usr/lib/gcc/arm-none-eabi/12.2.0/thumb/v6-m/nofp/libgcc.a(_dvmd_tls.o)
                              CMakeFiles/glove.dir/media/shared_drive/electronics/pico_git_stuff/pico-sdk/src/rp2_common/pico_divider/divider.S.obj (__aeabi_idiv0)
/usr/lib/gcc/arm-none-eabi/12.2.0/../../../../arm-none-eabi/lib/thumb/v6-m/nofp/libg.a(lib_a-atexit.o)
                              /usr/lib/gcc/arm-none-eabi/12.2.0/../../../../arm-none-eabi/lib/thumb/v6-m/nofp/crt0.o (atexit)
/usr/lib/gcc/arm-none-eabi/12.2.0/../../../../arm-none-eabi/lib/thumb/v6-m/nofp/libg.a(lib_a-calloc.o)
                              CMakeFiles/glove.dir/media/shared_drive/electronics/pico_git_stuff/pico-sdk/src/rp2_common/pico_malloc/pico_malloc.c.obj (calloc)
/usr/lib/gcc/arm-none-eabi/12.2.0/../../../../arm-none-eabi/lib/thumb/v6-m/nofp/libg.a(lib_a-callocr.o)
                              /usr/lib/gcc/arm-none-eabi/12.2.0/../../../../arm-none-eabi/lib/thumb/v6-m/nofp/libg.a(lib_a-calloc.o) (_calloc_r)
/usr/lib/gcc/arm-none-eabi/12.2.0/../../../../arm-none-eabi/lib/thumb/v6-m/nofp/libg.a(lib_a-ctype_.o)
                              CMakeFiles/glove.dir/media/shared_drive/electronics/pico_git_stuff/pico-sdk/lib/tinyusb/src/tusb.c.obj (_ctype_)
/usr/lib/gcc/arm-none-eabi/12.2.0/../../../../arm-none-eabi/lib/thumb/v6-m/nofp/libg.a(lib_a-errno.o)
                              /usr/lib/gcc/arm-none-eabi/12.2.0/../../../../arm-none-eabi/lib/thumb/v6-m/nofp/libg.a(lib_a-callocr.o) (__errno)
/usr/lib/gcc/arm-none-eabi/12.2.0/../../../../arm-none-eabi/lib/thumb/v6-m/nofp/libg.a(lib_a-fini.o)
                              /usr/lib/gcc/arm-none-eabi/12.2.0/../../../../arm-none-eabi/lib/thumb/v6-m/nofp/crt0.o (__libc_fini_array)
/usr/lib/gcc/arm-none-eabi/12.2.0/../../../../arm-none-eabi/lib/thumb/v6-m/nofp/libg.a(lib_a-impure.o)
                              /usr/lib/gcc/arm-none-eabi/12.2.0/../../../../arm-none-eabi/lib/thumb/v6-m/nofp/libg.a(lib_a-calloc.o) (_impure_ptr)
/usr/lib/gcc/arm-none-eabi/12.2.0/../../../../arm-none-eabi/lib/thumb/v6-m/nofp/libg.a(lib_a-init.o)
                              /usr/lib/gcc/arm-none-eabi/12.2.0/../../../../arm-none-eabi/lib/thumb/v6-m/nofp/crt0.o (__libc_init_array)
/usr/lib/gcc/arm-none-eabi/12.2.0/../../../../arm-none-eabi/lib/thumb/v6-m/nofp/libg.a(lib_a-malloc.o)
                              CMakeFiles/glove.dir/media/shared_drive/electronics/pico_git_stuff/pico-sdk/src/rp2_common/pico_malloc/pico_malloc.c.obj (malloc)
/usr/lib/gcc/arm-none-eabi/12.2.0/../../../../arm-none-eabi/lib/thumb/v6-m/nofp/libg.a(lib_a-mallocr.o)
                              /usr/lib/gcc/arm-none-eabi/12.2.0/../../../../arm-none-eabi/lib/thumb/v6-m/nofp/libg.a(lib_a-callocr.o) (_malloc_r)
/usr/lib/gcc/arm-none-eabi/12.2.0/../../../../arm-none-eabi/lib/thumb/v6-m/nofp/libg.a(lib_a-mlock.o)
                              /usr/lib/gcc/arm-none-eabi/12.2.0/../../../../arm-none-eabi/lib/thumb/v6-m/nofp/libg.a(lib_a-mallocr.o) (__malloc_lock)
/usr/lib/gcc/arm-none-eabi/12.2.0/../../../../arm-none-eabi/lib/thumb/v6-m/nofp/libg.a(lib_a-realloc.o)
                              CMakeFiles/glove.dir/media/shared_drive/electronics/pico_git_stuff/pico-sdk/src/rp2_common/pico_malloc/pico_malloc.c.obj (realloc)
/usr/lib/gcc/arm-none-eabi/12.2.0/../../../../arm-none-eabi/lib/thumb/v6-m/nofp/libg.a(lib_a-reallocr.o)
                              /usr/lib/gcc/arm-none-eabi/12.2.0/../../../../arm-none-eabi/lib/thumb/v6-m/nofp/libg.a(lib_a-realloc.o) (_realloc_r)
/usr/lib/gcc/arm-none-eabi/12.2.0/../../../../arm-none-eabi/lib/thumb/v6-m/nofp/libg.a(lib_a-sbrkr.o)
                              /usr/lib/gcc/arm-none-eabi/12.2.0/../../../../arm-none-eabi/lib/thumb/v6-m/nofp/libg.a(lib_a-mallocr.o) (_sbrk_r)
/usr/lib/gcc/arm-none-eabi/12.2.0/../../../../arm-none-eabi/lib/thumb/v6-m/nofp/libg.a(lib_a-strlen-stub.o)
                              CMakeFiles/glove.dir/usb_descriptors.c.obj (strlen)
/usr/lib/gcc/arm-none-eabi/12.2.0/../../../../arm-none-eabi/lib/thumb/v6-m/nofp/libg.a(lib_a-__atexit.o)
                              /usr/lib/gcc/arm-none-eabi/12.2.0/../../../../arm-none-eabi/lib/thumb/v6-m/nofp/libg.a(lib_a-atexit.o) (__register_exitproc)
/usr/lib/gcc/arm-none-eabi/12.2.0/../../../../arm-none-eabi/lib/thumb/v6-m/nofp/libg.a(lib_a-__call_atexit.o)
                              /usr/lib/gcc/arm-none-eabi/12.2.0/../../../../arm-none-eabi/lib/thumb/v6-m/nofp/libg.a(lib_a-__atexit.o) (__atexit_recursive_mutex)
/usr/lib/gcc/arm-none-eabi/12.2.0/../../../../arm-none-eabi/lib/thumb/v6-m/nofp/libg.a(lib_a-freer.o)
                              /usr/lib/gcc/arm-none-eabi/12.2.0/../../../../arm-none-eabi/lib/thumb/v6-m/nofp/libg.a(lib_a-malloc.o) (_free_r)
/usr/lib/gcc/arm-none-eabi/12.2.0/../../../../arm-none-eabi/lib/thumb/v6-m/nofp/libg.a(lib_a-lock.o)
[...]
Memory Configuration

Name             Origin             Length             Attributes
FLASH            0x0000000010000000 0x0000000000200000 xr
RAM              0x0000000020000000 0x0000000000040000 xrw
SCRATCH_X        0x0000000020040000 0x0000000000001000 xrw
SCRATCH_Y        0x0000000020041000 0x0000000000001000 xrw
*default*        0x0000000000000000 0xffffffffffffffff

Linker script and memory map

LOAD /usr/lib/gcc/arm-none-eabi/12.2.0/thumb/v6-m/nofp/crti.o
LOAD /usr/lib/gcc/arm-none-eabi/12.2.0/thumb/v6-m/nofp/crtbegin.o
LOAD /usr/lib/gcc/arm-none-eabi/12.2.0/../../../../arm-none-eabi/lib/thumb/v6-m/nofp/crt0.o

.flash_begin    0x0000000010000000        0x0
                0x0000000010000000                __flash_binary_start = .

.boot2          0x0000000010000000      0x100
                0x0000000010000000                __boot2_start__ = .
 *(.boot2)
 .boot2         0x0000000010000000      0x100 /tmp/cca1E2D2.o
                0x0000000010000100                __boot2_end__ = .
                0x0000000000000001                ASSERT (((__boot2_end__ - __boot2_start__) == 0x100), ERROR: Pico second stage bootloader must be 256 bytes in size)

.text           0x0000000010000100     0x5330
                0x0000000010000100                __logical_binary_start = .
 *(.vectors)
 .vectors       0x0000000010000100       0xd4 CMakeFiles/glove.dir/media/shared_drive/electronics/pico_git_stuff/pico-sdk/src/rp2_common/pico_standard_link/crt0.S.obj
                0x0000000010000100                __vectors
                0x0000000010000100                __VECTOR_TABLE
                0x00000000100001c0                isr_invalid
                0x00000000100001c0                __default_isrs_start
                0x00000000100001c2                isr_nmi
                0x00000000100001c4                isr_hardfault
                0x00000000100001c6                isr_svcall
                0x00000000100001c8                isr_pendsv
                0x00000000100001ca                isr_systick
                0x00000000100001cc                isr_irq30
                0x00000000100001cc                __unhandled_user_irq
                0x00000000100001cc                isr_irq13
                0x00000000100001cc                isr_irq27
                0x00000000100001cc                isr_irq31
                0x00000000100001cc                isr_irq5
                0x00000000100001cc                isr_irq11
                0x00000000100001cc                isr_irq23
                0x00000000100001cc                isr_irq18
                0x00000000100001cc                isr_irq28
                0x00000000100001cc                isr_irq19
                0x00000000100001cc                isr_irq0
                0x00000000100001cc                isr_irq6
                0x00000000100001cc                isr_irq22
                0x00000000100001cc                isr_irq17
                0x00000000100001cc                isr_irq14
                0x00000000100001cc                isr_irq2
                0x00000000100001cc                isr_irq10
                0x00000000100001cc                isr_irq8
                0x00000000100001cc                isr_irq24
                0x00000000100001cc                isr_irq1
                0x00000000100001cc                isr_irq7
                0x00000000100001cc                isr_irq21
                0x00000000100001cc                isr_irq20
                0x00000000100001cc                isr_irq15
                0x00000000100001cc                isr_irq25
                0x00000000100001cc                isr_irq4
                0x00000000100001cc                isr_irq16
                0x00000000100001cc                isr_irq29
                0x00000000100001cc                isr_irq26
                0x00000000100001cc                __default_isrs_end
                0x00000000100001cc                isr_irq3
                0x00000000100001cc                isr_irq12
                0x00000000100001cc                isr_irq9
                0x00000000100001d2                unhandled_user_irq_num_in_r0
 *(.binary_info_header)
 .binary_info_header
                0x00000000100001d4       0x14 CMakeFiles/glove.dir/media/shared_drive/electronics/pico_git_stuff/pico-sdk/src/rp2_common/pico_standard_link/crt0.S.obj
                0x00000000100001e8                __binary_info_header_end = .
 *(.reset)
 .reset         0x00000000100001e8       0xa8 CMakeFiles/glove.dir/media/shared_drive/electronics/pico_git_stuff/pico-sdk/src/rp2_common/pico_standard_link/crt0.S.obj
                0x00000000100001e8                _entry_point
                0x0000000010000266                __get_current_exception
 .reset         0x0000000010000290       0x30 CMakeFiles/glove.dir/media/shared_drive/electronics/pico_git_stuff/pico-sdk/src/rp2_common/pico_standard_link/binary_info.c.obj
 *(.init)
 .init          0x00000000100002c0        0x4 /usr/lib/gcc/arm-none-eabi/12.2.0/thumb/v6-m/nofp/crti.o
                0x00000000100002c0                _init
 *(EXCLUDE_FILE(*libm.a: *libc.a:*lib_a-mem*.o *libgcc.a:) .text*)
 .text.frame_dummy
                0x00000000100002c4       0x20 /usr/lib/gcc/arm-none-eabi/12.2.0/thumb/v6-m/nofp/crtbegin.o
 .text.main     0x00000000100002e4       0x30 CMakeFiles/glove.dir/glove.c.obj
                0x00000000100002e4                main
 .text.tud_hid_descriptor_report_cb
                0x0000000010000314        0x8 CMakeFiles/glove.dir/usb_descriptors.c.obj
                0x0000000010000314                tud_hid_descriptor_report_cb
 .text.gpio_set_function
                0x000000001000031c       0x30 CMakeFiles/glove.dir/media/shared_drive/electronics/pico_git_stuff/pico-sdk/src/rp2_common/hardware_gpio/gpio.c.obj
                0x000000001000031c                gpio_set_function
 .text.gpio_init
                0x000000001000034c       0x16 CMakeFiles/glove.dir/media/shared_drive/electronics/pico_git_stuff/pico-sdk/src/rp2_common/hardware_gpio/gpio.c.obj
                0x000000001000034c                gpio_init
 *fill*         0x0000000010000362        0x2 
 .text.hw_claim_lock
                0x0000000010000364       0x18 CMakeFiles/glove.dir/media/shared_drive/electronics/pico_git_stuff/pico-sdk/src/rp2_common/hardware_claim/claim.c.obj
                0x0000000010000364                hw_claim_lock
 .text.hw_claim_unlock
                0x000000001000037c       0x14 CMakeFiles/glove.dir/media/shared_drive/electronics/pico_git_stuff/pico-sdk/src/rp2_common/hardware_claim/claim.c.obj
                0x000000001000037c                hw_claim_unlock
 .text.hw_claim_or_assert
                0x0000000010000390       0x32 CMakeFiles/glove.dir/media/shared_drive/electronics/pico_git_stuff/pico-sdk/src/rp2_common/hardware_claim/claim.c.obj
                0x0000000010000390                hw_claim_or_assert
 .text.hw_claim_unused_from_range
                0x00000000100003c2       0x50 CMakeFiles/glove.dir/media/shared_drive/electronics/pico_git_stuff/pico-sdk/src/rp2_common/hardware_claim/claim.c.obj
                0x00000000100003c2                hw_claim_unused_from_range
 *fill*         0x0000000010000412        0x2 
 .text.running_on_fpga
                0x0000000010000414       0x14 CMakeFiles/glove.dir/media/shared_drive/electronics/pico_git_stuff/pico-sdk/src/rp2_common/pico_platform/platform.c.obj
                0x0000000010000414                running_on_fpga
 .text.spin_locks_reset
                0x0000000010000428       0x20 CMakeFiles/glove.dir/media/shared_drive/electronics/pico_git_stuff/pico-sdk/src/rp2_common/hardware_sync/sync.c.obj
                0x0000000010000428                spin_locks_reset
 .text.next_striped_spin_lock_num
                0x0000000010000448       0x1c CMakeFiles/glove.dir/media/shared_drive/electronics/pico_git_stuff/pico-sdk/src/rp2_common/hardware_sync/sync.c.obj
                0x0000000010000448                next_striped_spin_lock_num
 .text.spin_lock_claim_unused
                0x0000000010000464       0x24 CMakeFiles/glove.dir/media/shared_drive/electronics/pico_git_stuff/pico-sdk/src/rp2_common/hardware_sync/sync.c.obj
                0x0000000010000464                spin_lock_claim_unused
 .text.set_raw_irq_handler_and_unlock
                0x0000000010000488       0x28 CMakeFiles/glove.dir/media/shared_drive/electronics/pico_git_stuff/pico-sdk/src/rp2_common/hardware_irq/irq.c.obj
 .text.resolve_branch
                0x00000000100004b0       0x30 CMakeFiles/glove.dir/media/shared_drive/electronics/pico_git_stuff/pico-sdk/src/rp2_common/hardware_irq/irq.c.obj
 .text.make_branch
                0x00000000100004e0       0x48 CMakeFiles/glove.dir/media/shared_drive/electronics/pico_git_stuff/pico-sdk/src/rp2_common/hardware_irq/irq.c.obj
 .text.insert_branch_and_link
                0x0000000010000528       0x40 CMakeFiles/glove.dir/media/shared_drive/electronics/pico_git_stuff/pico-sdk/src/rp2_common/hardware_irq/irq.c.obj
 .text.irq_is_enabled
                0x0000000010000568       0x18 CMakeFiles/glove.dir/media/shared_drive/electronics/pico_git_stuff/pico-sdk/src/rp2_common/hardware_irq/irq.c.obj
                0x0000000010000568                irq_is_enabled
 .text.irq_set_mask_enabled
                0x0000000010000580       0x20 CMakeFiles/glove.dir/media/shared_drive/electronics/pico_git_stuff/pico-sdk/src/rp2_common/hardware_irq/irq.c.obj
                0x0000000010000580                irq_set_mask_enabled
 .text.irq_set_enabled
                0x00000000100005a0        0xe CMakeFiles/glove.dir/media/shared_drive/electronics/pico_git_stuff/pico-sdk/src/rp2_common/hardware_irq/irq.c.obj
                0x00000000100005a0                irq_set_enabled
 *fill*         0x00000000100005ae        0x2 
 .text.irq_get_vtable_handler
                0x00000000100005b0       0x10 CMakeFiles/glove.dir/media/shared_drive/electronics/pico_git_stuff/pico-sdk/src/rp2_common/hardware_irq/irq.c.obj
                0x00000000100005b0                irq_get_vtable_handler
 .text.irq_set_exclusive_handler
                0x00000000100005c0       0x54 CMakeFiles/glove.dir/media/shared_drive/electronics/pico_git_stuff/pico-sdk/src/rp2_common/hardware_irq/irq.c.obj
                0x00000000100005c0                irq_set_exclusive_handler
 .text.irq_remove_handler
                0x0000000010000614      0x188 CMakeFiles/glove.dir/media/shared_drive/electronics/pico_git_stuff/pico-sdk/src/rp2_common/hardware_irq/irq.c.obj
                0x0000000010000614                irq_remove_handler
 .text.irq_add_tail_to_free_list
                0x000000001000079c       0xf0 CMakeFiles/glove.dir/media/shared_drive/electronics/pico_git_stuff/pico-sdk/src/rp2_common/hardware_irq/irq.c.obj
                0x000000001000079c                irq_add_tail_to_free_list
 .text.irq_init_priorities
                0x000000001000088c       0x1c CMakeFiles/glove.dir/media/shared_drive/electronics/pico_git_stuff/pico-sdk/src/rp2_common/hardware_irq/irq.c.obj
                0x000000001000088c                irq_init_priorities
 .text.lock_init
                0x00000000100008a8       0x10 CMakeFiles/glove.dir/media/shared_drive/electronics/pico_git_stuff/pico-sdk/src/common/pico_sync/lock_core.c.obj
                0x00000000100008a8                lock_init
 .text.time_reached
                0x00000000100008b8       0x28 CMakeFiles/glove.dir/media/shared_drive/electronics/pico_git_stuff/pico-sdk/src/common/pico_time/time.c.obj
 .text.get_entry
                0x00000000100008e0       0x38 CMakeFiles/glove.dir/media/shared_drive/electronics/pico_git_stuff/pico-sdk/src/common/pico_time/time.c.obj
 .text.timer_pool_entry_comparator
                0x0000000010000918       0x2e CMakeFiles/glove.dir/media/shared_drive/electronics/pico_git_stuff/pico-sdk/src/common/pico_time/time.c.obj
                0x0000000010000918                timer_pool_entry_comparator
 *fill*         0x0000000010000946        0x2 
 .text.update_us_since_boot
                0x0000000010000948       0x24 CMakeFiles/glove.dir/media/shared_drive/electronics/pico_git_stuff/pico-sdk/src/common/pico_time/time.c.obj
 .text.delayed_by_us
                0x000000001000096c       0x36 CMakeFiles/glove.dir/media/shared_drive/electronics/pico_git_stuff/pico-sdk/src/common/pico_time/time.c.obj
 *fill*         0x00000000100009a2        0x2 
 .text.ph_get_node
                0x00000000100009a4       0x30 CMakeFiles/glove.dir/media/shared_drive/electronics/pico_git_stuff/pico-sdk/src/common/pico_time/time.c.obj
 .text.ph_contains_node
                0x00000000100009d4       0x1e CMakeFiles/glove.dir/media/shared_drive/electronics/pico_git_stuff/pico-sdk/src/common/pico_time/time.c.obj
 .text.ph_new_node
                0x00000000100009f2       0x28 CMakeFiles/glove.dir/media/shared_drive/electronics/pico_git_stuff/pico-sdk/src/common/pico_time/time.c.obj
 *fill*         0x0000000010000a1a        0x2 
 .text.ph_add_child_node
                0x0000000010000a1c       0x6c CMakeFiles/glove.dir/media/shared_drive/electronics/pico_git_stuff/pico-sdk/src/common/pico_time/time.c.obj
 .text.ph_merge_nodes
                0x0000000010000a88       0x3e CMakeFiles/glove.dir/media/shared_drive/electronics/pico_git_stuff/pico-sdk/src/common/pico_time/time.c.obj
 *fill*         0x0000000010000ac6        0x2 
 .text.ph_insert_node
                0x0000000010000ac8       0x3c CMakeFiles/glove.dir/media/shared_drive/electronics/pico_git_stuff/pico-sdk/src/common/pico_time/time.c.obj
 .text.ph_free_node
                0x0000000010000b04       0x3c CMakeFiles/glove.dir/media/shared_drive/electronics/pico_git_stuff/pico-sdk/src/common/pico_time/time.c.obj
 .text.get_entry_id_high
                0x0000000010000b40       0x30 CMakeFiles/glove.dir/media/shared_drive/electronics/pico_git_stuff/pico-sdk/src/common/pico_time/time.c.obj
 .text.alarm_pool_post_alloc_init
                0x0000000010000b70       0x40 CMakeFiles/glove.dir/media/shared_drive/electronics/pico_git_stuff/pico-sdk/src/common/pico_time/time.c.obj
 .text.sleep_until_callback
                0x0000000010000bb0       0x30 CMakeFiles/glove.dir/media/shared_drive/electronics/pico_git_stuff/pico-sdk/src/common/pico_time/time.c.obj
 .text.get_absolute_time
                0x0000000010000be0       0x22 CMakeFiles/glove.dir/media/shared_drive/electronics/pico_git_stuff/pico-sdk/src/common/pico_time/time.c.obj
 .text.make_timeout_time_us
                0x0000000010000c02       0x24 CMakeFiles/glove.dir/media/shared_drive/electronics/pico_git_stuff/pico-sdk/src/common/pico_time/time.c.obj
 *fill*         0x0000000010000c26        0x2 
 .text.add_alarm_under_lock
                0x0000000010000c28       0x94 CMakeFiles/glove.dir/media/shared_drive/electronics/pico_git_stuff/pico-sdk/src/common/pico_time/time.c.obj
 .text.alarm_pool_alarm_callback
                0x0000000010000cbc      0x20c CMakeFiles/glove.dir/media/shared_drive/electronics/pico_git_stuff/pico-sdk/src/common/pico_time/time.c.obj
 .text.alarm_pool_init_default
                0x0000000010000ec8       0x38 CMakeFiles/glove.dir/media/shared_drive/electronics/pico_git_stuff/pico-sdk/src/common/pico_time/time.c.obj
                0x0000000010000ec8                alarm_pool_init_default
 .text.alarm_pool_get_default
                0x0000000010000f00       0x2c CMakeFiles/glove.dir/media/shared_drive/electronics/pico_git_stuff/pico-sdk/src/common/pico_time/time.c.obj
                0x0000000010000f00                alarm_pool_get_default
 .text.alarm_pool_add_alarm_at
                0x0000000010000f2c      0x10e CMakeFiles/glove.dir/media/shared_drive/electronics/pico_git_stuff/pico-sdk/src/common/pico_time/time.c.obj
                0x0000000010000f2c                alarm_pool_add_alarm_at
 .text.add_alarm_at
                0x000000001000103a       0x2e CMakeFiles/glove.dir/media/shared_drive/electronics/pico_git_stuff/pico-sdk/src/common/pico_time/time.c.obj
 .text.alarm_pool_cancel_alarm
                0x0000000010001068       0xa0 CMakeFiles/glove.dir/media/shared_drive/electronics/pico_git_stuff/pico-sdk/src/common/pico_time/time.c.obj
                0x0000000010001068                alarm_pool_cancel_alarm
 .text.cancel_alarm
                0x0000000010001108       0x10 CMakeFiles/glove.dir/media/shared_drive/electronics/pico_git_stuff/pico-sdk/src/common/pico_time/time.c.obj
 .text.sleep_until
                0x0000000010001118       0xb0 CMakeFiles/glove.dir/media/shared_drive/electronics/pico_git_stuff/pico-sdk/src/common/pico_time/time.c.obj
                0x0000000010001118                sleep_until
 .text.sleep_us
                0x00000000100011c8       0x1a CMakeFiles/glove.dir/media/shared_drive/electronics/pico_git_stuff/pico-sdk/src/common/pico_time/time.c.obj
                0x00000000100011c8                sleep_us
 .text.sleep_ms
                0x00000000100011e2       0x14 CMakeFiles/glove.dir/media/shared_drive/electronics/pico_git_stuff/pico-sdk/src/common/pico_time/time.c.obj
                0x00000000100011e2                sleep_ms
 *fill*         0x00000000100011f6        0x2 
 .text.best_effort_wfe_or_timeout
                0x00000000100011f8       0x38 CMakeFiles/glove.dir/media/shared_drive/electronics/pico_git_stuff/pico-sdk/src/common/pico_time/time.c.obj
                0x00000000100011f8                best_effort_wfe_or_timeout
 .text.hardware_alarm_irq_handler
                0x0000000010001230       0x88 CMakeFiles/glove.dir/media/shared_drive/electronics/pico_git_stuff/pico-sdk/src/rp2_common/hardware_timer/timer.c.obj
 .text.hardware_alarm_claim
                0x00000000100012b8       0x18 CMakeFiles/glove.dir/media/shared_drive/electronics/pico_git_stuff/pico-sdk/src/rp2_common/hardware_timer/timer.c.obj
                0x00000000100012b8                hardware_alarm_claim
 .text.time_us_64
                0x00000000100012d0       0x18 CMakeFiles/glove.dir/media/shared_drive/electronics/pico_git_stuff/pico-sdk/src/rp2_common/hardware_timer/timer.c.obj
                0x00000000100012d0                time_us_64
 .text.busy_wait_until
                0x00000000100012e8       0x28 CMakeFiles/glove.dir/media/shared_drive/electronics/pico_git_stuff/pico-sdk/src/rp2_common/hardware_timer/timer.c.obj
                0x00000000100012e8                busy_wait_until
 .text.hardware_alarm_set_callback
                0x0000000010001310       0x90 CMakeFiles/glove.dir/media/shared_drive/electronics/pico_git_stuff/pico-sdk/src/rp2_common/hardware_timer/timer.c.obj
                0x0000000010001310                hardware_alarm_set_callback
 .text.hardware_alarm_set_target
                0x00000000100013a0       0xe8 CMakeFiles/glove.dir/media/shared_drive/electronics/pico_git_stuff/pico-sdk/src/rp2_common/hardware_timer/timer.c.obj
                0x00000000100013a0                hardware_alarm_set_target
 .text.hardware_alarm_cancel
                0x0000000010001488       0x40 CMakeFiles/glove.dir/media/shared_drive/electronics/pico_git_stuff/pico-sdk/src/rp2_common/hardware_timer/timer.c.obj
                0x0000000010001488                hardware_alarm_cancel
 .text.ph_get_node
                0x00000000100014c8       0x30 CMakeFiles/glove.dir/media/shared_drive/electronics/pico_git_stuff/pico-sdk/src/common/pico_util/pheap.c.obj
 .text.ph_add_child_node
                0x00000000100014f8       0x6c CMakeFiles/glove.dir/media/shared_drive/electronics/pico_git_stuff/pico-sdk/src/common/pico_util/pheap.c.obj
 .text.ph_merge_nodes
                0x0000000010001564       0x3e CMakeFiles/glove.dir/media/shared_drive/electronics/pico_git_stuff/pico-sdk/src/common/pico_util/pheap.c.obj
 .text.ph_clear
                0x00000000100015a2       0x34 CMakeFiles/glove.dir/media/shared_drive/electronics/pico_git_stuff/pico-sdk/src/common/pico_util/pheap.c.obj
                0x00000000100015a2                ph_clear
 .text.ph_post_alloc_init
                0x00000000100015d6        0xe CMakeFiles/glove.dir/media/shared_drive/electronics/pico_git_stuff/pico-sdk/src/common/pico_util/pheap.c.obj
                0x00000000100015d6                ph_post_alloc_init
 .text.ph_merge_two_pass
                0x00000000100015e4       0x5c CMakeFiles/glove.dir/media/shared_drive/electronics/pico_git_stuff/pico-sdk/src/common/pico_util/pheap.c.obj
                0x00000000100015e4                ph_merge_two_pass
 .text.ph_remove_any_head
                0x0000000010001640       0xa4 CMakeFiles/glove.dir/media/shared_drive/electronics/pico_git_stuff/pico-sdk/src/common/pico_util/pheap.c.obj
 .text.ph_remove_head
                0x00000000100016e4       0x14 CMakeFiles/glove.dir/media/shared_drive/electronics/pico_git_stuff/pico-sdk/src/common/pico_util/pheap.c.obj
                0x00000000100016e4                ph_remove_head
 .text.ph_remove_and_free_node
                0x00000000100016f8       0xa0 CMakeFiles/glove.dir/media/shared_drive/electronics/pico_git_stuff/pico-sdk/src/common/pico_util/pheap.c.obj
                0x00000000100016f8                ph_remove_and_free_node
 .text.update_us_since_boot
                0x0000000010001798       0x24 CMakeFiles/glove.dir/media/shared_drive/electronics/pico_git_stuff/pico-sdk/src/common/pico_sync/mutex.c.obj
 .text.delayed_by_ms
                0x00000000100017bc       0x46 CMakeFiles/glove.dir/media/shared_drive/electronics/pico_git_stuff/pico-sdk/src/common/pico_sync/mutex.c.obj
 .text.get_absolute_time
                0x0000000010001802       0x22 CMakeFiles/glove.dir/media/shared_drive/electronics/pico_git_stuff/pico-sdk/src/common/pico_sync/mutex.c.obj
 .text.make_timeout_time_ms
                0x0000000010001824       0x20 CMakeFiles/glove.dir/media/shared_drive/electronics/pico_git_stuff/pico-sdk/src/common/pico_sync/mutex.c.obj
 .text.mutex_init
                0x0000000010001844       0x1a CMakeFiles/glove.dir/media/shared_drive/electronics/pico_git_stuff/pico-sdk/src/common/pico_sync/mutex.c.obj
                0x0000000010001844                mutex_init
 .text.recursive_mutex_init
                0x000000001000185e       0x1e CMakeFiles/glove.dir/media/shared_drive/electronics/pico_git_stuff/pico-sdk/src/common/pico_sync/mutex.c.obj
                0x000000001000185e                recursive_mutex_init
 .text.critical_section_init_with_lock_num
                0x000000001000187c       0x14 CMakeFiles/glove.dir/media/shared_drive/electronics/pico_git_stuff/pico-sdk/src/common/pico_sync/critical_section.c.obj
                0x000000001000187c                critical_section_init_with_lock_num
 .text.critical_section_init
                0x0000000010001890       0x14 CMakeFiles/glove.dir/media/shared_drive/electronics/pico_git_stuff/pico-sdk/src/common/pico_sync/critical_section.c.obj
                0x0000000010001890                critical_section_init
 .text._exit    0x00000000100018a4        0x4 CMakeFiles/glove.dir/media/shared_drive/electronics/pico_git_stuff/pico-sdk/src/rp2_common/pico_runtime/runtime.c.obj
                0x00000000100018a4                _exit
 .text.exit     0x00000000100018a8        0x6 CMakeFiles/glove.dir/media/shared_drive/electronics/pico_git_stuff/pico-sdk/src/rp2_common/pico_runtime/runtime.c.obj
                0x00000000100018a8                exit
 *fill*         0x00000000100018ae        0x2 
 .text.__assert_func
                0x00000000100018b0       0x38 CMakeFiles/glove.dir/media/shared_drive/electronics/pico_git_stuff/pico-sdk/src/rp2_common/pico_runtime/runtime.c.obj
                0x00000000100018b0                __assert_func
 .text.runtime_init
                0x00000000100018e8       0xf8 CMakeFiles/glove.dir/media/shared_drive/electronics/pico_git_stuff/pico-sdk/src/rp2_common/pico_runtime/runtime.c.obj
                0x00000000100018e8                runtime_init
 .text.panic    0x00000000100019e0       0x30 CMakeFiles/glove.dir/media/shared_drive/electronics/pico_git_stuff/pico-sdk/src/rp2_common/pico_runtime/runtime.c.obj
                0x00000000100019e0                panic
 .text.clock_configure
                0x0000000010001a10      0x104 CMakeFiles/glove.dir/media/shared_drive/electronics/pico_git_stuff/pico-sdk/src/rp2_common/hardware_clocks/clocks.c.obj
                0x0000000010001a10                clock_configure
 .text.clocks_init
                0x0000000010001b14      0x100 CMakeFiles/glove.dir/media/shared_drive/electronics/pico_git_stuff/pico-sdk/src/rp2_common/hardware_clocks/clocks.c.obj
                0x0000000010001b14                clocks_init
 .text.pll_init
                0x0000000010001c14      0x140 CMakeFiles/glove.dir/media/shared_drive/electronics/pico_git_stuff/pico-sdk/src/rp2_common/hardware_pll/pll.c.obj
                0x0000000010001c14                pll_init
 .text.watchdog_start_tick
                0x0000000010001d54       0x10 CMakeFiles/glove.dir/media/shared_drive/electronics/pico_git_stuff/pico-sdk/src/rp2_common/hardware_watchdog/watchdog.c.obj
                0x0000000010001d54                watchdog_start_tick
 .text.xosc_init
                0x0000000010001d64       0x28 CMakeFiles/glove.dir/media/shared_drive/electronics/pico_git_stuff/pico-sdk/src/rp2_common/hardware_xosc/xosc.c.obj
                0x0000000010001d64                xosc_init
 .text._out_null
                0x0000000010001d8c        0x2 CMakeFiles/glove.dir/media/shared_drive/electronics/pico_git_stuff/pico-sdk/src/rp2_common/pico_printf/printf.c.obj
 .text._out_fct
                0x0000000010001d8e        0xe CMakeFiles/glove.dir/media/shared_drive/electronics/pico_git_stuff/pico-sdk/src/rp2_common/pico_printf/printf.c.obj
 .text._atoi    0x0000000010001d9c       0x24 CMakeFiles/glove.dir/media/shared_drive/electronics/pico_git_stuff/pico-sdk/src/rp2_common/pico_printf/printf.c.obj
 .text._out_rev
                0x0000000010001dc0       0xae CMakeFiles/glove.dir/media/shared_drive/electronics/pico_git_stuff/pico-sdk/src/rp2_common/pico_printf/printf.c.obj
 .text._ntoa_format
                0x0000000010001e6e      0x110 CMakeFiles/glove.dir/media/shared_drive/electronics/pico_git_stuff/pico-sdk/src/rp2_common/pico_printf/printf.c.obj
 .text._ntoa_long
                0x0000000010001f7e       0xbc CMakeFiles/glove.dir/media/shared_drive/electronics/pico_git_stuff/pico-sdk/src/rp2_common/pico_printf/printf.c.obj
 .text._ntoa_long_long
                0x000000001000203a      0x10e CMakeFiles/glove.dir/media/shared_drive/electronics/pico_git_stuff/pico-sdk/src/rp2_common/pico_printf/printf.c.obj
 .text._etoa    0x0000000010002148      0x420 CMakeFiles/glove.dir/media/shared_drive/electronics/pico_git_stuff/pico-sdk/src/rp2_common/pico_printf/printf.c.obj
 .text._ftoa    0x0000000010002568      0x354 CMakeFiles/glove.dir/media/shared_drive/electronics/pico_git_stuff/pico-sdk/src/rp2_common/pico_printf/printf.c.obj
 .text._vsnprintf
                0x00000000100028bc      0x65c CMakeFiles/glove.dir/media/shared_drive/electronics/pico_git_stuff/pico-sdk/src/rp2_common/pico_printf/printf.c.obj
 .text.vfctprintf
                0x0000000010002f18       0x20 CMakeFiles/glove.dir/media/shared_drive/electronics/pico_git_stuff/pico-sdk/src/rp2_common/pico_printf/printf.c.obj
                0x0000000010002f18                vfctprintf
 .text          0x0000000010002f38       0x10 CMakeFiles/glove.dir/media/shared_drive/electronics/pico_git_stuff/pico-sdk/src/rp2_common/pico_bit_ops/bit_ops_aeabi.S.obj
 .text.rom_func_lookup
                0x0000000010002f48       0x10 CMakeFiles/glove.dir/media/shared_drive/electronics/pico_git_stuff/pico-sdk/src/rp2_common/pico_bootrom/bootrom.c.obj
                0x0000000010002f48                rom_func_lookup
 .text.rom_data_lookup
                0x0000000010002f58       0x10 CMakeFiles/glove.dir/media/shared_drive/electronics/pico_git_stuff/pico-sdk/src/rp2_common/pico_bootrom/bootrom.c.obj
                0x0000000010002f58                rom_data_lookup
 .text.rom_funcs_lookup
                0x0000000010002f68       0x36 CMakeFiles/glove.dir/media/shared_drive/electronics/pico_git_stuff/pico-sdk/src/rp2_common/pico_bootrom/bootrom.c.obj
                0x0000000010002f68                rom_funcs_lookup
 *fill*         0x0000000010002f9e        0x2 
 .text.__wrap___aeabi_idiv
                0x0000000010002fa0       0x50 CMakeFiles/glove.dir/media/shared_drive/electronics/pico_git_stuff/pico-sdk/src/rp2_common/pico_divider/divider.S.obj
                0x0000000010002fa0                __wrap___aeabi_idivmod
                0x0000000010002fa0                divmod_s32s32
                0x0000000010002fa0                div_s32s32
                0x0000000010002fa0                __wrap___aeabi_idiv
                0x0000000010002fa8                divmod_s32s32_unsafe
                0x0000000010002fd4                divmod_s32s32_savestate
 .text.__wrap___aeabi_uidiv
                0x0000000010002ff0       0x4c CMakeFiles/glove.dir/media/shared_drive/electronics/pico_git_stuff/pico-sdk/src/rp2_common/pico_divider/divider.S.obj
                0x0000000010002ff0                __wrap___aeabi_uidiv
                0x0000000010002ff0                __wrap___aeabi_uidivmod
                0x0000000010002ff0                div_u32u32
                0x0000000010002ff0                divmod_u32u32
                0x0000000010002ff8                divmod_u32u32_unsafe
                0x0000000010003020                divmod_u32u32_savestate
 .text.__wrap___aeabi_ldiv
                0x000000001000303c      0x434 CMakeFiles/glove.dir/media/shared_drive/electronics/pico_git_stuff/pico-sdk/src/rp2_common/pico_divider/divider.S.obj
                0x000000001000303c                div_s64s64
                0x000000001000303c                divmod_s64s64
                0x000000001000303c                __wrap___aeabi_ldivmod
                0x0000000010003074                div_u64u64
                0x0000000010003074                divmod_u64u64
                0x0000000010003074                __wrap___aeabi_uldivmod
                0x0000000010003084                divmod_u64u64_savestate
                0x00000000100030ac                divmod_s64s64_unsafe
                0x0000000010003134                divmod_u64u64_unsafe
 .text.__wrap___aeabi_darithmetic
                0x0000000010003470       0x80 CMakeFiles/glove.dir/media/shared_drive/electronics/pico_git_stuff/pico-sdk/src/rp2_common/pico_double/double_aeabi.S.obj
                0x0000000010003470                __wrap___aeabi_drsub
                0x0000000010003476                __wrap___aeabi_dsub
                0x0000000010003488                __wrap___aeabi_dadd
                0x000000001000349a                __wrap___aeabi_ddiv
                0x00000000100034d6                __wrap___aeabi_dmul
 .text.__wrap___aeabi_cdcmple
                0x00000000100034f0       0x6c CMakeFiles/glove.dir/media/shared_drive/electronics/pico_git_stuff/pico-sdk/src/rp2_common/pico_double/double_aeabi.S.obj
                0x00000000100034f0                __wrap___aeabi_cdrcmple
                0x0000000010003500                __wrap___aeabi_cdcmple
                0x0000000010003500                __wrap___aeabi_cdcmpeq
 .text.__wrap___aeabi_dcmplt
                0x000000001000355c        0xc CMakeFiles/glove.dir/media/shared_drive/electronics/pico_git_stuff/pico-sdk/src/rp2_common/pico_double/double_aeabi.S.obj
                0x000000001000355c                __wrap___aeabi_dcmplt
 .text.__wrap___aeabi_dcmple
                0x0000000010003568       0x10 CMakeFiles/glove.dir/media/shared_drive/electronics/pico_git_stuff/pico-sdk/src/rp2_common/pico_double/double_aeabi.S.obj
                0x0000000010003568                __wrap___aeabi_dcmple
 .text.__wrap___aeabi_dcmpge
                0x0000000010003578       0x10 CMakeFiles/glove.dir/media/shared_drive/electronics/pico_git_stuff/pico-sdk/src/rp2_common/pico_double/double_aeabi.S.obj
                0x0000000010003578                __wrap___aeabi_dcmpge
 .text.__wrap___aeabi_dcmpgt
                0x0000000010003588        0xa CMakeFiles/glove.dir/media/shared_drive/electronics/pico_git_stuff/pico-sdk/src/rp2_common/pico_double/double_aeabi.S.obj
                0x0000000010003588                __wrap___aeabi_dcmpgt
 .text.__wrap___aeabi_dcmpun
                0x0000000010003592       0x1c CMakeFiles/glove.dir/media/shared_drive/electronics/pico_git_stuff/pico-sdk/src/rp2_common/pico_double/double_aeabi.S.obj
                0x0000000010003592                __wrap___aeabi_dcmpun
 *fill*         0x00000000100035ae        0x2 
 .text.__wrap___aeabi_i2d
                0x00000000100035b0       0x38 CMakeFiles/glove.dir/media/shared_drive/electronics/pico_git_stuff/pico-sdk/src/rp2_common/pico_double/double_aeabi.S.obj
                0x00000000100035b0                __wrap___aeabi_ui2d
                0x00000000100035b8                __wrap___aeabi_i2d
 .text.__wrap___aeabi_d2iz
                0x00000000100035e8       0x48 CMakeFiles/glove.dir/media/shared_drive/electronics/pico_git_stuff/pico-sdk/src/rp2_common/pico_double/double_aeabi.S.obj
                0x00000000100035e8                __wrap___aeabi_d2iz
                0x00000000100035e8                double2int_z
 .text.__wrap___aeabi_d2uiz
                0x0000000010003630       0x18 CMakeFiles/glove.dir/media/shared_drive/electronics/pico_git_stuff/pico-sdk/src/rp2_common/pico_double/double_aeabi.S.obj
                0x0000000010003630                double2uint
                0x0000000010003630                __wrap___aeabi_d2uiz
 .text.__aeabi_double_init
                0x0000000010003648       0xcc CMakeFiles/glove.dir/media/shared_drive/electronics/pico_git_stuff/pico-sdk/src/rp2_common/pico_double/double_init_rom.c.obj
                0x0000000010003648                __aeabi_double_init
 .text.double_table_shim_on_use_helper
                0x0000000010003714       0x34 CMakeFiles/glove.dir/media/shared_drive/electronics/pico_git_stuff/pico-sdk/src/rp2_common/pico_double/double_v1_rom_shim.S.obj
                0x0000000010003714                double_table_shim_on_use_helper
 .text.__wrap___aeabi_dsub
                0x0000000010003748       0x10 CMakeFiles/glove.dir/media/shared_drive/electronics/pico_git_stuff/pico-sdk/src/rp2_common/pico_double/double_v1_rom_shim.S.obj
                0x0000000010003748                drsub_shim
                0x000000001000374e                dsub_shim
 .text.dadd_shim
                0x0000000010003758      0x15c CMakeFiles/glove.dir/media/shared_drive/electronics/pico_git_stuff/pico-sdk/src/rp2_common/pico_double/double_v1_rom_shim.S.obj
                0x0000000010003758                dadd_shim
 .text.dmul_shim
                0x00000000100038b4      0x15c CMakeFiles/glove.dir/media/shared_drive/electronics/pico_git_stuff/pico-sdk/src/rp2_common/pico_double/double_v1_rom_shim.S.obj
                0x00000000100038b4                dmul_shim
 .text.ddiv_shim
                0x0000000010003a10      0x1b0 CMakeFiles/glove.dir/media/shared_drive/electronics/pico_git_stuff/pico-sdk/src/rp2_common/pico_double/double_v1_rom_shim.S.obj
                0x0000000010003a10                ddiv_shim
 .text.double2uint_shim
                0x0000000010003bc0        0xe CMakeFiles/glove.dir/media/shared_drive/electronics/pico_git_stuff/pico-sdk/src/rp2_common/pico_double/double_v1_rom_shim.S.obj
                0x0000000010003bc0                double2uint_shim
                0x0000000010003bc2                double2ufix_shim
 *fill*         0x0000000010003bce        0x2 
 .text.double2uint64_shim
                0x0000000010003bd0       0x70 CMakeFiles/glove.dir/media/shared_drive/electronics/pico_git_stuff/pico-sdk/src/rp2_common/pico_double/double_v1_rom_shim.S.obj
                0x0000000010003bd0                double2uint64_shim
                0x0000000010003bd2                double2ufix64_shim
                0x0000000010003bf2                d2fix_a
 .text.dunpacks
                0x0000000010003c40       0x3c CMakeFiles/glove.dir/media/shared_drive/electronics/pico_git_stuff/pico-sdk/src/rp2_common/pico_double/double_v1_rom_shim.S.obj
                0x0000000010003c40                dunpacks
 .text.__aeabi_lmul
                0x0000000010003c7c       0x32 CMakeFiles/glove.dir/media/shared_drive/electronics/pico_git_stuff/pico-sdk/src/rp2_common/pico_int64_ops/pico_int64_ops_aeabi.S.obj
                0x0000000010003c7c                __wrap___aeabi_lmul
 *fill*         0x0000000010003cae        0x2 
 .text.__aeabi_float_init
                0x0000000010003cb0       0xfc CMakeFiles/glove.dir/media/shared_drive/electronics/pico_git_stuff/pico-sdk/src/rp2_common/pico_float/float_init_rom.c.obj
                0x0000000010003cb0                __aeabi_float_init
 .text.float_table_shim_on_use_helper
                0x0000000010003dac       0x34 CMakeFiles/glove.dir/media/shared_drive/electronics/pico_git_stuff/pico-sdk/src/rp2_common/pico_float/float_v1_rom_shim.S.obj
                0x0000000010003dac                float_table_shim_on_use_helper
 .text          0x0000000010003de0       0x10 CMakeFiles/glove.dir/media/shared_drive/electronics/pico_git_stuff/pico-sdk/src/rp2_common/pico_mem_ops/mem_ops_aeabi.S.obj
                0x0000000010003de0                __aeabi_mem_init
 .text.memset   0x0000000010003df0        0xc CMakeFiles/glove.dir/media/shared_drive/electronics/pico_git_stuff/pico-sdk/src/rp2_common/pico_mem_ops/mem_ops_aeabi.S.obj
                0x0000000010003df0                __wrap_memset
 .text.memcpy   0x0000000010003dfc        0xc CMakeFiles/glove.dir/media/shared_drive/electronics/pico_git_stuff/pico-sdk/src/rp2_common/pico_mem_ops/mem_ops_aeabi.S.obj
                0x0000000010003dfc                __wrap___aeabi_memcpy
                0x0000000010003dfc                __wrap_memcpy
 .text.stdio_out_chars_no_crlf
                0x0000000010003e08        0xe CMakeFiles/glove.dir/media/shared_drive/electronics/pico_git_stuff/pico-sdk/src/rp2_common/pico_stdio/stdio.c.obj
 *fill*         0x0000000010003e16        0x2 
 .text.stdio_out_chars_crlf
                0x0000000010003e18       0x80 CMakeFiles/glove.dir/media/shared_drive/electronics/pico_git_stuff/pico-sdk/src/rp2_common/pico_stdio/stdio.c.obj
 .text.stdio_stack_buffer_flush
                0x0000000010003e98       0x44 CMakeFiles/glove.dir/media/shared_drive/electronics/pico_git_stuff/pico-sdk/src/rp2_common/pico_stdio/stdio.c.obj
 .text.stdio_buffered_printer
                0x0000000010003edc       0x20 CMakeFiles/glove.dir/media/shared_drive/electronics/pico_git_stuff/pico-sdk/src/rp2_common/pico_stdio/stdio.c.obj
 .text.stdout_serialize_begin
                0x0000000010003efc       0x30 CMakeFiles/glove.dir/media/shared_drive/electronics/pico_git_stuff/pico-sdk/src/rp2_common/pico_stdio/stdio.c.obj
                0x0000000010003efc                stdout_serialize_begin
 .text.stdout_serialize_end
                0x0000000010003f2c       0x10 CMakeFiles/glove.dir/media/shared_drive/electronics/pico_git_stuff/pico-sdk/src/rp2_common/pico_stdio/stdio.c.obj
                0x0000000010003f2c                stdout_serialize_end
 .text.stdio_put_string
                0x0000000010003f3c       0x98 CMakeFiles/glove.dir/media/shared_drive/electronics/pico_git_stuff/pico-sdk/src/rp2_common/pico_stdio/stdio.c.obj
 .text.stdio_flush
                0x0000000010003fd4       0x20 CMakeFiles/glove.dir/media/shared_drive/electronics/pico_git_stuff/pico-sdk/src/rp2_common/pico_stdio/stdio.c.obj
                0x0000000010003fd4                stdio_flush
 .text.__wrap_puts
                0x0000000010003ff4       0x1e CMakeFiles/glove.dir/media/shared_drive/electronics/pico_git_stuff/pico-sdk/src/rp2_common/pico_stdio/stdio.c.obj
                0x0000000010003ff4                __wrap_puts
 *fill*         0x0000000010004012        0x2 
 .text.__wrap_vprintf
                0x0000000010004014       0x44 CMakeFiles/glove.dir/media/shared_drive/electronics/pico_git_stuff/pico-sdk/src/rp2_common/pico_stdio/stdio.c.obj
                0x0000000010004014                __wrap_vprintf
 .text.__wrap_printf
                0x0000000010004058       0x18 CMakeFiles/glove.dir/media/shared_drive/electronics/pico_git_stuff/pico-sdk/src/rp2_common/pico_stdio/stdio.c.obj
                0x0000000010004058                __wrap_printf
 .text.hw_endpoint_get_by_addr
                0x0000000010004070       0x18 CMakeFiles/glove.dir/media/shared_drive/electronics/pico_git_stuff/pico-sdk/lib/tinyusb/src/portable/raspberrypi/rp2040/dcd_rp2040.c.obj
 .text.reset_ep0_pid
                0x0000000010004088       0x28 CMakeFiles/glove.dir/media/shared_drive/electronics/pico_git_stuff/pico-sdk/lib/tinyusb/src/portable/raspberrypi/rp2040/dcd_rp2040.c.obj
 .text._hw_endpoint_alloc
                0x00000000100040b0       0x70 CMakeFiles/glove.dir/media/shared_drive/electronics/pico_git_stuff/pico-sdk/lib/tinyusb/src/portable/raspberrypi/rp2040/dcd_rp2040.c.obj
 .text.hw_endpoint_init
                0x0000000010004120       0x88 CMakeFiles/glove.dir/media/shared_drive/electronics/pico_git_stuff/pico-sdk/lib/tinyusb/src/portable/raspberrypi/rp2040/dcd_rp2040.c.obj
 .text.reset_non_control_endpoints
                0x00000000100041a8       0x40 CMakeFiles/glove.dir/media/shared_drive/electronics/pico_git_stuff/pico-sdk/lib/tinyusb/src/portable/raspberrypi/rp2040/dcd_rp2040.c.obj
 .text.hw_handle_buff_status
                0x00000000100041e8       0x8c CMakeFiles/glove.dir/media/shared_drive/electronics/pico_git_stuff/pico-sdk/lib/tinyusb/src/portable/raspberrypi/rp2040/dcd_rp2040.c.obj
 .text.dcd_rp2040_irq
                0x0000000010004274       0xc0 CMakeFiles/glove.dir/media/shared_drive/electronics/pico_git_stuff/pico-sdk/lib/tinyusb/src/portable/raspberrypi/rp2040/dcd_rp2040.c.obj
 .text.hw_endpoint_xfer
                0x0000000010004334       0x14 CMakeFiles/glove.dir/media/shared_drive/electronics/pico_git_stuff/pico-sdk/lib/tinyusb/src/portable/raspberrypi/rp2040/dcd_rp2040.c.obj
 .text.dcd_int_enable
                0x0000000010004348       0x2c CMakeFiles/glove.dir/media/shared_drive/electronics/pico_git_stuff/pico-sdk/lib/tinyusb/src/portable/raspberrypi/rp2040/dcd_rp2040.c.obj
                0x0000000010004348                dcd_int_enable
 .text.dcd_connect
                0x0000000010004374       0x10 CMakeFiles/glove.dir/media/shared_drive/electronics/pico_git_stuff/pico-sdk/lib/tinyusb/src/portable/raspberrypi/rp2040/dcd_rp2040.c.obj
                0x0000000010004374                dcd_connect
 .text.dcd_init
                0x0000000010004384       0x7c CMakeFiles/glove.dir/media/shared_drive/electronics/pico_git_stuff/pico-sdk/lib/tinyusb/src/portable/raspberrypi/rp2040/dcd_rp2040.c.obj
                0x0000000010004384                dcd_init
 .text.dcd_edpt_open
                0x0000000010004400       0x40 CMakeFiles/glove.dir/media/shared_drive/electronics/pico_git_stuff/pico-sdk/lib/tinyusb/src/portable/raspberrypi/rp2040/dcd_rp2040.c.obj
                0x0000000010004400                dcd_edpt_open
 .text.dcd_edpt_xfer
                0x0000000010004440       0x30 CMakeFiles/glove.dir/media/shared_drive/electronics/pico_git_stuff/pico-sdk/lib/tinyusb/src/portable/raspberrypi/rp2040/dcd_rp2040.c.obj
                0x0000000010004440                dcd_edpt_xfer
 .text.prepare_ep_buffer
                0x0000000010004470       0x6c CMakeFiles/glove.dir/media/shared_drive/electronics/pico_git_stuff/pico-sdk/lib/tinyusb/src/portable/raspberrypi/rp2040/rp2040_usb.c.obj
 .text.sync_ep_buffer
                0x00000000100044dc       0x78 CMakeFiles/glove.dir/media/shared_drive/electronics/pico_git_stuff/pico-sdk/lib/tinyusb/src/portable/raspberrypi/rp2040/rp2040_usb.c.obj
 .text._hw_endpoint_xfer_sync
                0x0000000010004554       0x28 CMakeFiles/glove.dir/media/shared_drive/electronics/pico_git_stuff/pico-sdk/lib/tinyusb/src/portable/raspberrypi/rp2040/rp2040_usb.c.obj
 .text.rp2040_usb_init
                0x000000001000457c       0x4c CMakeFiles/glove.dir/media/shared_drive/electronics/pico_git_stuff/pico-sdk/lib/tinyusb/src/portable/raspberrypi/rp2040/rp2040_usb.c.obj
                0x000000001000457c                rp2040_usb_init
 .text.hw_endpoint_reset_transfer
                0x00000000100045c8        0xc CMakeFiles/glove.dir/media/shared_drive/electronics/pico_git_stuff/pico-sdk/lib/tinyusb/src/portable/raspberrypi/rp2040/rp2040_usb.c.obj
                0x00000000100045c8                hw_endpoint_reset_transfer
 .text._hw_endpoint_buffer_control_update32
                0x00000000100045d4       0x58 CMakeFiles/glove.dir/media/shared_drive/electronics/pico_git_stuff/pico-sdk/lib/tinyusb/src/portable/raspberrypi/rp2040/rp2040_usb.c.obj
                0x00000000100045d4                _hw_endpoint_buffer_control_update32
 .text._hw_endpoint_start_next_buffer
                0x000000001000462c       0x74 CMakeFiles/glove.dir/media/shared_drive/electronics/pico_git_stuff/pico-sdk/lib/tinyusb/src/portable/raspberrypi/rp2040/rp2040_usb.c.obj
 .text.hw_endpoint_xfer_start
                0x00000000100046a0       0x48 CMakeFiles/glove.dir/media/shared_drive/electronics/pico_git_stuff/pico-sdk/lib/tinyusb/src/portable/raspberrypi/rp2040/rp2040_usb.c.obj
                0x00000000100046a0                hw_endpoint_xfer_start
 .text.hw_endpoint_xfer_continue
                0x00000000100046e8       0x38 CMakeFiles/glove.dir/media/shared_drive/electronics/pico_git_stuff/pico-sdk/lib/tinyusb/src/portable/raspberrypi/rp2040/rp2040_usb.c.obj
                0x00000000100046e8                hw_endpoint_xfer_continue
 .text.osal_queue_send
                0x0000000010004720       0x4c CMakeFiles/glove.dir/media/shared_drive/electronics/pico_git_stuff/pico-sdk/lib/tinyusb/src/device/usbd.c.obj
 .text.tud_init
                0x000000001000476c       0xcc CMakeFiles/glove.dir/media/shared_drive/electronics/pico_git_stuff/pico-sdk/lib/tinyusb/src/device/usbd.c.obj
                0x000000001000476c                tud_init
 .text.dcd_event_handler
                0x0000000010004838       0xd4 CMakeFiles/glove.dir/media/shared_drive/electronics/pico_git_stuff/pico-sdk/lib/tinyusb/src/device/usbd.c.obj
                0x0000000010004838                dcd_event_handler
 .text.dcd_event_bus_signal
                0x000000001000490c       0x26 CMakeFiles/glove.dir/media/shared_drive/electronics/pico_git_stuff/pico-sdk/lib/tinyusb/src/device/usbd.c.obj
                0x000000001000490c                dcd_event_bus_signal
 .text.dcd_event_bus_reset
                0x0000000010004932       0x2a CMakeFiles/glove.dir/media/shared_drive/electronics/pico_git_stuff/pico-sdk/lib/tinyusb/src/device/usbd.c.obj
                0x0000000010004932                dcd_event_bus_reset
 .text.dcd_event_setup_received
                0x000000001000495c       0x34 CMakeFiles/glove.dir/media/shared_drive/electronics/pico_git_stuff/pico-sdk/lib/tinyusb/src/device/usbd.c.obj
                0x000000001000495c                dcd_event_setup_received
 .text.dcd_event_xfer_complete
                0x0000000010004990       0x44 CMakeFiles/glove.dir/media/shared_drive/electronics/pico_git_stuff/pico-sdk/lib/tinyusb/src/device/usbd.c.obj
                0x0000000010004990                dcd_event_xfer_complete
 .text.usbd_edpt_open
                0x00000000100049d4       0x58 CMakeFiles/glove.dir/media/shared_drive/electronics/pico_git_stuff/pico-sdk/lib/tinyusb/src/device/usbd.c.obj
                0x00000000100049d4                usbd_edpt_open
 .text.usbd_open_edpt_pair
                0x0000000010004a2c       0x8c CMakeFiles/glove.dir/media/shared_drive/electronics/pico_git_stuff/pico-sdk/lib/tinyusb/src/device/usbd.c.obj
                0x0000000010004a2c                usbd_open_edpt_pair
 .text.usbd_edpt_xfer
                0x0000000010004ab8       0x80 CMakeFiles/glove.dir/media/shared_drive/electronics/pico_git_stuff/pico-sdk/lib/tinyusb/src/device/usbd.c.obj
                0x0000000010004ab8                usbd_edpt_xfer
 .text._status_stage_xact
                0x0000000010004b38       0x1a CMakeFiles/glove.dir/media/shared_drive/electronics/pico_git_stuff/pico-sdk/lib/tinyusb/src/device/usbd_control.c.obj
 *fill*         0x0000000010004b52        0x2 
 .text._data_stage_xact
                0x0000000010004b54       0x58 CMakeFiles/glove.dir/media/shared_drive/electronics/pico_git_stuff/pico-sdk/lib/tinyusb/src/device/usbd_control.c.obj
 .text.tud_control_status
                0x0000000010004bac       0x28 CMakeFiles/glove.dir/media/shared_drive/electronics/pico_git_stuff/pico-sdk/lib/tinyusb/src/device/usbd_control.c.obj
                0x0000000010004bac                tud_control_status
 .text.tud_control_xfer
                0x0000000010004bd4       0x98 CMakeFiles/glove.dir/media/shared_drive/electronics/pico_git_stuff/pico-sdk/lib/tinyusb/src/device/usbd_control.c.obj
                0x0000000010004bd4                tud_control_xfer
 .text.hidd_reset
                0x0000000010004c6c       0x14 CMakeFiles/glove.dir/media/shared_drive/electronics/pico_git_stuff/pico-sdk/lib/tinyusb/src/class/hid/hid_device.c.obj
                0x0000000010004c6c                hidd_reset
 .text.hidd_init
                0x0000000010004c80        0xa CMakeFiles/glove.dir/media/shared_drive/electronics/pico_git_stuff/pico-sdk/lib/tinyusb/src/class/hid/hid_device.c.obj
                0x0000000010004c80                hidd_init
 *fill*         0x0000000010004c8a        0x2 
 .text.hidd_open
                0x0000000010004c8c       0xf8 CMakeFiles/glove.dir/media/shared_drive/electronics/pico_git_stuff/pico-sdk/lib/tinyusb/src/class/hid/hid_device.c.obj
                0x0000000010004c8c                hidd_open
 .text.hidd_control_xfer_cb
                0x0000000010004d84      0x290 CMakeFiles/glove.dir/media/shared_drive/electronics/pico_git_stuff/pico-sdk/lib/tinyusb/src/class/hid/hid_device.c.obj
                0x0000000010004d84                hidd_control_xfer_cb
 .text.hidd_xfer_cb
                0x0000000010005014       0xa8 CMakeFiles/glove.dir/media/shared_drive/electronics/pico_git_stuff/pico-sdk/lib/tinyusb/src/class/hid/hid_device.c.obj
                0x0000000010005014                hidd_xfer_cb
 .text.tusb_init
                0x00000000100050bc       0x24 CMakeFiles/glove.dir/media/shared_drive/electronics/pico_git_stuff/pico-sdk/lib/tinyusb/src/tusb.c.obj
                0x00000000100050bc                tusb_init
 .text.tu_edpt_validate
                0x00000000100050e0       0xa8 CMakeFiles/glove.dir/media/shared_drive/electronics/pico_git_stuff/pico-sdk/lib/tinyusb/src/tusb.c.obj
                0x00000000100050e0                tu_edpt_validate
 .text.advance_pointer
                0x0000000010005188       0x18 CMakeFiles/glove.dir/media/shared_drive/electronics/pico_git_stuff/pico-sdk/lib/tinyusb/src/common/tusb_fifo.c.obj
 .text.get_relative_pointer
                0x00000000100051a0       0x10 CMakeFiles/glove.dir/media/shared_drive/electronics/pico_git_stuff/pico-sdk/lib/tinyusb/src/common/tusb_fifo.c.obj
 .text.tu_fifo_write
                0x00000000100051b0       0x6a CMakeFiles/glove.dir/media/shared_drive/electronics/pico_git_stuff/pico-sdk/lib/tinyusb/src/common/tusb_fifo.c.obj
                0x00000000100051b0                tu_fifo_write
 .text.tu_fifo_clear
                0x000000001000521a       0x4c CMakeFiles/glove.dir/media/shared_drive/electronics/pico_git_stuff/pico-sdk/lib/tinyusb/src/common/tusb_fifo.c.obj
                0x000000001000521a                tu_fifo_clear
 *fill*         0x0000000010005266        0x2 
 .text.atexit   0x0000000010005268       0x10 /usr/lib/gcc/arm-none-eabi/12.2.0/../../../../arm-none-eabi/lib/thumb/v6-m/nofp/libg.a(lib_a-atexit.o)
                0x0000000010005268                atexit
 .text.__libc_fini_array
                0x0000000010005278       0x28 /usr/lib/gcc/arm-none-eabi/12.2.0/../../../../arm-none-eabi/lib/thumb/v6-m/nofp/libg.a(lib_a-fini.o)
                0x0000000010005278                __libc_fini_array
 .text.strlen   0x00000000100052a0       0x5c /usr/lib/gcc/arm-none-eabi/12.2.0/../../../../arm-none-eabi/lib/thumb/v6-m/nofp/libg.a(lib_a-strlen-stub.o)
                0x00000000100052a0                strlen
 .text.__register_exitproc
                0x00000000100052fc       0xac /usr/lib/gcc/arm-none-eabi/12.2.0/../../../../arm-none-eabi/lib/thumb/v6-m/nofp/libg.a(lib_a-__atexit.o)
                0x00000000100052fc                __register_exitproc
 .text.startup.register_fini
                0x00000000100053a8       0x18 /usr/lib/gcc/arm-none-eabi/12.2.0/../../../../arm-none-eabi/lib/thumb/v6-m/nofp/libg.a(lib_a-__call_atexit.o)
 .text.__retarget_lock_acquire_recursive
                0x00000000100053c0        0x4 /usr/lib/gcc/arm-none-eabi/12.2.0/../../../../arm-none-eabi/lib/thumb/v6-m/nofp/libg.a(lib_a-lock.o)
                0x00000000100053c0                __retarget_lock_acquire_recursive
 .text.__retarget_lock_release_recursive
                0x00000000100053c4        0x4 /usr/lib/gcc/arm-none-eabi/12.2.0/../../../../arm-none-eabi/lib/thumb/v6-m/nofp/libg.a(lib_a-lock.o)
                0x00000000100053c4                __retarget_lock_release_recursive
 *(.fini)
 .fini          0x00000000100053c8        0x4 /usr/lib/gcc/arm-none-eabi/12.2.0/thumb/v6-m/nofp/crti.o
                0x00000000100053c8                _fini
 *fill*         0x00000000100053cc        0x4 
 .fini.__stub   0x00000000100053d0       0x60 linker stubs
 *crtbegin.o(.ctors)
 *crtbegin?.o(.ctors)
 *(EXCLUDE_FILE(*crtend.o *crtend?.o) .ctors)
 *(SORT_BY_NAME(.ctors.*))
 *(.ctors)
 *crtbegin.o(.dtors)
 *crtbegin?.o(.dtors)
 *(EXCLUDE_FILE(*crtend.o *crtend?.o) .dtors)
 *(SORT_BY_NAME(.dtors.*))
 *(.dtors)
 *(.eh_frame*)
 .eh_frame      0x0000000010005430        0x0 /usr/lib/gcc/arm-none-eabi/12.2.0/thumb/v6-m/nofp/crtbegin.o
                0x0000000010005430                . = ALIGN (0x4)

.glue_7         0x0000000010005430        0x0
 .glue_7        0x0000000010005430        0x0 linker stubs

.glue_7t        0x0000000010005430        0x0
 .glue_7t       0x0000000010005430        0x0 linker stubs

.vfp11_veneer   0x0000000010005430        0x0
 .vfp11_veneer  0x0000000010005430        0x0 linker stubs

.v4_bx          0x0000000010005430        0x0
 .v4_bx         0x0000000010005430        0x0 linker stubs

.iplt           0x0000000010005430        0x0
 .iplt          0x0000000010005430        0x0 /usr/lib/gcc/arm-none-eabi/12.2.0/thumb/v6-m/nofp/crtbegin.o

.rodata         0x0000000010005430     0x1424
 *(EXCLUDE_FILE(*libm.a: *libc.a:*lib_a-mem*.o *libgcc.a:) .rodata*)
 .rodata.desc_hid_report
                0x0000000010005430       0xef CMakeFiles/glove.dir/usb_descriptors.c.obj
                0x0000000010005430                desc_hid_report
 *fill*         0x000000001000551f        0x1 
 .rodata.spin_lock_claim_unused.str1.4
                0x0000000010005520       0x1b CMakeFiles/glove.dir/media/shared_drive/electronics/pico_git_stuff/pico-sdk/src/rp2_common/hardware_sync/sync.c.obj
 *fill*         0x000000001000553b        0x1 
 .rodata.resolve_branch.str1.4
                0x000000001000553c       0x72 CMakeFiles/glove.dir/media/shared_drive/electronics/pico_git_stuff/pico-sdk/src/rp2_common/hardware_irq/irq.c.obj
 *fill*         0x00000000100055ae        0x2 
 .rodata.make_branch.str1.4
                0x00000000100055b0       0x30 CMakeFiles/glove.dir/media/shared_drive/electronics/pico_git_stuff/pico-sdk/src/rp2_common/hardware_irq/irq.c.obj
 .rodata.insert_branch_and_link.str1.4
                0x00000000100055e0       0x10 CMakeFiles/glove.dir/media/shared_drive/electronics/pico_git_stuff/pico-sdk/src/rp2_common/hardware_irq/irq.c.obj
 .rodata.irq_set_exclusive_handler.str1.4
                0x00000000100055f0       0x36 CMakeFiles/glove.dir/media/shared_drive/electronics/pico_git_stuff/pico-sdk/src/rp2_common/hardware_irq/irq.c.obj
 *fill*         0x0000000010005626        0x2 
 .rodata.irq_remove_handler.str1.4
                0x0000000010005628       0x2a CMakeFiles/glove.dir/media/shared_drive/electronics/pico_git_stuff/pico-sdk/src/rp2_common/hardware_irq/irq.c.obj
 *fill*         0x0000000010005652        0x2 
 .rodata.irq_add_tail_to_free_list.str1.4
                0x0000000010005654       0x3a CMakeFiles/glove.dir/media/shared_drive/electronics/pico_git_stuff/pico-sdk/src/rp2_common/hardware_irq/irq.c.obj
 *fill*         0x000000001000568e        0x2 
 .rodata.__func__.0
                0x0000000010005690       0x1a CMakeFiles/glove.dir/media/shared_drive/electronics/pico_git_stuff/pico-sdk/src/rp2_common/hardware_irq/irq.c.obj
 *fill*         0x00000000100056aa        0x2 
 .rodata.__func__.1
                0x00000000100056ac       0x17 CMakeFiles/glove.dir/media/shared_drive/electronics/pico_git_stuff/pico-sdk/src/rp2_common/hardware_irq/irq.c.obj
 *fill*         0x00000000100056c3        0x1 
 .rodata.__func__.2
                0x00000000100056c4       0x13 CMakeFiles/glove.dir/media/shared_drive/electronics/pico_git_stuff/pico-sdk/src/rp2_common/hardware_irq/irq.c.obj
 *fill*         0x00000000100056d7        0x1 
 .rodata.__func__.3
                0x00000000100056d8        0xc CMakeFiles/glove.dir/media/shared_drive/electronics/pico_git_stuff/pico-sdk/src/rp2_common/hardware_irq/irq.c.obj
 .rodata.__func__.4
                0x00000000100056e4        0xf CMakeFiles/glove.dir/media/shared_drive/electronics/pico_git_stuff/pico-sdk/src/rp2_common/hardware_irq/irq.c.obj
 *fill*         0x00000000100056f3        0x1 
 .rodata.__func__.6
                0x00000000100056f4       0x1a CMakeFiles/glove.dir/media/shared_drive/electronics/pico_git_stuff/pico-sdk/src/rp2_common/hardware_irq/irq.c.obj
 *fill*         0x000000001000570e        0x2 
 .rodata.get_entry.str1.4
                0x0000000010005710       0x78 CMakeFiles/glove.dir/media/shared_drive/electronics/pico_git_stuff/pico-sdk/src/common/pico_time/time.c.obj
 .rodata.update_us_since_boot.str1.4
                0x0000000010005788       0x7e CMakeFiles/glove.dir/media/shared_drive/electronics/pico_git_stuff/pico-sdk/src/common/pico_time/time.c.obj
 *fill*         0x0000000010005806        0x2 
 .rodata.ph_get_node.str1.4
                0x0000000010005808       0x83 CMakeFiles/glove.dir/media/shared_drive/electronics/pico_git_stuff/pico-sdk/src/common/pico_time/time.c.obj
 *fill*         0x000000001000588b        0x1 
 .rodata.ph_add_child_node.str1.4
                0x000000001000588c       0x2e CMakeFiles/glove.dir/media/shared_drive/electronics/pico_git_stuff/pico-sdk/src/common/pico_time/time.c.obj
 *fill*         0x00000000100058ba        0x2 
 .rodata.ph_insert_node.str1.4
                0x00000000100058bc        0x3 CMakeFiles/glove.dir/media/shared_drive/electronics/pico_git_stuff/pico-sdk/src/common/pico_time/time.c.obj
 *fill*         0x00000000100058bf        0x1 
 .rodata.ph_free_node.str1.4
                0x00000000100058c0       0x22 CMakeFiles/glove.dir/media/shared_drive/electronics/pico_git_stuff/pico-sdk/src/common/pico_time/time.c.obj
 *fill*         0x00000000100058e2        0x2 
 .rodata.add_alarm_under_lock.str1.4
                0x00000000100058e4       0x28 CMakeFiles/glove.dir/media/shared_drive/electronics/pico_git_stuff/pico-sdk/src/common/pico_time/time.c.obj
 .rodata.alarm_pool_alarm_callback.str1.4
                0x000000001000590c       0x60 CMakeFiles/glove.dir/media/shared_drive/electronics/pico_git_stuff/pico-sdk/src/common/pico_time/time.c.obj
 .rodata.alarm_pool_get_default.str1.4
                0x000000001000596c       0x21 CMakeFiles/glove.dir/media/shared_drive/electronics/pico_git_stuff/pico-sdk/src/common/pico_time/time.c.obj
 *fill*         0x000000001000598d        0x3 
 .rodata.alarm_pool_cancel_alarm.str1.4
                0x0000000010005990       0x27 CMakeFiles/glove.dir/media/shared_drive/electronics/pico_git_stuff/pico-sdk/src/common/pico_time/time.c.obj
 *fill*         0x00000000100059b7        0x1 
 .rodata.sleep_until.str1.4
                0x00000000100059b8       0x4d CMakeFiles/glove.dir/media/shared_drive/electronics/pico_git_stuff/pico-sdk/src/common/pico_time/time.c.obj
 *fill*         0x0000000010005a05        0x3 
 .rodata.__func__.1
                0x0000000010005a08       0x18 CMakeFiles/glove.dir/media/shared_drive/electronics/pico_git_stuff/pico-sdk/src/common/pico_time/time.c.obj
 .rodata.__func__.3
                0x0000000010005a20       0x17 CMakeFiles/glove.dir/media/shared_drive/electronics/pico_git_stuff/pico-sdk/src/common/pico_time/time.c.obj
 *fill*         0x0000000010005a37        0x1 
 .rodata.__func__.4
                0x0000000010005a38       0x12 CMakeFiles/glove.dir/media/shared_drive/electronics/pico_git_stuff/pico-sdk/src/common/pico_time/time.c.obj
 *fill*         0x0000000010005a4a        0x2 
 .rodata.__func__.5
                0x0000000010005a4c        0xd CMakeFiles/glove.dir/media/shared_drive/electronics/pico_git_stuff/pico-sdk/src/common/pico_time/time.c.obj
 *fill*         0x0000000010005a59        0x3 
 .rodata.__func__.6
                0x0000000010005a5c       0x12 CMakeFiles/glove.dir/media/shared_drive/electronics/pico_git_stuff/pico-sdk/src/common/pico_time/time.c.obj
 *fill*         0x0000000010005a6e        0x2 
 .rodata.__func__.7
                0x0000000010005a70        0xf CMakeFiles/glove.dir/media/shared_drive/electronics/pico_git_stuff/pico-sdk/src/common/pico_time/time.c.obj
 *fill*         0x0000000010005a7f        0x1 
 .rodata.__func__.8
                0x0000000010005a80        0xc CMakeFiles/glove.dir/media/shared_drive/electronics/pico_git_stuff/pico-sdk/src/common/pico_time/time.c.obj
 .rodata.__func__.9
                0x0000000010005a8c       0x15 CMakeFiles/glove.dir/media/shared_drive/electronics/pico_git_stuff/pico-sdk/src/common/pico_time/time.c.obj
 *fill*         0x0000000010005aa1        0x3 
 .rodata.__func__.10
                0x0000000010005aa4       0x15 CMakeFiles/glove.dir/media/shared_drive/electronics/pico_git_stuff/pico-sdk/src/common/pico_time/time.c.obj
 *fill*         0x0000000010005ab9        0x3 
 .rodata.__func__.11
                0x0000000010005abc       0x1a CMakeFiles/glove.dir/media/shared_drive/electronics/pico_git_stuff/pico-sdk/src/common/pico_time/time.c.obj
 *fill*         0x0000000010005ad6        0x2 
 .rodata.__func__.12
                0x0000000010005ad8        0xa CMakeFiles/glove.dir/media/shared_drive/electronics/pico_git_stuff/pico-sdk/src/common/pico_time/time.c.obj
 *fill*         0x0000000010005ae2        0x2 
 .rodata.hardware_alarm_claim.str1.4
                0x0000000010005ae4       0x22 CMakeFiles/glove.dir/media/shared_drive/electronics/pico_git_stuff/pico-sdk/src/rp2_common/hardware_timer/timer.c.obj
 *fill*         0x0000000010005b06        0x2 
 .rodata.hardware_alarm_set_target.str1.4
                0x0000000010005b08       0x82 CMakeFiles/glove.dir/media/shared_drive/electronics/pico_git_stuff/pico-sdk/src/rp2_common/hardware_timer/timer.c.obj
 *fill*         0x0000000010005b8a        0x2 
 .rodata.__func__.0
                0x0000000010005b8c       0x1a CMakeFiles/glove.dir/media/shared_drive/electronics/pico_git_stuff/pico-sdk/src/rp2_common/hardware_timer/timer.c.obj
 .rodata.ph_get_node.str1.4
                0x0000000010005ba6       0x83 CMakeFiles/glove.dir/media/shared_drive/electronics/pico_git_stuff/pico-sdk/src/common/pico_util/pheap.c.obj
 .rodata.ph_add_child_node.str1.4
                0x0000000010005ba6       0x2e CMakeFiles/glove.dir/media/shared_drive/electronics/pico_git_stuff/pico-sdk/src/common/pico_util/pheap.c.obj
 *fill*         0x0000000010005ba6        0x2 
 .rodata.ph_remove_any_head.str1.4
                0x0000000010005ba8       0xac CMakeFiles/glove.dir/media/shared_drive/electronics/pico_git_stuff/pico-sdk/src/common/pico_util/pheap.c.obj
 .rodata.ph_remove_and_free_node.str1.4
                0x0000000010005c54       0x1e CMakeFiles/glove.dir/media/shared_drive/electronics/pico_git_stuff/pico-sdk/src/common/pico_util/pheap.c.obj
                                         0x26 (size before relaxing)
 *fill*         0x0000000010005c72        0x2 
 .rodata.__func__.0
                0x0000000010005c74       0x18 CMakeFiles/glove.dir/media/shared_drive/electronics/pico_git_stuff/pico-sdk/src/common/pico_util/pheap.c.obj
 .rodata.__func__.1
                0x0000000010005c8c       0x13 CMakeFiles/glove.dir/media/shared_drive/electronics/pico_git_stuff/pico-sdk/src/common/pico_util/pheap.c.obj
 *fill*         0x0000000010005c9f        0x1 
 .rodata.__func__.2
                0x0000000010005ca0       0x12 CMakeFiles/glove.dir/media/shared_drive/electronics/pico_git_stuff/pico-sdk/src/common/pico_util/pheap.c.obj
 *fill*         0x0000000010005cb2        0x2 
 .rodata.__func__.3
                0x0000000010005cb4        0xc CMakeFiles/glove.dir/media/shared_drive/electronics/pico_git_stuff/pico-sdk/src/common/pico_util/pheap.c.obj
 .rodata.update_us_since_boot.str1.4
                0x0000000010005cc0       0x7e CMakeFiles/glove.dir/media/shared_drive/electronics/pico_git_stuff/pico-sdk/src/common/pico_sync/mutex.c.obj
 .rodata.str1.4
                0x0000000010005cc0       0xa9 CMakeFiles/glove.dir/media/shared_drive/electronics/pico_git_stuff/pico-sdk/src/common/pico_sync/mutex.c.obj
 *fill*         0x0000000010005d69        0x3 
 .rodata.__func__.1
                0x0000000010005d6c        0xb CMakeFiles/glove.dir/media/shared_drive/electronics/pico_git_stuff/pico-sdk/src/common/pico_sync/mutex.c.obj
 *fill*         0x0000000010005d77        0x1 
 .rodata.__func__.3
                0x0000000010005d78       0x18 CMakeFiles/glove.dir/media/shared_drive/electronics/pico_git_stuff/pico-sdk/src/common/pico_sync/mutex.c.obj
 .rodata.__func__.4
                0x0000000010005d90       0x15 CMakeFiles/glove.dir/media/shared_drive/electronics/pico_git_stuff/pico-sdk/src/common/pico_sync/mutex.c.obj
 *fill*         0x0000000010005da5        0x3 
 .rodata.__assert_func.str1.4
                0x0000000010005da8       0x3f CMakeFiles/glove.dir/media/shared_drive/electronics/pico_git_stuff/pico-sdk/src/rp2_common/pico_runtime/runtime.c.obj
                                         0x43 (size before relaxing)
 *fill*         0x0000000010005de7        0x1 
 .rodata.runtime_init.str1.4
                0x0000000010005de8       0x7e CMakeFiles/glove.dir/media/shared_drive/electronics/pico_git_stuff/pico-sdk/src/rp2_common/pico_runtime/runtime.c.obj
 *fill*         0x0000000010005e66        0x2 
 .rodata.panic.str1.4
                0x0000000010005e68       0x12 CMakeFiles/glove.dir/media/shared_drive/electronics/pico_git_stuff/pico-sdk/src/rp2_common/pico_runtime/runtime.c.obj
 *fill*         0x0000000010005e7a        0x2 
 .rodata.__func__.1
                0x0000000010005e7c        0xd CMakeFiles/glove.dir/media/shared_drive/electronics/pico_git_stuff/pico-sdk/src/rp2_common/pico_runtime/runtime.c.obj
 *fill*         0x0000000010005e89        0x3 
 .rodata.clock_configure.str1.4
                0x0000000010005e8c       0x74 CMakeFiles/glove.dir/media/shared_drive/electronics/pico_git_stuff/pico-sdk/src/rp2_common/hardware_clocks/clocks.c.obj
 .rodata.__func__.1
                0x0000000010005f00       0x10 CMakeFiles/glove.dir/media/shared_drive/electronics/pico_git_stuff/pico-sdk/src/rp2_common/hardware_clocks/clocks.c.obj
 .rodata.pll_init.str1.4
                0x0000000010005f10      0x157 CMakeFiles/glove.dir/media/shared_drive/electronics/pico_git_stuff/pico-sdk/src/rp2_common/hardware_pll/pll.c.obj
 *fill*         0x0000000010006067        0x1 
 .rodata.__func__.0
                0x0000000010006068        0x9 CMakeFiles/glove.dir/media/shared_drive/electronics/pico_git_stuff/pico-sdk/src/rp2_common/hardware_pll/pll.c.obj
 *fill*         0x0000000010006071        0x3 
 .rodata._ftoa.str1.4
                0x0000000010006074       0x15 CMakeFiles/glove.dir/media/shared_drive/electronics/pico_git_stuff/pico-sdk/src/rp2_common/pico_printf/printf.c.obj
 *fill*         0x0000000010006089        0x3 
 .rodata._vsnprintf
                0x000000001000608c      0x19c CMakeFiles/glove.dir/media/shared_drive/electronics/pico_git_stuff/pico-sdk/src/rp2_common/pico_printf/printf.c.obj
 .rodata.pow10.0
                0x0000000010006228       0x50 CMakeFiles/glove.dir/media/shared_drive/electronics/pico_git_stuff/pico-sdk/src/rp2_common/pico_printf/printf.c.obj
 .rodata.__aeabi_double_init.str1.4
                0x0000000010006278       0xc5 CMakeFiles/glove.dir/media/shared_drive/electronics/pico_git_stuff/pico-sdk/src/rp2_common/pico_double/double_init_rom.c.obj
 *fill*         0x000000001000633d        0x3 
 .rodata.__func__.0
                0x0000000010006340       0x14 CMakeFiles/glove.dir/media/shared_drive/electronics/pico_git_stuff/pico-sdk/src/rp2_common/pico_double/double_init_rom.c.obj
 .rodata.__aeabi_float_init.str1.4
                0x0000000010006354       0x97 CMakeFiles/glove.dir/media/shared_drive/electronics/pico_git_stuff/pico-sdk/src/rp2_common/pico_float/float_init_rom.c.obj
                                         0x9b (size before relaxing)
 *fill*         0x00000000100063eb        0x1 
 .rodata.__func__.0
                0x00000000100063ec       0x13 CMakeFiles/glove.dir/media/shared_drive/electronics/pico_git_stuff/pico-sdk/src/rp2_common/pico_float/float_init_rom.c.obj
 *fill*         0x00000000100063ff        0x1 
 .rodata.str1.4
                0x0000000010006400       0x40 CMakeFiles/glove.dir/media/shared_drive/electronics/pico_git_stuff/pico-sdk/src/rp2_common/pico_standard_link/binary_info.c.obj
 .rodata.__bi_81
                0x0000000010006440        0xc CMakeFiles/glove.dir/media/shared_drive/electronics/pico_git_stuff/pico-sdk/src/rp2_common/pico_standard_link/binary_info.c.obj
 .rodata.__bi_75
                0x000000001000644c        0xc CMakeFiles/glove.dir/media/shared_drive/electronics/pico_git_stuff/pico-sdk/src/rp2_common/pico_standard_link/binary_info.c.obj
 .rodata.__bi_56
                0x0000000010006458        0xc CMakeFiles/glove.dir/media/shared_drive/electronics/pico_git_stuff/pico-sdk/src/rp2_common/pico_standard_link/binary_info.c.obj
 .rodata.__bi_44
                0x0000000010006464        0xc CMakeFiles/glove.dir/media/shared_drive/electronics/pico_git_stuff/pico-sdk/src/rp2_common/pico_standard_link/binary_info.c.obj
 .rodata.crlf_str.3
                0x0000000010006470        0x2 CMakeFiles/glove.dir/media/shared_drive/electronics/pico_git_stuff/pico-sdk/src/rp2_common/pico_stdio/stdio.c.obj
 *fill*         0x0000000010006472        0x2 
 .rodata._hw_endpoint_alloc.str1.4
                0x0000000010006474       0xd5 CMakeFiles/glove.dir/media/shared_drive/electronics/pico_git_stuff/pico-sdk/lib/tinyusb/src/portable/raspberrypi/rp2040/dcd_rp2040.c.obj
 *fill*         0x0000000010006549        0x3 
 .rodata.dcd_rp2040_irq.str1.4
                0x000000001000654c       0x14 CMakeFiles/glove.dir/media/shared_drive/electronics/pico_git_stuff/pico-sdk/lib/tinyusb/src/portable/raspberrypi/rp2040/dcd_rp2040.c.obj
 .rodata.dcd_int_enable.str1.4
                0x0000000010006560        0xc CMakeFiles/glove.dir/media/shared_drive/electronics/pico_git_stuff/pico-sdk/lib/tinyusb/src/portable/raspberrypi/rp2040/dcd_rp2040.c.obj
 .rodata.__func__.0
                0x000000001000656c        0xe CMakeFiles/glove.dir/media/shared_drive/electronics/pico_git_stuff/pico-sdk/lib/tinyusb/src/portable/raspberrypi/rp2040/dcd_rp2040.c.obj
 *fill*         0x000000001000657a        0x2 
 .rodata.__func__.1
                0x000000001000657c        0xe CMakeFiles/glove.dir/media/shared_drive/electronics/pico_git_stuff/pico-sdk/lib/tinyusb/src/portable/raspberrypi/rp2040/dcd_rp2040.c.obj
 *fill*         0x000000001000658a        0x2 
 .rodata.__func__.5
                0x000000001000658c        0xf CMakeFiles/glove.dir/media/shared_drive/electronics/pico_git_stuff/pico-sdk/lib/tinyusb/src/portable/raspberrypi/rp2040/dcd_rp2040.c.obj
 *fill*         0x000000001000659b        0x1 
 .rodata.__func__.6
                0x000000001000659c       0x13 CMakeFiles/glove.dir/media/shared_drive/electronics/pico_git_stuff/pico-sdk/lib/tinyusb/src/portable/raspberrypi/rp2040/dcd_rp2040.c.obj
 *fill*         0x00000000100065af        0x1 
 .rodata.__func__.7
                0x00000000100065b0        0x9 CMakeFiles/glove.dir/media/shared_drive/electronics/pico_git_stuff/pico-sdk/lib/tinyusb/src/portable/raspberrypi/rp2040/dcd_rp2040.c.obj
 *fill*         0x00000000100065b9        0x3 
 .rodata.sync_ep_buffer.str1.4
                0x00000000100065bc       0xb1 CMakeFiles/glove.dir/media/shared_drive/electronics/pico_git_stuff/pico-sdk/lib/tinyusb/src/portable/raspberrypi/rp2040/rp2040_usb.c.obj
 *fill*         0x000000001000666d        0x3 
 .rodata._hw_endpoint_buffer_control_update32.str1.4
                0x0000000010006670       0x1f CMakeFiles/glove.dir/media/shared_drive/electronics/pico_git_stuff/pico-sdk/lib/tinyusb/src/portable/raspberrypi/rp2040/rp2040_usb.c.obj
 *fill*         0x000000001000668f        0x1 
 .rodata.hw_endpoint_xfer_start.str1.4
                0x0000000010006690       0x38 CMakeFiles/glove.dir/media/shared_drive/electronics/pico_git_stuff/pico-sdk/lib/tinyusb/src/portable/raspberrypi/rp2040/rp2040_usb.c.obj
 .rodata.hw_endpoint_xfer_continue.str1.4
                0x00000000100066c8       0x29 CMakeFiles/glove.dir/media/shared_drive/electronics/pico_git_stuff/pico-sdk/lib/tinyusb/src/portable/raspberrypi/rp2040/rp2040_usb.c.obj
 *fill*         0x00000000100066f1        0x3 
 .rodata.__func__.0
                0x00000000100066f4        0xf CMakeFiles/glove.dir/media/shared_drive/electronics/pico_git_stuff/pico-sdk/lib/tinyusb/src/portable/raspberrypi/rp2040/rp2040_usb.c.obj
 *fill*         0x0000000010006703        0x1 
 .rodata.str1.4
                0x0000000010006704        0x7 CMakeFiles/glove.dir/media/shared_drive/electronics/pico_git_stuff/pico-sdk/lib/tinyusb/src/portable/raspberrypi/rp2040/rp2040_usb.c.obj
 *fill*         0x000000001000670b        0x1 
 .rodata.process_set_config.str1.4
                0x000000001000670c       0x17 CMakeFiles/glove.dir/media/shared_drive/electronics/pico_git_stuff/pico-sdk/lib/tinyusb/src/device/usbd.c.obj
 *fill*         0x0000000010006723        0x1 
 .rodata.__func__.2
                0x0000000010006724        0xf CMakeFiles/glove.dir/media/shared_drive/electronics/pico_git_stuff/pico-sdk/lib/tinyusb/src/device/usbd.c.obj
 *fill*         0x0000000010006733        0x1 
 .rodata.__func__.3
                0x0000000010006734        0xf CMakeFiles/glove.dir/media/shared_drive/electronics/pico_git_stuff/pico-sdk/lib/tinyusb/src/device/usbd.c.obj
 *fill*         0x0000000010006743        0x1 
 .rodata.__func__.4
                0x0000000010006744       0x14 CMakeFiles/glove.dir/media/shared_drive/electronics/pico_git_stuff/pico-sdk/lib/tinyusb/src/device/usbd.c.obj
 .rodata.__func__.5
                0x0000000010006758       0x10 CMakeFiles/glove.dir/media/shared_drive/electronics/pico_git_stuff/pico-sdk/lib/tinyusb/src/device/usbd.c.obj
 .rodata._usbd_driver
                0x0000000010006768       0x18 CMakeFiles/glove.dir/media/shared_drive/electronics/pico_git_stuff/pico-sdk/lib/tinyusb/src/device/usbd.c.obj
 .rodata.tud_control_xfer.str1.4
                0x0000000010006780       0x17 CMakeFiles/glove.dir/media/shared_drive/electronics/pico_git_stuff/pico-sdk/lib/tinyusb/src/device/usbd_control.c.obj
 .rodata.__func__.1
                0x0000000010006780       0x11 CMakeFiles/glove.dir/media/shared_drive/electronics/pico_git_stuff/pico-sdk/lib/tinyusb/src/device/usbd_control.c.obj
 *fill*         0x0000000010006791        0x3 
 .rodata.hidd_open.str1.4
                0x0000000010006794       0x11 CMakeFiles/glove.dir/media/shared_drive/electronics/pico_git_stuff/pico-sdk/lib/tinyusb/src/class/hid/hid_device.c.obj
                                         0x29 (size before relaxing)
 *fill*         0x00000000100067a5        0x3 
 .rodata.hidd_control_xfer_cb
                0x00000000100067a8       0x30 CMakeFiles/glove.dir/media/shared_drive/electronics/pico_git_stuff/pico-sdk/lib/tinyusb/src/class/hid/hid_device.c.obj
 .rodata.__func__.0
                0x00000000100067d8        0xd CMakeFiles/glove.dir/media/shared_drive/electronics/pico_git_stuff/pico-sdk/lib/tinyusb/src/class/hid/hid_device.c.obj
 *fill*         0x00000000100067e5        0x3 
 .rodata.__func__.1
                0x00000000100067e8       0x15 CMakeFiles/glove.dir/media/shared_drive/electronics/pico_git_stuff/pico-sdk/lib/tinyusb/src/class/hid/hid_device.c.obj
 *fill*         0x00000000100067fd        0x3 
 .rodata.__PRETTY_FUNCTION__.2
                0x0000000010006800        0xa CMakeFiles/glove.dir/media/shared_drive/electronics/pico_git_stuff/pico-sdk/lib/tinyusb/src/class/hid/hid_device.c.obj
 *fill*         0x000000001000680a        0x2 
 .rodata.__func__.3
                0x000000001000680c        0xa CMakeFiles/glove.dir/media/shared_drive/electronics/pico_git_stuff/pico-sdk/lib/tinyusb/src/class/hid/hid_device.c.obj
 .rodata.tusb_init.str1.4
                0x0000000010006816       0x17 CMakeFiles/glove.dir/media/shared_drive/electronics/pico_git_stuff/pico-sdk/lib/tinyusb/src/tusb.c.obj
 *fill*         0x0000000010006816        0x2 
 .rodata.__func__.0
                0x0000000010006818       0x11 CMakeFiles/glove.dir/media/shared_drive/electronics/pico_git_stuff/pico-sdk/lib/tinyusb/src/tusb.c.obj
 *fill*         0x0000000010006829        0x3 
 .rodata.__func__.1
                0x000000001000682c        0xa CMakeFiles/glove.dir/media/shared_drive/electronics/pico_git_stuff/pico-sdk/lib/tinyusb/src/tusb.c.obj
 *fill*         0x0000000010006836        0x2 
 .rodata.str1.4
                0x0000000010006838        0x4 CMakeFiles/glove.dir/media/shared_drive/electronics/pico_git_stuff/pico-sdk/lib/tinyusb/hw/bsp/rp2040/family.c.obj
 .rodata.__bi_121.0
                0x000000001000683c        0xc CMakeFiles/glove.dir/media/shared_drive/electronics/pico_git_stuff/pico-sdk/lib/tinyusb/hw/bsp/rp2040/family.c.obj
 .rodata.__bi_131.1
                0x0000000010006848        0x8 CMakeFiles/glove.dir/media/shared_drive/electronics/pico_git_stuff/pico-sdk/lib/tinyusb/hw/bsp/rp2040/family.c.obj
 .rodata._global_impure_ptr
                0x0000000010006850        0x4 /usr/lib/gcc/arm-none-eabi/12.2.0/../../../../arm-none-eabi/lib/thumb/v6-m/nofp/libg.a(lib_a-impure.o)
                0x0000000010006850                _global_impure_ptr
                0x0000000010006854                . = ALIGN (0x4)
 *(SORT_BY_ALIGNMENT(SORT_BY_NAME(.flashdata*)))
                0x0000000010006854                . = ALIGN (0x4)

.rel.dyn        0x0000000010006854        0x0
 .rel.iplt      0x0000000010006854        0x0 /usr/lib/gcc/arm-none-eabi/12.2.0/thumb/v6-m/nofp/crtbegin.o

.ARM.extab
 *(.ARM.extab* .gnu.linkonce.armextab.*)
                0x0000000010006854                __exidx_start = .

.ARM.exidx
 *(.ARM.exidx* .gnu.linkonce.armexidx.*)
                0x0000000010006854                __exidx_end = .
                0x0000000010006854                . = ALIGN (0x4)
                0x0000000010006854                __binary_info_start = .

.binary_info    0x0000000010006854       0x28
 *(.binary_info.keep.*)
 .binary_info.keep.__bi_ptr81
                0x0000000010006854        0x4 CMakeFiles/glove.dir/media/shared_drive/electronics/pico_git_stuff/pico-sdk/src/rp2_common/pico_standard_link/binary_info.c.obj
 .binary_info.keep.__bi_ptr75
                0x0000000010006858        0x4 CMakeFiles/glove.dir/media/shared_drive/electronics/pico_git_stuff/pico-sdk/src/rp2_common/pico_standard_link/binary_info.c.obj
 .binary_info.keep.__bi_ptr56
                0x000000001000685c        0x4 CMakeFiles/glove.dir/media/shared_drive/electronics/pico_git_stuff/pico-sdk/src/rp2_common/pico_standard_link/binary_info.c.obj
 .binary_info.keep.__bi_ptr50
                0x0000000010006860        0x4 CMakeFiles/glove.dir/media/shared_drive/electronics/pico_git_stuff/pico-sdk/src/rp2_common/pico_standard_link/binary_info.c.obj
 .binary_info.keep.__bi_ptr44
                0x0000000010006864        0x4 CMakeFiles/glove.dir/media/shared_drive/electronics/pico_git_stuff/pico-sdk/src/rp2_common/pico_standard_link/binary_info.c.obj
 .binary_info.keep.__bi_ptr38
                0x0000000010006868        0x4 CMakeFiles/glove.dir/media/shared_drive/electronics/pico_git_stuff/pico-sdk/src/rp2_common/pico_standard_link/binary_info.c.obj
 .binary_info.keep.__bi_ptr30
                0x000000001000686c        0x4 CMakeFiles/glove.dir/media/shared_drive/electronics/pico_git_stuff/pico-sdk/src/rp2_common/pico_standard_link/binary_info.c.obj
 .binary_info.keep.__bi_ptr22
                0x0000000010006870        0x4 CMakeFiles/glove.dir/media/shared_drive/electronics/pico_git_stuff/pico-sdk/src/rp2_common/pico_standard_link/binary_info.c.obj
 .binary_info.keep.__bi_ptr131
                0x0000000010006874        0x4 CMakeFiles/glove.dir/media/shared_drive/electronics/pico_git_stuff/pico-sdk/lib/tinyusb/hw/bsp/rp2040/family.c.obj
 .binary_info.keep.__bi_ptr121
                0x0000000010006878        0x4 CMakeFiles/glove.dir/media/shared_drive/electronics/pico_git_stuff/pico-sdk/lib/tinyusb/hw/bsp/rp2040/family.c.obj
 *(.binary_info.*)
                0x000000001000687c                __binary_info_end = .
                0x000000001000687c                . = ALIGN (0x4)
                0x000000001000687c                __etext = .

.ram_vector_table
                0x0000000020000000       0xc0
 *(.ram_vector_table)
 .ram_vector_table
                0x0000000020000000       0xc0 CMakeFiles/glove.dir/media/shared_drive/electronics/pico_git_stuff/pico-sdk/src/rp2_common/pico_runtime/runtime.c.obj
                0x0000000020000000                ram_vector_table

.data           0x00000000200000c0      0x6cc load address 0x000000001000687c
                0x00000000200000c0                __data_start__ = .
 *(vtable)
 *(.time_critical*)
 .time_critical.mutex_enter_blocking
                0x00000000200000c0       0x48 CMakeFiles/glove.dir/media/shared_drive/electronics/pico_git_stuff/pico-sdk/src/common/pico_sync/mutex.c.obj
                0x00000000200000c0                mutex_enter_blocking
 .time_critical.mutex_try_enter
                0x0000000020000108       0x46 CMakeFiles/glove.dir/media/shared_drive/electronics/pico_git_stuff/pico-sdk/src/common/pico_sync/mutex.c.obj
                0x0000000020000108                mutex_try_enter
 *fill*         0x000000002000014e        0x2 
 .time_critical.mutex_enter_block_until
                0x0000000020000150       0x8c CMakeFiles/glove.dir/media/shared_drive/electronics/pico_git_stuff/pico-sdk/src/common/pico_sync/mutex.c.obj
                0x0000000020000150                mutex_enter_block_until
 .time_critical.mutex_enter_timeout_ms
                0x00000000200001dc       0x1a CMakeFiles/glove.dir/media/shared_drive/electronics/pico_git_stuff/pico-sdk/src/common/pico_sync/mutex.c.obj
                0x00000000200001dc                mutex_enter_timeout_ms
 *fill*         0x00000000200001f6        0x2 
 .time_critical.mutex_exit
                0x00000000200001f8       0x4c CMakeFiles/glove.dir/media/shared_drive/electronics/pico_git_stuff/pico-sdk/src/common/pico_sync/mutex.c.obj
                0x00000000200001f8                mutex_exit
 *(.text*)
 .text          0x0000000020000244        0x4 /usr/lib/gcc/arm-none-eabi/12.2.0/thumb/v6-m/nofp/libgcc.a(_dvmd_tls.o)
                0x0000000020000244                __aeabi_ldiv0
                0x0000000020000244                __aeabi_idiv0
 .text.__stub   0x0000000020000248       0x30 linker stubs
                0x0000000020000278                . = ALIGN (0x4)
 *(.rodata*)
                0x0000000020000278                . = ALIGN (0x4)
 *(.data*)
 .data.striped_spin_lock_num
                0x0000000020000278        0x1 CMakeFiles/glove.dir/media/shared_drive/electronics/pico_git_stuff/pico-sdk/src/rp2_common/hardware_sync/sync.c.obj
 *fill*         0x0000000020000279        0x3 
 .data          0x000000002000027c       0x48 CMakeFiles/glove.dir/media/shared_drive/electronics/pico_git_stuff/pico-sdk/src/rp2_common/hardware_irq/irq_handler_chain.S.obj
                0x000000002000027c                irq_handler_chain_slots
                0x00000000200002ac                irq_handler_chain_first_slot
                0x00000000200002b6                irq_handler_chain_remove_tail
 .data.default_alarm_pool
                0x00000000200002c4       0x18 CMakeFiles/glove.dir/media/shared_drive/electronics/pico_git_stuff/pico-sdk/src/common/pico_time/time.c.obj
 .data.default_alarm_pool_heap
                0x00000000200002dc       0x10 CMakeFiles/glove.dir/media/shared_drive/electronics/pico_git_stuff/pico-sdk/src/common/pico_time/time.c.obj
 *fill*         0x00000000200002ec        0x4 
 .data.aeabi_bits_funcs
                0x00000000200002f0       0x10 CMakeFiles/glove.dir/media/shared_drive/electronics/pico_git_stuff/pico-sdk/src/rp2_common/pico_bit_ops/bit_ops_aeabi.S.obj
                0x00000000200002f0                aeabi_bits_funcs
                0x0000000020000300                aeabi_bits_funcs_end
 .data.aeabi_mem_funcs
                0x0000000020000300       0x10 CMakeFiles/glove.dir/media/shared_drive/electronics/pico_git_stuff/pico-sdk/src/rp2_common/pico_mem_ops/mem_ops_aeabi.S.obj
                0x0000000020000300                aeabi_mem_funcs
                0x0000000020000310                aeabi_mem_funcs_end
 .data.ep_dir_string
                0x0000000020000310        0x8 CMakeFiles/glove.dir/media/shared_drive/electronics/pico_git_stuff/pico-sdk/lib/tinyusb/src/portable/raspberrypi/rp2040/rp2040_usb.c.obj
                0x0000000020000310                ep_dir_string
 .data._usbd_qdef
                0x0000000020000318       0x24 CMakeFiles/glove.dir/media/shared_drive/electronics/pico_git_stuff/pico-sdk/lib/tinyusb/src/device/usbd.c.obj
                0x0000000020000318                _usbd_qdef
 *fill*         0x000000002000033c        0x4 
 .data.impure_data
                0x0000000020000340      0x428 /usr/lib/gcc/arm-none-eabi/12.2.0/../../../../arm-none-eabi/lib/thumb/v6-m/nofp/libg.a(lib_a-impure.o)
 .data.__atexit_recursive_mutex
                0x0000000020000768        0x4 /usr/lib/gcc/arm-none-eabi/12.2.0/../../../../arm-none-eabi/lib/thumb/v6-m/nofp/libg.a(lib_a-__call_atexit.o)
                0x0000000020000768                __atexit_recursive_mutex
                0x000000002000076c                . = ALIGN (0x4)
 *(.after_data.*)
                0x000000002000076c                . = ALIGN (0x4)
                0x000000002000076c                PROVIDE (__mutex_array_start = .)
 *(SORT_BY_NAME(.mutex_array.*))
 *(.mutex_array)
 .mutex_array   0x000000002000076c        0x8 CMakeFiles/glove.dir/media/shared_drive/electronics/pico_git_stuff/pico-sdk/src/rp2_common/pico_stdio/stdio.c.obj
                0x0000000020000774                PROVIDE (__mutex_array_end = .)
                0x0000000020000774                . = ALIGN (0x4)
                0x0000000020000774                PROVIDE (__preinit_array_start = .)
 *(SORT_BY_NAME(.preinit_array.*))
 .preinit_array.00001
                0x0000000020000774        0x4 CMakeFiles/glove.dir/media/shared_drive/electronics/pico_git_stuff/pico-sdk/src/rp2_common/pico_mem_ops/mem_ops_aeabi.S.obj
 .preinit_array.00010
                0x0000000020000778        0x4 CMakeFiles/glove.dir/media/shared_drive/electronics/pico_git_stuff/pico-sdk/src/rp2_common/pico_bit_ops/bit_ops_aeabi.S.obj
 .preinit_array.00020
                0x000000002000077c        0x4 CMakeFiles/glove.dir/media/shared_drive/electronics/pico_git_stuff/pico-sdk/src/rp2_common/pico_double/double_aeabi.S.obj
 .preinit_array.00020
                0x0000000020000780        0x4 CMakeFiles/glove.dir/media/shared_drive/electronics/pico_git_stuff/pico-sdk/src/rp2_common/pico_float/float_aeabi.S.obj
 *(.preinit_array)
                0x0000000020000784                PROVIDE (__preinit_array_end = .)
                0x0000000020000784                . = ALIGN (0x4)
                0x0000000020000784                PROVIDE (__init_array_start = .)
 *(SORT_BY_NAME(.init_array.*))
 .init_array.00000
                0x0000000020000784        0x4 /usr/lib/gcc/arm-none-eabi/12.2.0/../../../../arm-none-eabi/lib/thumb/v6-m/nofp/libg.a(lib_a-__call_atexit.o)
 *(.init_array)
 .init_array    0x0000000020000788        0x4 /usr/lib/gcc/arm-none-eabi/12.2.0/thumb/v6-m/nofp/crtbegin.o
                0x000000002000078c                PROVIDE (__init_array_end = .)
                0x000000002000078c                . = ALIGN (0x4)
                0x000000002000078c                PROVIDE (__fini_array_start = .)
 *(SORT_BY_NAME(.fini_array.*))
 *(.fini_array)
                0x000000002000078c                PROVIDE (__fini_array_end = .)
 *(.jcr)
                0x000000002000078c                . = ALIGN (0x4)
                0x000000002000078c                __data_end__ = .

.igot.plt       0x000000002000078c        0x0 load address 0x0000000010006f48
 .igot.plt      0x000000002000078c        0x0 /usr/lib/gcc/arm-none-eabi/12.2.0/thumb/v6-m/nofp/crtbegin.o

.uninitialized_data
                0x000000002000078c        0x0 load address 0x0000000010006f48
                0x000000002000078c                . = ALIGN (0x4)
 *(.uninitialized_data*)

.scratch_x      0x0000000020040000        0x0 load address 0x0000000010006f48
                0x0000000020040000                __scratch_x_start__ = .
 *(.scratch_x.*)
                0x0000000020040000                . = ALIGN (0x4)
                0x0000000020040000                __scratch_x_end__ = .
                0x0000000010006f48                __scratch_x_source__ = LOADADDR (.scratch_x)

.scratch_y      0x0000000020041000        0x0 load address 0x0000000010006f48
                0x0000000020041000                __scratch_y_start__ = .
 *(.scratch_y.*)
                0x0000000020041000                . = ALIGN (0x4)
                0x0000000020041000                __scratch_y_end__ = .
                0x0000000010006f48                __scratch_y_source__ = LOADADDR (.scratch_y)

.bss            0x0000000020000790      0x97c
                0x0000000020000790                . = ALIGN (0x4)
                0x0000000020000790                __bss_start__ = .
 *(SORT_BY_ALIGNMENT(SORT_BY_NAME(.bss*)))
 .bss.default_alarm_pool_entries
                0x0000000020000790      0x100 CMakeFiles/glove.dir/media/shared_drive/electronics/pico_git_stuff/pico-sdk/src/common/pico_time/time.c.obj
 .bss.__lock___atexit_recursive_mutex
                0x0000000020000890        0x1 /usr/lib/gcc/arm-none-eabi/12.2.0/../../../../arm-none-eabi/lib/thumb/v6-m/nofp/libg.a(lib_a-lock.o)
                0x0000000020000890                __lock___atexit_recursive_mutex
 *fill*         0x0000000020000891        0x3 
 .bss._app_driver
                0x0000000020000894        0x4 CMakeFiles/glove.dir/media/shared_drive/electronics/pico_git_stuff/pico-sdk/lib/tinyusb/src/device/usbd.c.obj
 .bss._ctrl_xfer
                0x0000000020000898       0x14 CMakeFiles/glove.dir/media/shared_drive/electronics/pico_git_stuff/pico-sdk/lib/tinyusb/src/device/usbd_control.c.obj
 .bss._hidd_itf
                0x00000000200008ac       0x2c CMakeFiles/glove.dir/media/shared_drive/electronics/pico_git_stuff/pico-sdk/lib/tinyusb/src/class/hid/hid_device.c.obj
 .bss._ubsd_mutexdef
                0x00000000200008d8        0x8 CMakeFiles/glove.dir/media/shared_drive/electronics/pico_git_stuff/pico-sdk/lib/tinyusb/src/device/usbd.c.obj
 .bss._usbd_ctrl_buf
                0x00000000200008e0       0x40 CMakeFiles/glove.dir/media/shared_drive/electronics/pico_git_stuff/pico-sdk/lib/tinyusb/src/device/usbd_control.c.obj
 .bss._usbd_dev
                0x0000000020000920       0x53 CMakeFiles/glove.dir/media/shared_drive/electronics/pico_git_stuff/pico-sdk/lib/tinyusb/src/device/usbd.c.obj
 *fill*         0x0000000020000973        0x1 
 .bss._usbd_mutex
                0x0000000020000974        0x4 CMakeFiles/glove.dir/media/shared_drive/electronics/pico_git_stuff/pico-sdk/lib/tinyusb/src/device/usbd.c.obj
 .bss._usbd_q   0x0000000020000978        0x4 CMakeFiles/glove.dir/media/shared_drive/electronics/pico_git_stuff/pico-sdk/lib/tinyusb/src/device/usbd.c.obj
 .bss._usbd_qdef_buf
                0x000000002000097c       0xc0 CMakeFiles/glove.dir/media/shared_drive/electronics/pico_git_stuff/pico-sdk/lib/tinyusb/src/device/usbd.c.obj
                0x000000002000097c                _usbd_qdef_buf
 .bss.alarm_callbacks
                0x0000000020000a3c       0x10 CMakeFiles/glove.dir/media/shared_drive/electronics/pico_git_stuff/pico-sdk/src/rp2_common/hardware_timer/timer.c.obj
 .bss.claimed   0x0000000020000a4c        0x4 CMakeFiles/glove.dir/media/shared_drive/electronics/pico_git_stuff/pico-sdk/src/rp2_common/hardware_sync/sync.c.obj
 .bss.configured_freq
                0x0000000020000a50       0x28 CMakeFiles/glove.dir/media/shared_drive/electronics/pico_git_stuff/pico-sdk/src/rp2_common/hardware_clocks/clocks.c.obj
 .bss.default_alarm_pool_entry_ids_high
                0x0000000020000a78       0x10 CMakeFiles/glove.dir/media/shared_drive/electronics/pico_git_stuff/pico-sdk/src/common/pico_time/time.c.obj
 .bss.default_alarm_pool_heap_nodes
                0x0000000020000a88       0x30 CMakeFiles/glove.dir/media/shared_drive/electronics/pico_git_stuff/pico-sdk/src/common/pico_time/time.c.obj
 .bss.drivers   0x0000000020000ab8        0x4 CMakeFiles/glove.dir/media/shared_drive/electronics/pico_git_stuff/pico-sdk/src/rp2_common/pico_stdio/stdio.c.obj
 .bss.filter    0x0000000020000abc        0x4 CMakeFiles/glove.dir/media/shared_drive/electronics/pico_git_stuff/pico-sdk/src/rp2_common/pico_stdio/stdio.c.obj
 .bss.hw_endpoints
                0x0000000020000ac0      0x400 CMakeFiles/glove.dir/media/shared_drive/electronics/pico_git_stuff/pico-sdk/lib/tinyusb/src/portable/raspberrypi/rp2040/dcd_rp2040.c.obj
 .bss.next_buffer_ptr
                0x0000000020000ec0        0x4 CMakeFiles/glove.dir/media/shared_drive/electronics/pico_git_stuff/pico-sdk/lib/tinyusb/src/portable/raspberrypi/rp2040/dcd_rp2040.c.obj
 .bss.object.0  0x0000000020000ec4       0x18 /usr/lib/gcc/arm-none-eabi/12.2.0/thumb/v6-m/nofp/crtbegin.o