Archive member included to satisfy reference by file (symbol)

/usr/lib/gcc/arm-none-eabi/12.2.0/thumb/v6-m/nofp/libgcc.a(_dvmd_tls.o)
                              CMakeFiles/ProjectName.dir/media/shared_drive/electronics/pico_git_stuff/pico-sdk/src/rp2_common/pico_divider/divider.S.obj (__aeabi_idiv0)
/usr/lib/gcc/arm-none-eabi/12.2.0/../../../../arm-none-eabi/lib/thumb/v6-m/nofp/libg.a(lib_a-atexit.o)
                              /usr/lib/gcc/arm-none-eabi/12.2.0/../../../../arm-none-eabi/lib/thumb/v6-m/nofp/crt0.o (atexit)
/usr/lib/gcc/arm-none-eabi/12.2.0/../../../../arm-none-eabi/lib/thumb/v6-m/nofp/libg.a(lib_a-calloc.o)
                              CMakeFiles/ProjectName.dir/media/shared_drive/electronics/pico_git_stuff/pico-sdk/src/rp2_common/pico_malloc/pico_malloc.c.obj (calloc)
/usr/lib/gcc/arm-none-eabi/12.2.0/../../../../arm-none-eabi/lib/thumb/v6-m/nofp/libg.a(lib_a-callocr.o)
                              /usr/lib/gcc/arm-none-eabi/12.2.0/../../../../arm-none-eabi/lib/thumb/v6-m/nofp/libg.a(lib_a-calloc.o) (_calloc_r)
/usr/lib/gcc/arm-none-eabi/12.2.0/../../../../arm-none-eabi/lib/thumb/v6-m/nofp/libg.a(lib_a-ctype_.o)
                              CMakeFiles/ProjectName.dir/media/shared_drive/electronics/pico_git_stuff/pico-sdk/lib/tinyusb/src/tusb.c.obj (_ctype_)
/usr/lib/gcc/arm-none-eabi/12.2.0/../../../../arm-none-eabi/lib/thumb/v6-m/nofp/libg.a(lib_a-errno.o)
                              /usr/lib/gcc/arm-none-eabi/12.2.0/../../../../arm-none-eabi/lib/thumb/v6-m/nofp/libg.a(lib_a-callocr.o) (__errno)
/usr/lib/gcc/arm-none-eabi/12.2.0/../../../../arm-none-eabi/lib/thumb/v6-m/nofp/libg.a(lib_a-fini.o)
                              /usr/lib/gcc/arm-none-eabi/12.2.0/../../../../arm-none-eabi/lib/thumb/v6-m/nofp/crt0.o (__libc_fini_array)
/usr/lib/gcc/arm-none-eabi/12.2.0/../../../../arm-none-eabi/lib/thumb/v6-m/nofp/libg.a(lib_a-impure.o)
                              /usr/lib/gcc/arm-none-eabi/12.2.0/../../../../arm-none-eabi/lib/thumb/v6-m/nofp/libg.a(lib_a-calloc.o) (_impure_ptr)
/usr/lib/gcc/arm-none-eabi/12.2.0/../../../../arm-none-eabi/lib/thumb/v6-m/nofp/libg.a(lib_a-init.o)
                              /usr/lib/gcc/arm-none-eabi/12.2.0/../../../../arm-none-eabi/lib/thumb/v6-m/nofp/crt0.o (__libc_init_array)
/usr/lib/gcc/arm-none-eabi/12.2.0/../../../../arm-none-eabi/lib/thumb/v6-m/nofp/libg.a(lib_a-malloc.o)
                              CMakeFiles/ProjectName.dir/media/shared_drive/electronics/pico_git_stuff/pico-sdk/src/rp2_common/pico_malloc/pico_malloc.c.obj (malloc)
/usr/lib/gcc/arm-none-eabi/12.2.0/../../../../arm-none-eabi/lib/thumb/v6-m/nofp/libg.a(lib_a-mallocr.o)
                              /usr/lib/gcc/arm-none-eabi/12.2.0/../../../../arm-none-eabi/lib/thumb/v6-m/nofp/libg.a(lib_a-callocr.o) (_malloc_r)
/usr/lib/gcc/arm-none-eabi/12.2.0/../../../../arm-none-eabi/lib/thumb/v6-m/nofp/libg.a(lib_a-mlock.o)
                              /usr/lib/gcc/arm-none-eabi/12.2.0/../../../../arm-none-eabi/lib/thumb/v6-m/nofp/libg.a(lib_a-mallocr.o) (__malloc_lock)
/usr/lib/gcc/arm-none-eabi/12.2.0/../../../../arm-none-eabi/lib/thumb/v6-m/nofp/libg.a(lib_a-realloc.o)
                              CMakeFiles/ProjectName.dir/media/shared_drive/electronics/pico_git_stuff/pico-sdk/src/rp2_common/pico_malloc/pico_malloc.c.obj (realloc)
/usr/lib/gcc/arm-none-eabi/12.2.0/../../../../arm-none-eabi/lib/thumb/v6-m/nofp/libg.a(lib_a-reallocr.o)
                              /usr/lib/gcc/arm-none-eabi/12.2.0/../../../../arm-none-eabi/lib/thumb/v6-m/nofp/libg.a(lib_a-realloc.o) (_realloc_r)
/usr/lib/gcc/arm-none-eabi/12.2.0/../../../../arm-none-eabi/lib/thumb/v6-m/nofp/libg.a(lib_a-sbrkr.o)
                              /usr/lib/gcc/arm-none-eabi/12.2.0/../../../../arm-none-eabi/lib/thumb/v6-m/nofp/libg.a(lib_a-mallocr.o) (_sbrk_r)
/usr/lib/gcc/arm-none-eabi/12.2.0/../../../../arm-none-eabi/lib/thumb/v6-m/nofp/libg.a(lib_a-signal.o)
                              CMakeFiles/ProjectName.dir/main.c.obj (signal)
/usr/lib/gcc/arm-none-eabi/12.2.0/../../../../arm-none-eabi/lib/thumb/v6-m/nofp/libg.a(lib_a-signalr.o)
                              /usr/lib/gcc/arm-none-eabi/12.2.0/../../../../arm-none-eabi/lib/thumb/v6-m/nofp/libg.a(lib_a-signal.o) (_kill_r)
/usr/lib/gcc/arm-none-eabi/12.2.0/../../../../arm-none-eabi/lib/thumb/v6-m/nofp/libg.a(lib_a-strlen-stub.o)
                              CMakeFiles/ProjectName.dir/media/shared_drive/electronics/pico_git_stuff/pico-sdk/src/rp2_common/pico_stdio/stdio.c.obj (strlen)
/usr/lib/gcc/arm-none-eabi/12.2.0/../../../../arm-none-eabi/lib/thumb/v6-m/nofp/libg.a(lib_a-__atexit.o)
                              /usr/lib/gcc/arm-none-eabi/12.2.0/../../../../arm-none-eabi/lib/thumb/v6-m/nofp/libg.a(lib_a-atexit.o) (__register_exitproc)
/usr/lib/gcc/arm-none-eabi/12.2.0/../../../../arm-none-eabi/lib/thumb/v6-m/nofp/libg.a(lib_a-__call_atexit.o)
[...]
Memory Configuration

Name             Origin             Length             Attributes
FLASH            0x0000000010000000 0x0000000000200000 xr
RAM              0x0000000020000000 0x0000000000040000 xrw
SCRATCH_X        0x0000000020040000 0x0000000000001000 xrw
SCRATCH_Y        0x0000000020041000 0x0000000000001000 xrw
*default*        0x0000000000000000 0xffffffffffffffff

Linker script and memory map

LOAD /usr/lib/gcc/arm-none-eabi/12.2.0/thumb/v6-m/nofp/crti.o
LOAD /usr/lib/gcc/arm-none-eabi/12.2.0/thumb/v6-m/nofp/crtbegin.o
LOAD /usr/lib/gcc/arm-none-eabi/12.2.0/../../../../arm-none-eabi/lib/thumb/v6-m/nofp/crt0.o

.flash_begin    0x0000000010000000        0x0
                0x0000000010000000                __flash_binary_start = .

.boot2          0x0000000010000000      0x100
                0x0000000010000000                __boot2_start__ = .
 *(.boot2)
 .boot2         0x0000000010000000      0x100 /tmp/ccHrXQlo.o
                0x0000000010000100                __boot2_end__ = .
                0x0000000000000001                ASSERT (((__boot2_end__ - __boot2_start__) == 0x100), ERROR: Pico second stage bootloader must be 256 bytes in size)

.text           0x0000000010000100     0x80b0
                0x0000000010000100                __logical_binary_start = .
 *(.vectors)
 .vectors       0x0000000010000100       0xd4 CMakeFiles/ProjectName.dir/media/shared_drive/electronics/pico_git_stuff/pico-sdk/src/rp2_common/pico_standard_link/crt0.S.obj
                0x0000000010000100                __vectors
                0x0000000010000100                __VECTOR_TABLE
                0x00000000100001c0                isr_invalid
                0x00000000100001c0                __default_isrs_start
                0x00000000100001c2                isr_nmi
                0x00000000100001c4                isr_hardfault
                0x00000000100001c6                isr_svcall
                0x00000000100001c8                isr_pendsv
                0x00000000100001ca                isr_systick
                0x00000000100001cc                isr_irq30
                0x00000000100001cc                __unhandled_user_irq
                0x00000000100001cc                isr_irq13
                0x00000000100001cc                isr_irq27
                0x00000000100001cc                isr_irq31
                0x00000000100001cc                isr_irq5
                0x00000000100001cc                isr_irq11
                0x00000000100001cc                isr_irq23
                0x00000000100001cc                isr_irq18
                0x00000000100001cc                isr_irq28
                0x00000000100001cc                isr_irq19
                0x00000000100001cc                isr_irq0
                0x00000000100001cc                isr_irq6
                0x00000000100001cc                isr_irq22
                0x00000000100001cc                isr_irq17
                0x00000000100001cc                isr_irq14
                0x00000000100001cc                isr_irq2
                0x00000000100001cc                isr_irq10
                0x00000000100001cc                isr_irq8
                0x00000000100001cc                isr_irq24
                0x00000000100001cc                isr_irq1
                0x00000000100001cc                isr_irq7
                0x00000000100001cc                isr_irq21
                0x00000000100001cc                isr_irq20
                0x00000000100001cc                isr_irq15
                0x00000000100001cc                isr_irq25
                0x00000000100001cc                isr_irq4
                0x00000000100001cc                isr_irq16
                0x00000000100001cc                isr_irq29
                0x00000000100001cc                isr_irq26
                0x00000000100001cc                __default_isrs_end
                0x00000000100001cc                isr_irq3
                0x00000000100001cc                isr_irq12
                0x00000000100001cc                isr_irq9
                0x00000000100001d2                unhandled_user_irq_num_in_r0
 *(.binary_info_header)
 .binary_info_header
                0x00000000100001d4       0x14 CMakeFiles/ProjectName.dir/media/shared_drive/electronics/pico_git_stuff/pico-sdk/src/rp2_common/pico_standard_link/crt0.S.obj
                0x00000000100001e8                __binary_info_header_end = .
 *(.reset)
 .reset         0x00000000100001e8       0xa8 CMakeFiles/ProjectName.dir/media/shared_drive/electronics/pico_git_stuff/pico-sdk/src/rp2_common/pico_standard_link/crt0.S.obj
                0x00000000100001e8                _entry_point
                0x0000000010000266                __get_current_exception
 .reset         0x0000000010000290       0x30 CMakeFiles/ProjectName.dir/media/shared_drive/electronics/pico_git_stuff/pico-sdk/src/rp2_common/pico_standard_link/binary_info.c.obj
 *(.init)
 .init          0x00000000100002c0        0x4 /usr/lib/gcc/arm-none-eabi/12.2.0/thumb/v6-m/nofp/crti.o
                0x00000000100002c0                _init
 *(EXCLUDE_FILE(*libm.a: *libc.a:*lib_a-mem*.o *libgcc.a:) .text*)
 .text.frame_dummy
                0x00000000100002c4       0x20 /usr/lib/gcc/arm-none-eabi/12.2.0/thumb/v6-m/nofp/crtbegin.o
 .text.sigint_handler
                0x00000000100002e4       0x14 CMakeFiles/ProjectName.dir/main.c.obj
                0x00000000100002e4                sigint_handler
 .text.adc_gpio_init
                0x00000000100002f8       0x1e CMakeFiles/ProjectName.dir/main.c.obj
 *fill*         0x0000000010000316        0x2 
 .text.main     0x0000000010000318       0xdc CMakeFiles/ProjectName.dir/main.c.obj
                0x0000000010000318                main
 .text.reset_imu
                0x00000000100003f4       0x54 CMakeFiles/ProjectName.dir/imu_handler.c.obj
                0x00000000100003f4                reset_imu
 .text.imu_init
                0x0000000010000448       0x24 CMakeFiles/ProjectName.dir/imu_handler.c.obj
                0x0000000010000448                imu_init
 .text.read_imu_raw
                0x000000001000046c       0x8c CMakeFiles/ProjectName.dir/imu_handler.c.obj
                0x000000001000046c                read_imu_raw
 .text.read_imu
                0x00000000100004f8       0x78 CMakeFiles/ProjectName.dir/imu_handler.c.obj
                0x00000000100004f8                read_imu
 .text.gpio_set_function
                0x0000000010000570       0x30 CMakeFiles/ProjectName.dir/media/shared_drive/electronics/pico_git_stuff/pico-sdk/src/rp2_common/hardware_gpio/gpio.c.obj
                0x0000000010000570                gpio_set_function
 .text.gpio_set_pulls
                0x00000000100005a0       0x34 CMakeFiles/ProjectName.dir/media/shared_drive/electronics/pico_git_stuff/pico-sdk/src/rp2_common/hardware_gpio/gpio.c.obj
                0x00000000100005a0                gpio_set_pulls
 .text.gpio_set_input_enabled
                0x00000000100005d4       0x30 CMakeFiles/ProjectName.dir/media/shared_drive/electronics/pico_git_stuff/pico-sdk/src/rp2_common/hardware_gpio/gpio.c.obj
                0x00000000100005d4                gpio_set_input_enabled
 .text.gpio_init
                0x0000000010000604       0x16 CMakeFiles/ProjectName.dir/media/shared_drive/electronics/pico_git_stuff/pico-sdk/src/rp2_common/hardware_gpio/gpio.c.obj
                0x0000000010000604                gpio_init
 *fill*         0x000000001000061a        0x2 
 .text.hw_claim_lock
                0x000000001000061c       0x18 CMakeFiles/ProjectName.dir/media/shared_drive/electronics/pico_git_stuff/pico-sdk/src/rp2_common/hardware_claim/claim.c.obj
                0x000000001000061c                hw_claim_lock
 .text.hw_claim_unlock
                0x0000000010000634       0x14 CMakeFiles/ProjectName.dir/media/shared_drive/electronics/pico_git_stuff/pico-sdk/src/rp2_common/hardware_claim/claim.c.obj
                0x0000000010000634                hw_claim_unlock
 .text.hw_claim_or_assert
                0x0000000010000648       0x32 CMakeFiles/ProjectName.dir/media/shared_drive/electronics/pico_git_stuff/pico-sdk/src/rp2_common/hardware_claim/claim.c.obj
                0x0000000010000648                hw_claim_or_assert
 .text.hw_claim_unused_from_range
                0x000000001000067a       0x50 CMakeFiles/ProjectName.dir/media/shared_drive/electronics/pico_git_stuff/pico-sdk/src/rp2_common/hardware_claim/claim.c.obj
                0x000000001000067a                hw_claim_unused_from_range
 *fill*         0x00000000100006ca        0x2 
 .text.running_on_fpga
                0x00000000100006cc       0x14 CMakeFiles/ProjectName.dir/media/shared_drive/electronics/pico_git_stuff/pico-sdk/src/rp2_common/pico_platform/platform.c.obj
                0x00000000100006cc                running_on_fpga
 .text.spin_locks_reset
                0x00000000100006e0       0x20 CMakeFiles/ProjectName.dir/media/shared_drive/electronics/pico_git_stuff/pico-sdk/src/rp2_common/hardware_sync/sync.c.obj
                0x00000000100006e0                spin_locks_reset
 .text.next_striped_spin_lock_num
                0x0000000010000700       0x1c CMakeFiles/ProjectName.dir/media/shared_drive/electronics/pico_git_stuff/pico-sdk/src/rp2_common/hardware_sync/sync.c.obj
                0x0000000010000700                next_striped_spin_lock_num
 .text.spin_lock_claim_unused
                0x000000001000071c       0x24 CMakeFiles/ProjectName.dir/media/shared_drive/electronics/pico_git_stuff/pico-sdk/src/rp2_common/hardware_sync/sync.c.obj
                0x000000001000071c                spin_lock_claim_unused
 .text.set_raw_irq_handler_and_unlock
                0x0000000010000740       0x28 CMakeFiles/ProjectName.dir/media/shared_drive/electronics/pico_git_stuff/pico-sdk/src/rp2_common/hardware_irq/irq.c.obj
 .text.resolve_branch
                0x0000000010000768       0x30 CMakeFiles/ProjectName.dir/media/shared_drive/electronics/pico_git_stuff/pico-sdk/src/rp2_common/hardware_irq/irq.c.obj
 .text.make_branch
                0x0000000010000798       0x48 CMakeFiles/ProjectName.dir/media/shared_drive/electronics/pico_git_stuff/pico-sdk/src/rp2_common/hardware_irq/irq.c.obj
 .text.insert_branch_and_link
                0x00000000100007e0       0x40 CMakeFiles/ProjectName.dir/media/shared_drive/electronics/pico_git_stuff/pico-sdk/src/rp2_common/hardware_irq/irq.c.obj
 .text.irq_is_enabled
                0x0000000010000820       0x18 CMakeFiles/ProjectName.dir/media/shared_drive/electronics/pico_git_stuff/pico-sdk/src/rp2_common/hardware_irq/irq.c.obj
                0x0000000010000820                irq_is_enabled
 .text.irq_set_mask_enabled
                0x0000000010000838       0x20 CMakeFiles/ProjectName.dir/media/shared_drive/electronics/pico_git_stuff/pico-sdk/src/rp2_common/hardware_irq/irq.c.obj
                0x0000000010000838                irq_set_mask_enabled
 .text.irq_set_enabled
                0x0000000010000858        0xe CMakeFiles/ProjectName.dir/media/shared_drive/electronics/pico_git_stuff/pico-sdk/src/rp2_common/hardware_irq/irq.c.obj
                0x0000000010000858                irq_set_enabled
 *fill*         0x0000000010000866        0x2 
 .text.irq_set_pending
                0x0000000010000868       0x10 CMakeFiles/ProjectName.dir/media/shared_drive/electronics/pico_git_stuff/pico-sdk/src/rp2_common/hardware_irq/irq.c.obj
                0x0000000010000868                irq_set_pending
 .text.irq_get_vtable_handler
                0x0000000010000878       0x10 CMakeFiles/ProjectName.dir/media/shared_drive/electronics/pico_git_stuff/pico-sdk/src/rp2_common/hardware_irq/irq.c.obj
                0x0000000010000878                irq_get_vtable_handler
 .text.irq_has_shared_handler
                0x0000000010000888       0x24 CMakeFiles/ProjectName.dir/media/shared_drive/electronics/pico_git_stuff/pico-sdk/src/rp2_common/hardware_irq/irq.c.obj
                0x0000000010000888                irq_has_shared_handler
 .text.irq_set_exclusive_handler
                0x00000000100008ac       0x54 CMakeFiles/ProjectName.dir/media/shared_drive/electronics/pico_git_stuff/pico-sdk/src/rp2_common/hardware_irq/irq.c.obj
                0x00000000100008ac                irq_set_exclusive_handler
 .text.irq_add_shared_handler
                0x0000000010000900      0x210 CMakeFiles/ProjectName.dir/media/shared_drive/electronics/pico_git_stuff/pico-sdk/src/rp2_common/hardware_irq/irq.c.obj
                0x0000000010000900                irq_add_shared_handler
 .text.irq_remove_handler
                0x0000000010000b10      0x188 CMakeFiles/ProjectName.dir/media/shared_drive/electronics/pico_git_stuff/pico-sdk/src/rp2_common/hardware_irq/irq.c.obj
                0x0000000010000b10                irq_remove_handler
 .text.irq_add_tail_to_free_list
                0x0000000010000c98       0xf0 CMakeFiles/ProjectName.dir/media/shared_drive/electronics/pico_git_stuff/pico-sdk/src/rp2_common/hardware_irq/irq.c.obj
                0x0000000010000c98                irq_add_tail_to_free_list
 .text.irq_init_priorities
                0x0000000010000d88       0x1c CMakeFiles/ProjectName.dir/media/shared_drive/electronics/pico_git_stuff/pico-sdk/src/rp2_common/hardware_irq/irq.c.obj
                0x0000000010000d88                irq_init_priorities
 .text.user_irq_claim_unused
                0x0000000010000da4       0x30 CMakeFiles/ProjectName.dir/media/shared_drive/electronics/pico_git_stuff/pico-sdk/src/rp2_common/hardware_irq/irq.c.obj
                0x0000000010000da4                user_irq_claim_unused
 .text.lock_init
                0x0000000010000dd4       0x10 CMakeFiles/ProjectName.dir/media/shared_drive/electronics/pico_git_stuff/pico-sdk/src/common/pico_sync/lock_core.c.obj
                0x0000000010000dd4                lock_init
 .text.time_reached
                0x0000000010000de4       0x28 CMakeFiles/ProjectName.dir/media/shared_drive/electronics/pico_git_stuff/pico-sdk/src/common/pico_time/time.c.obj
 .text.get_entry
                0x0000000010000e0c       0x38 CMakeFiles/ProjectName.dir/media/shared_drive/electronics/pico_git_stuff/pico-sdk/src/common/pico_time/time.c.obj
 .text.timer_pool_entry_comparator
                0x0000000010000e44       0x2e CMakeFiles/ProjectName.dir/media/shared_drive/electronics/pico_git_stuff/pico-sdk/src/common/pico_time/time.c.obj
                0x0000000010000e44                timer_pool_entry_comparator
 *fill*         0x0000000010000e72        0x2 
 .text.update_us_since_boot
                0x0000000010000e74       0x24 CMakeFiles/ProjectName.dir/media/shared_drive/electronics/pico_git_stuff/pico-sdk/src/common/pico_time/time.c.obj
 .text.delayed_by_us
                0x0000000010000e98       0x36 CMakeFiles/ProjectName.dir/media/shared_drive/electronics/pico_git_stuff/pico-sdk/src/common/pico_time/time.c.obj
 *fill*         0x0000000010000ece        0x2 
 .text.ph_get_node
                0x0000000010000ed0       0x30 CMakeFiles/ProjectName.dir/media/shared_drive/electronics/pico_git_stuff/pico-sdk/src/common/pico_time/time.c.obj
 .text.ph_contains_node
                0x0000000010000f00       0x1e CMakeFiles/ProjectName.dir/media/shared_drive/electronics/pico_git_stuff/pico-sdk/src/common/pico_time/time.c.obj
 .text.ph_new_node
                0x0000000010000f1e       0x28 CMakeFiles/ProjectName.dir/media/shared_drive/electronics/pico_git_stuff/pico-sdk/src/common/pico_time/time.c.obj
 *fill*         0x0000000010000f46        0x2 
 .text.ph_add_child_node
                0x0000000010000f48       0x6c CMakeFiles/ProjectName.dir/media/shared_drive/electronics/pico_git_stuff/pico-sdk/src/common/pico_time/time.c.obj
 .text.ph_merge_nodes
                0x0000000010000fb4       0x3e CMakeFiles/ProjectName.dir/media/shared_drive/electronics/pico_git_stuff/pico-sdk/src/common/pico_time/time.c.obj
 *fill*         0x0000000010000ff2        0x2 
 .text.ph_insert_node
                0x0000000010000ff4       0x3c CMakeFiles/ProjectName.dir/media/shared_drive/electronics/pico_git_stuff/pico-sdk/src/common/pico_time/time.c.obj
 .text.ph_free_node
                0x0000000010001030       0x3c CMakeFiles/ProjectName.dir/media/shared_drive/electronics/pico_git_stuff/pico-sdk/src/common/pico_time/time.c.obj
 .text.get_entry_id_high
                0x000000001000106c       0x30 CMakeFiles/ProjectName.dir/media/shared_drive/electronics/pico_git_stuff/pico-sdk/src/common/pico_time/time.c.obj
 .text.alarm_pool_post_alloc_init
                0x000000001000109c       0x40 CMakeFiles/ProjectName.dir/media/shared_drive/electronics/pico_git_stuff/pico-sdk/src/common/pico_time/time.c.obj
 .text.sleep_until_callback
                0x00000000100010dc       0x30 CMakeFiles/ProjectName.dir/media/shared_drive/electronics/pico_git_stuff/pico-sdk/src/common/pico_time/time.c.obj
 .text.get_absolute_time
                0x000000001000110c       0x22 CMakeFiles/ProjectName.dir/media/shared_drive/electronics/pico_git_stuff/pico-sdk/src/common/pico_time/time.c.obj
 .text.make_timeout_time_us
                0x000000001000112e       0x24 CMakeFiles/ProjectName.dir/media/shared_drive/electronics/pico_git_stuff/pico-sdk/src/common/pico_time/time.c.obj
 *fill*         0x0000000010001152        0x2 
 .text.add_alarm_under_lock
                0x0000000010001154       0x94 CMakeFiles/ProjectName.dir/media/shared_drive/electronics/pico_git_stuff/pico-sdk/src/common/pico_time/time.c.obj
 .text.alarm_pool_alarm_callback
                0x00000000100011e8      0x20c CMakeFiles/ProjectName.dir/media/shared_drive/electronics/pico_git_stuff/pico-sdk/src/common/pico_time/time.c.obj
 .text.alarm_pool_init_default
                0x00000000100013f4       0x38 CMakeFiles/ProjectName.dir/media/shared_drive/electronics/pico_git_stuff/pico-sdk/src/common/pico_time/time.c.obj
                0x00000000100013f4                alarm_pool_init_default
 .text.alarm_pool_get_default
                0x000000001000142c       0x2c CMakeFiles/ProjectName.dir/media/shared_drive/electronics/pico_git_stuff/pico-sdk/src/common/pico_time/time.c.obj
                0x000000001000142c                alarm_pool_get_default
 .text.alarm_pool_add_alarm_at
                0x0000000010001458      0x10e CMakeFiles/ProjectName.dir/media/shared_drive/electronics/pico_git_stuff/pico-sdk/src/common/pico_time/time.c.obj
                0x0000000010001458                alarm_pool_add_alarm_at
 .text.add_alarm_at
                0x0000000010001566       0x2e CMakeFiles/ProjectName.dir/media/shared_drive/electronics/pico_git_stuff/pico-sdk/src/common/pico_time/time.c.obj
 .text.alarm_pool_cancel_alarm
                0x0000000010001594       0xa0 CMakeFiles/ProjectName.dir/media/shared_drive/electronics/pico_git_stuff/pico-sdk/src/common/pico_time/time.c.obj
                0x0000000010001594                alarm_pool_cancel_alarm
 .text.cancel_alarm
                0x0000000010001634       0x10 CMakeFiles/ProjectName.dir/media/shared_drive/electronics/pico_git_stuff/pico-sdk/src/common/pico_time/time.c.obj
 .text.sleep_until
                0x0000000010001644       0xb0 CMakeFiles/ProjectName.dir/media/shared_drive/electronics/pico_git_stuff/pico-sdk/src/common/pico_time/time.c.obj
                0x0000000010001644                sleep_until
 .text.sleep_us
                0x00000000100016f4       0x1a CMakeFiles/ProjectName.dir/media/shared_drive/electronics/pico_git_stuff/pico-sdk/src/common/pico_time/time.c.obj
                0x00000000100016f4                sleep_us
 .text.sleep_ms
                0x000000001000170e       0x14 CMakeFiles/ProjectName.dir/media/shared_drive/electronics/pico_git_stuff/pico-sdk/src/common/pico_time/time.c.obj
                0x000000001000170e                sleep_ms
 *fill*         0x0000000010001722        0x2 
 .text.best_effort_wfe_or_timeout
                0x0000000010001724       0x38 CMakeFiles/ProjectName.dir/media/shared_drive/electronics/pico_git_stuff/pico-sdk/src/common/pico_time/time.c.obj
                0x0000000010001724                best_effort_wfe_or_timeout
 .text.update_us_since_boot
                0x000000001000175c       0x24 CMakeFiles/ProjectName.dir/media/shared_drive/electronics/pico_git_stuff/pico-sdk/src/rp2_common/hardware_timer/timer.c.obj
 .text.hardware_alarm_irq_handler
                0x0000000010001780       0x88 CMakeFiles/ProjectName.dir/media/shared_drive/electronics/pico_git_stuff/pico-sdk/src/rp2_common/hardware_timer/timer.c.obj
 .text.hardware_alarm_claim
                0x0000000010001808       0x18 CMakeFiles/ProjectName.dir/media/shared_drive/electronics/pico_git_stuff/pico-sdk/src/rp2_common/hardware_timer/timer.c.obj
                0x0000000010001808                hardware_alarm_claim
 .text.time_us_64
                0x0000000010001820       0x18 CMakeFiles/ProjectName.dir/media/shared_drive/electronics/pico_git_stuff/pico-sdk/src/rp2_common/hardware_timer/timer.c.obj
                0x0000000010001820                time_us_64
 .text.busy_wait_until
                0x0000000010001838       0x28 CMakeFiles/ProjectName.dir/media/shared_drive/electronics/pico_git_stuff/pico-sdk/src/rp2_common/hardware_timer/timer.c.obj
                0x0000000010001838                busy_wait_until
 .text.busy_wait_us
                0x0000000010001860       0x3a CMakeFiles/ProjectName.dir/media/shared_drive/electronics/pico_git_stuff/pico-sdk/src/rp2_common/hardware_timer/timer.c.obj
                0x0000000010001860                busy_wait_us
 *fill*         0x000000001000189a        0x2 
 .text.hardware_alarm_set_callback
                0x000000001000189c       0x90 CMakeFiles/ProjectName.dir/media/shared_drive/electronics/pico_git_stuff/pico-sdk/src/rp2_common/hardware_timer/timer.c.obj
                0x000000001000189c                hardware_alarm_set_callback
 .text.hardware_alarm_set_target
                0x000000001000192c       0xe8 CMakeFiles/ProjectName.dir/media/shared_drive/electronics/pico_git_stuff/pico-sdk/src/rp2_common/hardware_timer/timer.c.obj
                0x000000001000192c                hardware_alarm_set_target
 .text.hardware_alarm_cancel
                0x0000000010001a14       0x40 CMakeFiles/ProjectName.dir/media/shared_drive/electronics/pico_git_stuff/pico-sdk/src/rp2_common/hardware_timer/timer.c.obj
                0x0000000010001a14                hardware_alarm_cancel
 .text.ph_get_node
                0x0000000010001a54       0x30 CMakeFiles/ProjectName.dir/media/shared_drive/electronics/pico_git_stuff/pico-sdk/src/common/pico_util/pheap.c.obj
 .text.ph_add_child_node
                0x0000000010001a84       0x6c CMakeFiles/ProjectName.dir/media/shared_drive/electronics/pico_git_stuff/pico-sdk/src/common/pico_util/pheap.c.obj
 .text.ph_merge_nodes
                0x0000000010001af0       0x3e CMakeFiles/ProjectName.dir/media/shared_drive/electronics/pico_git_stuff/pico-sdk/src/common/pico_util/pheap.c.obj
 .text.ph_clear
                0x0000000010001b2e       0x34 CMakeFiles/ProjectName.dir/media/shared_drive/electronics/pico_git_stuff/pico-sdk/src/common/pico_util/pheap.c.obj
                0x0000000010001b2e                ph_clear
 .text.ph_post_alloc_init
                0x0000000010001b62        0xe CMakeFiles/ProjectName.dir/media/shared_drive/electronics/pico_git_stuff/pico-sdk/src/common/pico_util/pheap.c.obj
                0x0000000010001b62                ph_post_alloc_init
 .text.ph_merge_two_pass
                0x0000000010001b70       0x5c CMakeFiles/ProjectName.dir/media/shared_drive/electronics/pico_git_stuff/pico-sdk/src/common/pico_util/pheap.c.obj
                0x0000000010001b70                ph_merge_two_pass
 .text.ph_remove_any_head
                0x0000000010001bcc       0xa4 CMakeFiles/ProjectName.dir/media/shared_drive/electronics/pico_git_stuff/pico-sdk/src/common/pico_util/pheap.c.obj
 .text.ph_remove_head
                0x0000000010001c70       0x14 CMakeFiles/ProjectName.dir/media/shared_drive/electronics/pico_git_stuff/pico-sdk/src/common/pico_util/pheap.c.obj
                0x0000000010001c70                ph_remove_head
 .text.ph_remove_and_free_node
                0x0000000010001c84       0xa0 CMakeFiles/ProjectName.dir/media/shared_drive/electronics/pico_git_stuff/pico-sdk/src/common/pico_util/pheap.c.obj
                0x0000000010001c84                ph_remove_and_free_node
 .text.update_us_since_boot
                0x0000000010001d24       0x24 CMakeFiles/ProjectName.dir/media/shared_drive/electronics/pico_git_stuff/pico-sdk/src/common/pico_sync/mutex.c.obj
 .text.delayed_by_ms
                0x0000000010001d48       0x46 CMakeFiles/ProjectName.dir/media/shared_drive/electronics/pico_git_stuff/pico-sdk/src/common/pico_sync/mutex.c.obj
 .text.get_absolute_time
                0x0000000010001d8e       0x22 CMakeFiles/ProjectName.dir/media/shared_drive/electronics/pico_git_stuff/pico-sdk/src/common/pico_sync/mutex.c.obj
 .text.make_timeout_time_ms
                0x0000000010001db0       0x20 CMakeFiles/ProjectName.dir/media/shared_drive/electronics/pico_git_stuff/pico-sdk/src/common/pico_sync/mutex.c.obj
 .text.mutex_init
                0x0000000010001dd0       0x1a CMakeFiles/ProjectName.dir/media/shared_drive/electronics/pico_git_stuff/pico-sdk/src/common/pico_sync/mutex.c.obj
                0x0000000010001dd0                mutex_init
 .text.recursive_mutex_init
                0x0000000010001dea       0x1e CMakeFiles/ProjectName.dir/media/shared_drive/electronics/pico_git_stuff/pico-sdk/src/common/pico_sync/mutex.c.obj
                0x0000000010001dea                recursive_mutex_init
 .text.critical_section_init_with_lock_num
                0x0000000010001e08       0x14 CMakeFiles/ProjectName.dir/media/shared_drive/electronics/pico_git_stuff/pico-sdk/src/common/pico_sync/critical_section.c.obj
                0x0000000010001e08                critical_section_init_with_lock_num
 .text.critical_section_init
                0x0000000010001e1c       0x14 CMakeFiles/ProjectName.dir/media/shared_drive/electronics/pico_git_stuff/pico-sdk/src/common/pico_sync/critical_section.c.obj
                0x0000000010001e1c                critical_section_init
 .text._exit    0x0000000010001e30        0x4 CMakeFiles/ProjectName.dir/media/shared_drive/electronics/pico_git_stuff/pico-sdk/src/rp2_common/pico_runtime/runtime.c.obj
                0x0000000010001e30                _exit
 .text._sbrk    0x0000000010001e34       0x38 CMakeFiles/ProjectName.dir/media/shared_drive/electronics/pico_git_stuff/pico-sdk/src/rp2_common/pico_runtime/runtime.c.obj
                0x0000000010001e34                _sbrk
 .text.exit     0x0000000010001e6c        0x6 CMakeFiles/ProjectName.dir/media/shared_drive/electronics/pico_git_stuff/pico-sdk/src/rp2_common/pico_runtime/runtime.c.obj
                0x0000000010001e6c                exit
 *fill*         0x0000000010001e72        0x2 
 .text.__assert_func
                0x0000000010001e74       0x38 CMakeFiles/ProjectName.dir/media/shared_drive/electronics/pico_git_stuff/pico-sdk/src/rp2_common/pico_runtime/runtime.c.obj
                0x0000000010001e74                __assert_func
 .text.runtime_init
                0x0000000010001eac       0xf8 CMakeFiles/ProjectName.dir/media/shared_drive/electronics/pico_git_stuff/pico-sdk/src/rp2_common/pico_runtime/runtime.c.obj
                0x0000000010001eac                runtime_init
 .text.panic    0x0000000010001fa4       0x30 CMakeFiles/ProjectName.dir/media/shared_drive/electronics/pico_git_stuff/pico-sdk/src/rp2_common/pico_runtime/runtime.c.obj
                0x0000000010001fa4                panic
 .text.clock_configure
                0x0000000010001fd4      0x104 CMakeFiles/ProjectName.dir/media/shared_drive/electronics/pico_git_stuff/pico-sdk/src/rp2_common/hardware_clocks/clocks.c.obj
                0x0000000010001fd4                clock_configure
 .text.clocks_init
                0x00000000100020d8      0x100 CMakeFiles/ProjectName.dir/media/shared_drive/electronics/pico_git_stuff/pico-sdk/src/rp2_common/hardware_clocks/clocks.c.obj
                0x00000000100020d8                clocks_init
 .text.clock_get_hz
                0x00000000100021d8        0xc CMakeFiles/ProjectName.dir/media/shared_drive/electronics/pico_git_stuff/pico-sdk/src/rp2_common/hardware_clocks/clocks.c.obj
                0x00000000100021d8                clock_get_hz
 .text.pll_init
                0x00000000100021e4      0x140 CMakeFiles/ProjectName.dir/media/shared_drive/electronics/pico_git_stuff/pico-sdk/src/rp2_common/hardware_pll/pll.c.obj
                0x00000000100021e4                pll_init
 .text.watchdog_start_tick
                0x0000000010002324       0x10 CMakeFiles/ProjectName.dir/media/shared_drive/electronics/pico_git_stuff/pico-sdk/src/rp2_common/hardware_watchdog/watchdog.c.obj
                0x0000000010002324                watchdog_start_tick
 .text.watchdog_update
                0x0000000010002334       0x14 CMakeFiles/ProjectName.dir/media/shared_drive/electronics/pico_git_stuff/pico-sdk/src/rp2_common/hardware_watchdog/watchdog.c.obj
                0x0000000010002334                watchdog_update
 .text._watchdog_enable
                0x0000000010002348       0x78 CMakeFiles/ProjectName.dir/media/shared_drive/electronics/pico_git_stuff/pico-sdk/src/rp2_common/hardware_watchdog/watchdog.c.obj
                0x0000000010002348                _watchdog_enable
 .text.watchdog_reboot
                0x00000000100023c0       0x48 CMakeFiles/ProjectName.dir/media/shared_drive/electronics/pico_git_stuff/pico-sdk/src/rp2_common/hardware_watchdog/watchdog.c.obj
                0x00000000100023c0                watchdog_reboot
 .text.xosc_init
                0x0000000010002408       0x28 CMakeFiles/ProjectName.dir/media/shared_drive/electronics/pico_git_stuff/pico-sdk/src/rp2_common/hardware_xosc/xosc.c.obj
                0x0000000010002408                xosc_init
 .text._out_null
                0x0000000010002430        0x2 CMakeFiles/ProjectName.dir/media/shared_drive/electronics/pico_git_stuff/pico-sdk/src/rp2_common/pico_printf/printf.c.obj
 .text._out_fct
                0x0000000010002432        0xe CMakeFiles/ProjectName.dir/media/shared_drive/electronics/pico_git_stuff/pico-sdk/src/rp2_common/pico_printf/printf.c.obj
 .text._atoi    0x0000000010002440       0x24 CMakeFiles/ProjectName.dir/media/shared_drive/electronics/pico_git_stuff/pico-sdk/src/rp2_common/pico_printf/printf.c.obj
 .text._out_rev
                0x0000000010002464       0xae CMakeFiles/ProjectName.dir/media/shared_drive/electronics/pico_git_stuff/pico-sdk/src/rp2_common/pico_printf/printf.c.obj
 .text._ntoa_format
                0x0000000010002512      0x110 CMakeFiles/ProjectName.dir/media/shared_drive/electronics/pico_git_stuff/pico-sdk/src/rp2_common/pico_printf/printf.c.obj
 .text._ntoa_long
                0x0000000010002622       0xbc CMakeFiles/ProjectName.dir/media/shared_drive/electronics/pico_git_stuff/pico-sdk/src/rp2_common/pico_printf/printf.c.obj
 .text._ntoa_long_long
                0x00000000100026de      0x10e CMakeFiles/ProjectName.dir/media/shared_drive/electronics/pico_git_stuff/pico-sdk/src/rp2_common/pico_printf/printf.c.obj
 .text._etoa    0x00000000100027ec      0x420 CMakeFiles/ProjectName.dir/media/shared_drive/electronics/pico_git_stuff/pico-sdk/src/rp2_common/pico_printf/printf.c.obj
 .text._ftoa    0x0000000010002c0c      0x354 CMakeFiles/ProjectName.dir/media/shared_drive/electronics/pico_git_stuff/pico-sdk/src/rp2_common/pico_printf/printf.c.obj
 .text._vsnprintf
                0x0000000010002f60      0x65c CMakeFiles/ProjectName.dir/media/shared_drive/electronics/pico_git_stuff/pico-sdk/src/rp2_common/pico_printf/printf.c.obj
 .text.vfctprintf
                0x00000000100035bc       0x20 CMakeFiles/ProjectName.dir/media/shared_drive/electronics/pico_git_stuff/pico-sdk/src/rp2_common/pico_printf/printf.c.obj
                0x00000000100035bc                vfctprintf
 .text          0x00000000100035dc       0x10 CMakeFiles/ProjectName.dir/media/shared_drive/electronics/pico_git_stuff/pico-sdk/src/rp2_common/pico_bit_ops/bit_ops_aeabi.S.obj
 .text.rom_func_lookup
                0x00000000100035ec       0x10 CMakeFiles/ProjectName.dir/media/shared_drive/electronics/pico_git_stuff/pico-sdk/src/rp2_common/pico_bootrom/bootrom.c.obj
                0x00000000100035ec                rom_func_lookup
 .text.rom_data_lookup
                0x00000000100035fc       0x10 CMakeFiles/ProjectName.dir/media/shared_drive/electronics/pico_git_stuff/pico-sdk/src/rp2_common/pico_bootrom/bootrom.c.obj
                0x00000000100035fc                rom_data_lookup
 .text.rom_funcs_lookup
                0x000000001000360c       0x36 CMakeFiles/ProjectName.dir/media/shared_drive/electronics/pico_git_stuff/pico-sdk/src/rp2_common/pico_bootrom/bootrom.c.obj
                0x000000001000360c                rom_funcs_lookup
 *fill*         0x0000000010003642        0x2 
 .text.__wrap___aeabi_idiv
                0x0000000010003644       0x50 CMakeFiles/ProjectName.dir/media/shared_drive/electronics/pico_git_stuff/pico-sdk/src/rp2_common/pico_divider/divider.S.obj
                0x0000000010003644                __wrap___aeabi_idivmod
                0x0000000010003644                divmod_s32s32
                0x0000000010003644                div_s32s32
                0x0000000010003644                __wrap___aeabi_idiv
                0x000000001000364c                divmod_s32s32_unsafe
                0x0000000010003678                divmod_s32s32_savestate
 .text.__wrap___aeabi_uidiv
                0x0000000010003694       0x4c CMakeFiles/ProjectName.dir/media/shared_drive/electronics/pico_git_stuff/pico-sdk/src/rp2_common/pico_divider/divider.S.obj
                0x0000000010003694                __wrap___aeabi_uidiv
                0x0000000010003694                __wrap___aeabi_uidivmod
                0x0000000010003694                div_u32u32
                0x0000000010003694                divmod_u32u32
                0x000000001000369c                divmod_u32u32_unsafe
                0x00000000100036c4                divmod_u32u32_savestate
 .text.__wrap___aeabi_ldiv
                0x00000000100036e0      0x434 CMakeFiles/ProjectName.dir/media/shared_drive/electronics/pico_git_stuff/pico-sdk/src/rp2_common/pico_divider/divider.S.obj
                0x00000000100036e0                div_s64s64
                0x00000000100036e0                divmod_s64s64
                0x00000000100036e0                __wrap___aeabi_ldivmod
                0x0000000010003718                div_u64u64
                0x0000000010003718                divmod_u64u64
                0x0000000010003718                __wrap___aeabi_uldivmod
                0x0000000010003728                divmod_u64u64_savestate
                0x0000000010003750                divmod_s64s64_unsafe
                0x00000000100037d8                divmod_u64u64_unsafe
 .text.__wrap___aeabi_darithmetic
                0x0000000010003b14       0x80 CMakeFiles/ProjectName.dir/media/shared_drive/electronics/pico_git_stuff/pico-sdk/src/rp2_common/pico_double/double_aeabi.S.obj
                0x0000000010003b14                __wrap___aeabi_drsub
                0x0000000010003b1a                __wrap___aeabi_dsub
                0x0000000010003b2c                __wrap___aeabi_dadd
                0x0000000010003b3e                __wrap___aeabi_ddiv
                0x0000000010003b7a                __wrap___aeabi_dmul
 .text.__wrap___aeabi_cdcmple
                0x0000000010003b94       0x6c CMakeFiles/ProjectName.dir/media/shared_drive/electronics/pico_git_stuff/pico-sdk/src/rp2_common/pico_double/double_aeabi.S.obj
                0x0000000010003b94                __wrap___aeabi_cdrcmple
                0x0000000010003ba4                __wrap___aeabi_cdcmple
                0x0000000010003ba4                __wrap___aeabi_cdcmpeq
 .text.__wrap___aeabi_dcmplt
                0x0000000010003c00        0xc CMakeFiles/ProjectName.dir/media/shared_drive/electronics/pico_git_stuff/pico-sdk/src/rp2_common/pico_double/double_aeabi.S.obj
                0x0000000010003c00                __wrap___aeabi_dcmplt
 .text.__wrap___aeabi_dcmple
                0x0000000010003c0c       0x10 CMakeFiles/ProjectName.dir/media/shared_drive/electronics/pico_git_stuff/pico-sdk/src/rp2_common/pico_double/double_aeabi.S.obj
                0x0000000010003c0c                __wrap___aeabi_dcmple
 .text.__wrap___aeabi_dcmpge
                0x0000000010003c1c       0x10 CMakeFiles/ProjectName.dir/media/shared_drive/electronics/pico_git_stuff/pico-sdk/src/rp2_common/pico_double/double_aeabi.S.obj
                0x0000000010003c1c                __wrap___aeabi_dcmpge
 .text.__wrap___aeabi_dcmpgt
                0x0000000010003c2c        0xa CMakeFiles/ProjectName.dir/media/shared_drive/electronics/pico_git_stuff/pico-sdk/src/rp2_common/pico_double/double_aeabi.S.obj
                0x0000000010003c2c                __wrap___aeabi_dcmpgt
 .text.__wrap___aeabi_dcmpun
                0x0000000010003c36       0x1c CMakeFiles/ProjectName.dir/media/shared_drive/electronics/pico_git_stuff/pico-sdk/src/rp2_common/pico_double/double_aeabi.S.obj
                0x0000000010003c36                __wrap___aeabi_dcmpun
 *fill*         0x0000000010003c52        0x2 
 .text.__wrap___aeabi_i2d
                0x0000000010003c54       0x38 CMakeFiles/ProjectName.dir/media/shared_drive/electronics/pico_git_stuff/pico-sdk/src/rp2_common/pico_double/double_aeabi.S.obj
                0x0000000010003c54                __wrap___aeabi_ui2d
                0x0000000010003c5c                __wrap___aeabi_i2d
 .text.__wrap___aeabi_d2iz
                0x0000000010003c8c       0x48 CMakeFiles/ProjectName.dir/media/shared_drive/electronics/pico_git_stuff/pico-sdk/src/rp2_common/pico_double/double_aeabi.S.obj
                0x0000000010003c8c                __wrap___aeabi_d2iz
                0x0000000010003c8c                double2int_z
 .text.__wrap___aeabi_d2uiz
                0x0000000010003cd4       0x18 CMakeFiles/ProjectName.dir/media/shared_drive/electronics/pico_git_stuff/pico-sdk/src/rp2_common/pico_double/double_aeabi.S.obj
                0x0000000010003cd4                double2uint
                0x0000000010003cd4                __wrap___aeabi_d2uiz
 .text.__aeabi_double_init
                0x0000000010003cec       0xcc CMakeFiles/ProjectName.dir/media/shared_drive/electronics/pico_git_stuff/pico-sdk/src/rp2_common/pico_double/double_init_rom.c.obj
                0x0000000010003cec                __aeabi_double_init
 .text.double_table_shim_on_use_helper
                0x0000000010003db8       0x34 CMakeFiles/ProjectName.dir/media/shared_drive/electronics/pico_git_stuff/pico-sdk/src/rp2_common/pico_double/double_v1_rom_shim.S.obj
                0x0000000010003db8                double_table_shim_on_use_helper
 .text.__wrap___aeabi_dsub
                0x0000000010003dec       0x10 CMakeFiles/ProjectName.dir/media/shared_drive/electronics/pico_git_stuff/pico-sdk/src/rp2_common/pico_double/double_v1_rom_shim.S.obj
                0x0000000010003dec                drsub_shim
                0x0000000010003df2                dsub_shim
 .text.dadd_shim
                0x0000000010003dfc      0x15c CMakeFiles/ProjectName.dir/media/shared_drive/electronics/pico_git_stuff/pico-sdk/src/rp2_common/pico_double/double_v1_rom_shim.S.obj
                0x0000000010003dfc                dadd_shim
 .text.dmul_shim
                0x0000000010003f58      0x15c CMakeFiles/ProjectName.dir/media/shared_drive/electronics/pico_git_stuff/pico-sdk/src/rp2_common/pico_double/double_v1_rom_shim.S.obj
                0x0000000010003f58                dmul_shim
 .text.ddiv_shim
                0x00000000100040b4      0x1b0 CMakeFiles/ProjectName.dir/media/shared_drive/electronics/pico_git_stuff/pico-sdk/src/rp2_common/pico_double/double_v1_rom_shim.S.obj
                0x00000000100040b4                ddiv_shim
 .text.double2uint_shim
                0x0000000010004264        0xe CMakeFiles/ProjectName.dir/media/shared_drive/electronics/pico_git_stuff/pico-sdk/src/rp2_common/pico_double/double_v1_rom_shim.S.obj
                0x0000000010004264                double2uint_shim
                0x0000000010004266                double2ufix_shim
 *fill*         0x0000000010004272        0x2 
 .text.double2uint64_shim
                0x0000000010004274       0x70 CMakeFiles/ProjectName.dir/media/shared_drive/electronics/pico_git_stuff/pico-sdk/src/rp2_common/pico_double/double_v1_rom_shim.S.obj
                0x0000000010004274                double2uint64_shim
                0x0000000010004276                double2ufix64_shim
                0x0000000010004296                d2fix_a
 .text.dunpacks
                0x00000000100042e4       0x3c CMakeFiles/ProjectName.dir/media/shared_drive/electronics/pico_git_stuff/pico-sdk/src/rp2_common/pico_double/double_v1_rom_shim.S.obj
                0x00000000100042e4                dunpacks
 .text.__aeabi_lmul
                0x0000000010004320       0x32 CMakeFiles/ProjectName.dir/media/shared_drive/electronics/pico_git_stuff/pico-sdk/src/rp2_common/pico_int64_ops/pico_int64_ops_aeabi.S.obj
                0x0000000010004320                __wrap___aeabi_lmul
 *fill*         0x0000000010004352        0x2 
 .text.__aeabi_float_init
                0x0000000010004354       0xfc CMakeFiles/ProjectName.dir/media/shared_drive/electronics/pico_git_stuff/pico-sdk/src/rp2_common/pico_float/float_init_rom.c.obj
                0x0000000010004354                __aeabi_float_init
 .text.float_table_shim_on_use_helper
                0x0000000010004450       0x34 CMakeFiles/ProjectName.dir/media/shared_drive/electronics/pico_git_stuff/pico-sdk/src/rp2_common/pico_float/float_v1_rom_shim.S.obj
                0x0000000010004450                float_table_shim_on_use_helper
 .text          0x0000000010004484       0x10 CMakeFiles/ProjectName.dir/media/shared_drive/electronics/pico_git_stuff/pico-sdk/src/rp2_common/pico_mem_ops/mem_ops_aeabi.S.obj
                0x0000000010004484                __aeabi_mem_init
 .text.memset   0x0000000010004494        0xc CMakeFiles/ProjectName.dir/media/shared_drive/electronics/pico_git_stuff/pico-sdk/src/rp2_common/pico_mem_ops/mem_ops_aeabi.S.obj
                0x0000000010004494                __wrap_memset
 .text.memcpy   0x00000000100044a0        0xc CMakeFiles/ProjectName.dir/media/shared_drive/electronics/pico_git_stuff/pico-sdk/src/rp2_common/pico_mem_ops/mem_ops_aeabi.S.obj
                0x00000000100044a0                __wrap___aeabi_memcpy
                0x00000000100044a0                __wrap_memcpy
 .text.stdio_out_chars_no_crlf
                0x00000000100044ac        0xe CMakeFiles/ProjectName.dir/media/shared_drive/electronics/pico_git_stuff/pico-sdk/src/rp2_common/pico_stdio/stdio.c.obj
 *fill*         0x00000000100044ba        0x2 
 .text.stdio_out_chars_crlf
                0x00000000100044bc       0x80 CMakeFiles/ProjectName.dir/media/shared_drive/electronics/pico_git_stuff/pico-sdk/src/rp2_common/pico_stdio/stdio.c.obj
 .text.stdio_stack_buffer_flush
                0x000000001000453c       0x44 CMakeFiles/ProjectName.dir/media/shared_drive/electronics/pico_git_stuff/pico-sdk/src/rp2_common/pico_stdio/stdio.c.obj
 .text.stdio_buffered_printer
                0x0000000010004580       0x20 CMakeFiles/ProjectName.dir/media/shared_drive/electronics/pico_git_stuff/pico-sdk/src/rp2_common/pico_stdio/stdio.c.obj
 .text.stdout_serialize_begin
                0x00000000100045a0       0x30 CMakeFiles/ProjectName.dir/media/shared_drive/electronics/pico_git_stuff/pico-sdk/src/rp2_common/pico_stdio/stdio.c.obj
                0x00000000100045a0                stdout_serialize_begin
 .text.stdout_serialize_end
                0x00000000100045d0       0x10 CMakeFiles/ProjectName.dir/media/shared_drive/electronics/pico_git_stuff/pico-sdk/src/rp2_common/pico_stdio/stdio.c.obj
                0x00000000100045d0                stdout_serialize_end
 .text.stdio_put_string
                0x00000000100045e0       0x98 CMakeFiles/ProjectName.dir/media/shared_drive/electronics/pico_git_stuff/pico-sdk/src/rp2_common/pico_stdio/stdio.c.obj
 .text.__wrap_putchar
                0x0000000010004678       0x1c CMakeFiles/ProjectName.dir/media/shared_drive/electronics/pico_git_stuff/pico-sdk/src/rp2_common/pico_stdio/stdio.c.obj
                0x0000000010004678                __wrap_putchar
 .text.stdio_set_driver_enabled
                0x0000000010004694       0x2c CMakeFiles/ProjectName.dir/media/shared_drive/electronics/pico_git_stuff/pico-sdk/src/rp2_common/pico_stdio/stdio.c.obj
                0x0000000010004694                stdio_set_driver_enabled
 .text.stdio_flush
                0x00000000100046c0       0x20 CMakeFiles/ProjectName.dir/media/shared_drive/electronics/pico_git_stuff/pico-sdk/src/rp2_common/pico_stdio/stdio.c.obj
                0x00000000100046c0                stdio_flush
 .text.__wrap_puts
                0x00000000100046e0       0x1e CMakeFiles/ProjectName.dir/media/shared_drive/electronics/pico_git_stuff/pico-sdk/src/rp2_common/pico_stdio/stdio.c.obj
                0x00000000100046e0                __wrap_puts
 *fill*         0x00000000100046fe        0x2 
 .text.__wrap_vprintf
                0x0000000010004700       0x44 CMakeFiles/ProjectName.dir/media/shared_drive/electronics/pico_git_stuff/pico-sdk/src/rp2_common/pico_stdio/stdio.c.obj
                0x0000000010004700                __wrap_vprintf
 .text.__wrap_printf
                0x0000000010004744       0x18 CMakeFiles/ProjectName.dir/media/shared_drive/electronics/pico_git_stuff/pico-sdk/src/rp2_common/pico_stdio/stdio.c.obj
                0x0000000010004744                __wrap_printf
 .text.stdio_init_all
                0x000000001000475c        0x8 CMakeFiles/ProjectName.dir/media/shared_drive/electronics/pico_git_stuff/pico-sdk/src/rp2_common/pico_stdio/stdio.c.obj
                0x000000001000475c                stdio_init_all
 .text.resetd_init
                0x0000000010004764        0x2 CMakeFiles/ProjectName.dir/media/shared_drive/electronics/pico_git_stuff/pico-sdk/src/rp2_common/pico_stdio_usb/reset_interface.c.obj
 *fill*         0x0000000010004766        0x2 
 .text.resetd_reset
                0x0000000010004768        0xc CMakeFiles/ProjectName.dir/media/shared_drive/electronics/pico_git_stuff/pico-sdk/src/rp2_common/pico_stdio_usb/reset_interface.c.obj
 .text.resetd_open
                0x0000000010004774       0x34 CMakeFiles/ProjectName.dir/media/shared_drive/electronics/pico_git_stuff/pico-sdk/src/rp2_common/pico_stdio_usb/reset_interface.c.obj
 .text.resetd_xfer_cb
                0x00000000100047a8        0x4 CMakeFiles/ProjectName.dir/media/shared_drive/electronics/pico_git_stuff/pico-sdk/src/rp2_common/pico_stdio_usb/reset_interface.c.obj
 .text.reset_usb_boot
                0x00000000100047ac       0x18 CMakeFiles/ProjectName.dir/media/shared_drive/electronics/pico_git_stuff/pico-sdk/src/rp2_common/pico_stdio_usb/reset_interface.c.obj
 .text.resetd_control_xfer_cb
                0x00000000100047c4       0x5c CMakeFiles/ProjectName.dir/media/shared_drive/electronics/pico_git_stuff/pico-sdk/src/rp2_common/pico_stdio_usb/reset_interface.c.obj
 .text.usbd_app_driver_get_cb
                0x0000000010004820        0xc CMakeFiles/ProjectName.dir/media/shared_drive/electronics/pico_git_stuff/pico-sdk/src/rp2_common/pico_stdio_usb/reset_interface.c.obj
                0x0000000010004820                usbd_app_driver_get_cb
 .text.tud_cdc_line_coding_cb
                0x000000001000482c       0x28 CMakeFiles/ProjectName.dir/media/shared_drive/electronics/pico_git_stuff/pico-sdk/src/rp2_common/pico_stdio_usb/reset_interface.c.obj
                0x000000001000482c                tud_cdc_line_coding_cb
 .text.stdio_usb_in_chars
                0x0000000010004854       0x70 CMakeFiles/ProjectName.dir/media/shared_drive/electronics/pico_git_stuff/pico-sdk/src/rp2_common/pico_stdio_usb/stdio_usb.c.obj
                0x0000000010004854                stdio_usb_in_chars
 .text.low_priority_worker_irq
                0x00000000100048c4       0x20 CMakeFiles/ProjectName.dir/media/shared_drive/electronics/pico_git_stuff/pico-sdk/src/rp2_common/pico_stdio_usb/stdio_usb.c.obj
 .text.stdio_usb_out_chars
                0x00000000100048e4       0xd4 CMakeFiles/ProjectName.dir/media/shared_drive/electronics/pico_git_stuff/pico-sdk/src/rp2_common/pico_stdio_usb/stdio_usb.c.obj
 .text.update_us_since_boot
                0x00000000100049b8       0x24 CMakeFiles/ProjectName.dir/media/shared_drive/electronics/pico_git_stuff/pico-sdk/src/rp2_common/pico_stdio_usb/stdio_usb.c.obj
 .text.get_absolute_time
                0x00000000100049dc       0x22 CMakeFiles/ProjectName.dir/media/shared_drive/electronics/pico_git_stuff/pico-sdk/src/rp2_common/pico_stdio_usb/stdio_usb.c.obj
 .text.delayed_by_us
                0x00000000100049fe       0x36 CMakeFiles/ProjectName.dir/media/shared_drive/electronics/pico_git_stuff/pico-sdk/src/rp2_common/pico_stdio_usb/stdio_usb.c.obj
 .text.timer_task
                0x0000000010004a34       0x40 CMakeFiles/ProjectName.dir/media/shared_drive/electronics/pico_git_stuff/pico-sdk/src/rp2_common/pico_stdio_usb/stdio_usb.c.obj
 .text.usb_irq  0x0000000010004a74       0x10 CMakeFiles/ProjectName.dir/media/shared_drive/electronics/pico_git_stuff/pico-sdk/src/rp2_common/pico_stdio_usb/stdio_usb.c.obj
 .text.alarm_pool_add_alarm_in_us
                0x0000000010004a84       0x3a CMakeFiles/ProjectName.dir/media/shared_drive/electronics/pico_git_stuff/pico-sdk/src/rp2_common/pico_stdio_usb/stdio_usb.c.obj
 .text.add_alarm_in_us
                0x0000000010004abe       0x2e CMakeFiles/ProjectName.dir/media/shared_drive/electronics/pico_git_stuff/pico-sdk/src/rp2_common/pico_stdio_usb/stdio_usb.c.obj
 .text.stdio_usb_init
                0x0000000010004aec       0x98 CMakeFiles/ProjectName.dir/media/shared_drive/electronics/pico_git_stuff/pico-sdk/src/rp2_common/pico_stdio_usb/stdio_usb.c.obj
                0x0000000010004aec                stdio_usb_init
 .text.tud_descriptor_device_cb
                0x0000000010004b84        0x8 CMakeFiles/ProjectName.dir/media/shared_drive/electronics/pico_git_stuff/pico-sdk/src/rp2_common/pico_stdio_usb/stdio_usb_descriptors.c.obj
                0x0000000010004b84                tud_descriptor_device_cb
 .text.tud_descriptor_configuration_cb
                0x0000000010004b8c        0x8 CMakeFiles/ProjectName.dir/media/shared_drive/electronics/pico_git_stuff/pico-sdk/src/rp2_common/pico_stdio_usb/stdio_usb_descriptors.c.obj
                0x0000000010004b8c                tud_descriptor_configuration_cb
 .text.tud_descriptor_string_cb
                0x0000000010004b94       0x6c CMakeFiles/ProjectName.dir/media/shared_drive/electronics/pico_git_stuff/pico-sdk/src/rp2_common/pico_stdio_usb/stdio_usb_descriptors.c.obj
                0x0000000010004b94                tud_descriptor_string_cb
 .text.hw_endpoint_get_by_addr
                0x0000000010004c00       0x18 CMakeFiles/ProjectName.dir/media/shared_drive/electronics/pico_git_stuff/pico-sdk/lib/tinyusb/src/portable/raspberrypi/rp2040/dcd_rp2040.c.obj
 .text.reset_ep0_pid
                0x0000000010004c18       0x28 CMakeFiles/ProjectName.dir/media/shared_drive/electronics/pico_git_stuff/pico-sdk/lib/tinyusb/src/portable/raspberrypi/rp2040/dcd_rp2040.c.obj
 .text._hw_endpoint_alloc
                0x0000000010004c40       0x70 CMakeFiles/ProjectName.dir/media/shared_drive/electronics/pico_git_stuff/pico-sdk/lib/tinyusb/src/portable/raspberrypi/rp2040/dcd_rp2040.c.obj
 .text.hw_endpoint_init
                0x0000000010004cb0       0x88 CMakeFiles/ProjectName.dir/media/shared_drive/electronics/pico_git_stuff/pico-sdk/lib/tinyusb/src/portable/raspberrypi/rp2040/dcd_rp2040.c.obj
 .text.reset_non_control_endpoints
                0x0000000010004d38       0x40 CMakeFiles/ProjectName.dir/media/shared_drive/electronics/pico_git_stuff/pico-sdk/lib/tinyusb/src/portable/raspberrypi/rp2040/dcd_rp2040.c.obj
 .text.hw_handle_buff_status
                0x0000000010004d78       0x8c CMakeFiles/ProjectName.dir/media/shared_drive/electronics/pico_git_stuff/pico-sdk/lib/tinyusb/src/portable/raspberrypi/rp2040/dcd_rp2040.c.obj
 .text.dcd_rp2040_irq
                0x0000000010004e04       0xc0 CMakeFiles/ProjectName.dir/media/shared_drive/electronics/pico_git_stuff/pico-sdk/lib/tinyusb/src/portable/raspberrypi/rp2040/dcd_rp2040.c.obj
 .text.hw_endpoint_xfer
                0x0000000010004ec4       0x14 CMakeFiles/ProjectName.dir/media/shared_drive/electronics/pico_git_stuff/pico-sdk/lib/tinyusb/src/portable/raspberrypi/rp2040/dcd_rp2040.c.obj
 .text.dcd_int_enable
                0x0000000010004ed8       0x2c CMakeFiles/ProjectName.dir/media/shared_drive/electronics/pico_git_stuff/pico-sdk/lib/tinyusb/src/portable/raspberrypi/rp2040/dcd_rp2040.c.obj
                0x0000000010004ed8                dcd_int_enable
 .text.dcd_set_address
                0x0000000010004f04       0x2c CMakeFiles/ProjectName.dir/media/shared_drive/electronics/pico_git_stuff/pico-sdk/lib/tinyusb/src/portable/raspberrypi/rp2040/dcd_rp2040.c.obj
                0x0000000010004f04                dcd_set_address
 .text.dcd_connect
                0x0000000010004f30       0x10 CMakeFiles/ProjectName.dir/media/shared_drive/electronics/pico_git_stuff/pico-sdk/lib/tinyusb/src/portable/raspberrypi/rp2040/dcd_rp2040.c.obj
                0x0000000010004f30                dcd_connect
 .text.dcd_init
                0x0000000010004f40       0x7c CMakeFiles/ProjectName.dir/media/shared_drive/electronics/pico_git_stuff/pico-sdk/lib/tinyusb/src/portable/raspberrypi/rp2040/dcd_rp2040.c.obj
                0x0000000010004f40                dcd_init
 .text.dcd_edpt0_status_complete
                0x0000000010004fbc       0x1c CMakeFiles/ProjectName.dir/media/shared_drive/electronics/pico_git_stuff/pico-sdk/lib/tinyusb/src/portable/raspberrypi/rp2040/dcd_rp2040.c.obj
                0x0000000010004fbc                dcd_edpt0_status_complete
 .text.dcd_edpt_open
                0x0000000010004fd8       0x40 CMakeFiles/ProjectName.dir/media/shared_drive/electronics/pico_git_stuff/pico-sdk/lib/tinyusb/src/portable/raspberrypi/rp2040/dcd_rp2040.c.obj
                0x0000000010004fd8                dcd_edpt_open
 .text.dcd_edpt_close_all
                0x0000000010005018        0x8 CMakeFiles/ProjectName.dir/media/shared_drive/electronics/pico_git_stuff/pico-sdk/lib/tinyusb/src/portable/raspberrypi/rp2040/dcd_rp2040.c.obj
                0x0000000010005018                dcd_edpt_close_all
 .text.dcd_edpt_xfer
                0x0000000010005020       0x30 CMakeFiles/ProjectName.dir/media/shared_drive/electronics/pico_git_stuff/pico-sdk/lib/tinyusb/src/portable/raspberrypi/rp2040/dcd_rp2040.c.obj
                0x0000000010005020                dcd_edpt_xfer
 .text.dcd_edpt_stall
                0x0000000010005050       0x2c CMakeFiles/ProjectName.dir/media/shared_drive/electronics/pico_git_stuff/pico-sdk/lib/tinyusb/src/portable/raspberrypi/rp2040/dcd_rp2040.c.obj
                0x0000000010005050                dcd_edpt_stall
 .text.dcd_edpt_clear_stall
                0x000000001000507c       0x20 CMakeFiles/ProjectName.dir/media/shared_drive/electronics/pico_git_stuff/pico-sdk/lib/tinyusb/src/portable/raspberrypi/rp2040/dcd_rp2040.c.obj
                0x000000001000507c                dcd_edpt_clear_stall
 .text.prepare_ep_buffer
                0x000000001000509c       0x6c CMakeFiles/ProjectName.dir/media/shared_drive/electronics/pico_git_stuff/pico-sdk/lib/tinyusb/src/portable/raspberrypi/rp2040/rp2040_usb.c.obj
 .text.sync_ep_buffer
                0x0000000010005108       0x78 CMakeFiles/ProjectName.dir/media/shared_drive/electronics/pico_git_stuff/pico-sdk/lib/tinyusb/src/portable/raspberrypi/rp2040/rp2040_usb.c.obj
 .text._hw_endpoint_xfer_sync
                0x0000000010005180       0x28 CMakeFiles/ProjectName.dir/media/shared_drive/electronics/pico_git_stuff/pico-sdk/lib/tinyusb/src/portable/raspberrypi/rp2040/rp2040_usb.c.obj
 .text.rp2040_usb_init
                0x00000000100051a8       0x4c CMakeFiles/ProjectName.dir/media/shared_drive/electronics/pico_git_stuff/pico-sdk/lib/tinyusb/src/portable/raspberrypi/rp2040/rp2040_usb.c.obj
                0x00000000100051a8                rp2040_usb_init
 .text.hw_endpoint_reset_transfer
                0x00000000100051f4        0xc CMakeFiles/ProjectName.dir/media/shared_drive/electronics/pico_git_stuff/pico-sdk/lib/tinyusb/src/portable/raspberrypi/rp2040/rp2040_usb.c.obj
                0x00000000100051f4                hw_endpoint_reset_transfer
 .text._hw_endpoint_buffer_control_update32
                0x0000000010005200       0x58 CMakeFiles/ProjectName.dir/media/shared_drive/electronics/pico_git_stuff/pico-sdk/lib/tinyusb/src/portable/raspberrypi/rp2040/rp2040_usb.c.obj
                0x0000000010005200                _hw_endpoint_buffer_control_update32
 .text._hw_endpoint_start_next_buffer
                0x0000000010005258       0x74 CMakeFiles/ProjectName.dir/media/shared_drive/electronics/pico_git_stuff/pico-sdk/lib/tinyusb/src/portable/raspberrypi/rp2040/rp2040_usb.c.obj
 .text.hw_endpoint_xfer_start
                0x00000000100052cc       0x48 CMakeFiles/ProjectName.dir/media/shared_drive/electronics/pico_git_stuff/pico-sdk/lib/tinyusb/src/portable/raspberrypi/rp2040/rp2040_usb.c.obj
                0x00000000100052cc                hw_endpoint_xfer_start
 .text.hw_endpoint_xfer_continue
                0x0000000010005314       0x38 CMakeFiles/ProjectName.dir/media/shared_drive/electronics/pico_git_stuff/pico-sdk/lib/tinyusb/src/portable/raspberrypi/rp2040/rp2040_usb.c.obj
                0x0000000010005314                hw_endpoint_xfer_continue
 .text.configuration_reset
                0x000000001000534c       0x84 CMakeFiles/ProjectName.dir/media/shared_drive/electronics/pico_git_stuff/pico-sdk/lib/tinyusb/src/device/usbd.c.obj
 .text.osal_queue_receive
                0x00000000100053d0       0x30 CMakeFiles/ProjectName.dir/media/shared_drive/electronics/pico_git_stuff/pico-sdk/lib/tinyusb/src/device/usbd.c.obj
 .text.usbd_reset
                0x0000000010005400        0xc CMakeFiles/ProjectName.dir/media/shared_drive/electronics/pico_git_stuff/pico-sdk/lib/tinyusb/src/device/usbd.c.obj
 .text.invoke_class_control
                0x000000001000540c       0x1a CMakeFiles/ProjectName.dir/media/shared_drive/electronics/pico_git_stuff/pico-sdk/lib/tinyusb/src/device/usbd.c.obj
 *fill*         0x0000000010005426        0x2 
 .text.process_set_config
                0x0000000010005428      0x1b0 CMakeFiles/ProjectName.dir/media/shared_drive/electronics/pico_git_stuff/pico-sdk/lib/tinyusb/src/device/usbd.c.obj
 .text.process_get_descriptor
                0x00000000100055d8       0xec CMakeFiles/ProjectName.dir/media/shared_drive/electronics/pico_git_stuff/pico-sdk/lib/tinyusb/src/device/usbd.c.obj
 .text.osal_queue_send
                0x00000000100056c4       0x4c CMakeFiles/ProjectName.dir/media/shared_drive/electronics/pico_git_stuff/pico-sdk/lib/tinyusb/src/device/usbd.c.obj
 .text.tud_mounted
                0x0000000010005710       0x10 CMakeFiles/ProjectName.dir/media/shared_drive/electronics/pico_git_stuff/pico-sdk/lib/tinyusb/src/device/usbd.c.obj
                0x0000000010005710                tud_mounted
 .text.tud_suspended
                0x0000000010005720       0x10 CMakeFiles/ProjectName.dir/media/shared_drive/electronics/pico_git_stuff/pico-sdk/lib/tinyusb/src/device/usbd.c.obj
                0x0000000010005720                tud_suspended
 .text.tud_inited
                0x0000000010005730        0xc CMakeFiles/ProjectName.dir/media/shared_drive/electronics/pico_git_stuff/pico-sdk/lib/tinyusb/src/device/usbd.c.obj
                0x0000000010005730                tud_inited
 .text.tud_init
                0x000000001000573c       0xcc CMakeFiles/ProjectName.dir/media/shared_drive/electronics/pico_git_stuff/pico-sdk/lib/tinyusb/src/device/usbd.c.obj
                0x000000001000573c                tud_init
 .text.dcd_event_handler
                0x0000000010005808       0xd4 CMakeFiles/ProjectName.dir/media/shared_drive/electronics/pico_git_stuff/pico-sdk/lib/tinyusb/src/device/usbd.c.obj
                0x0000000010005808                dcd_event_handler
 .text.dcd_event_bus_signal
                0x00000000100058dc       0x26 CMakeFiles/ProjectName.dir/media/shared_drive/electronics/pico_git_stuff/pico-sdk/lib/tinyusb/src/device/usbd.c.obj
                0x00000000100058dc                dcd_event_bus_signal
 .text.dcd_event_bus_reset
                0x0000000010005902       0x2a CMakeFiles/ProjectName.dir/media/shared_drive/electronics/pico_git_stuff/pico-sdk/lib/tinyusb/src/device/usbd.c.obj
                0x0000000010005902                dcd_event_bus_reset
 .text.dcd_event_setup_received
                0x000000001000592c       0x34 CMakeFiles/ProjectName.dir/media/shared_drive/electronics/pico_git_stuff/pico-sdk/lib/tinyusb/src/device/usbd.c.obj
                0x000000001000592c                dcd_event_setup_received
 .text.dcd_event_xfer_complete
                0x0000000010005960       0x44 CMakeFiles/ProjectName.dir/media/shared_drive/electronics/pico_git_stuff/pico-sdk/lib/tinyusb/src/device/usbd.c.obj
                0x0000000010005960                dcd_event_xfer_complete
 .text.usbd_edpt_open
                0x00000000100059a4       0x58 CMakeFiles/ProjectName.dir/media/shared_drive/electronics/pico_git_stuff/pico-sdk/lib/tinyusb/src/device/usbd.c.obj
                0x00000000100059a4                usbd_edpt_open
 .text.usbd_open_edpt_pair
                0x00000000100059fc       0x8c CMakeFiles/ProjectName.dir/media/shared_drive/electronics/pico_git_stuff/pico-sdk/lib/tinyusb/src/device/usbd.c.obj
                0x00000000100059fc                usbd_open_edpt_pair
 .text.usbd_edpt_claim
                0x0000000010005a88       0x8c CMakeFiles/ProjectName.dir/media/shared_drive/electronics/pico_git_stuff/pico-sdk/lib/tinyusb/src/device/usbd.c.obj
                0x0000000010005a88                usbd_edpt_claim
 .text.usbd_edpt_release
                0x0000000010005b14       0x60 CMakeFiles/ProjectName.dir/media/shared_drive/electronics/pico_git_stuff/pico-sdk/lib/tinyusb/src/device/usbd.c.obj
                0x0000000010005b14                usbd_edpt_release
 .text.usbd_edpt_xfer
                0x0000000010005b74       0x80 CMakeFiles/ProjectName.dir/media/shared_drive/electronics/pico_git_stuff/pico-sdk/lib/tinyusb/src/device/usbd.c.obj
                0x0000000010005b74                usbd_edpt_xfer
 .text.usbd_edpt_stall
                0x0000000010005bf4       0x40 CMakeFiles/ProjectName.dir/media/shared_drive/electronics/pico_git_stuff/pico-sdk/lib/tinyusb/src/device/usbd.c.obj
                0x0000000010005bf4                usbd_edpt_stall
 .text.usbd_edpt_clear_stall
                0x0000000010005c34       0x40 CMakeFiles/ProjectName.dir/media/shared_drive/electronics/pico_git_stuff/pico-sdk/lib/tinyusb/src/device/usbd.c.obj
                0x0000000010005c34                usbd_edpt_clear_stall
 .text.usbd_edpt_stalled
                0x0000000010005c74       0x1c CMakeFiles/ProjectName.dir/media/shared_drive/electronics/pico_git_stuff/pico-sdk/lib/tinyusb/src/device/usbd.c.obj
                0x0000000010005c74                usbd_edpt_stalled
 .text.process_control_request
                0x0000000010005c90      0x3b0 CMakeFiles/ProjectName.dir/media/shared_drive/electronics/pico_git_stuff/pico-sdk/lib/tinyusb/src/device/usbd.c.obj
 .text.tud_task
                0x0000000010006040      0x1f0 CMakeFiles/ProjectName.dir/media/shared_drive/electronics/pico_git_stuff/pico-sdk/lib/tinyusb/src/device/usbd.c.obj
                0x0000000010006040                tud_task
 .text._status_stage_xact
                0x0000000010006230       0x1a CMakeFiles/ProjectName.dir/media/shared_drive/electronics/pico_git_stuff/pico-sdk/lib/tinyusb/src/device/usbd_control.c.obj
 *fill*         0x000000001000624a        0x2 
 .text._data_stage_xact
                0x000000001000624c       0x58 CMakeFiles/ProjectName.dir/media/shared_drive/electronics/pico_git_stuff/pico-sdk/lib/tinyusb/src/device/usbd_control.c.obj
 .text.tud_control_status
                0x00000000100062a4       0x28 CMakeFiles/ProjectName.dir/media/shared_drive/electronics/pico_git_stuff/pico-sdk/lib/tinyusb/src/device/usbd_control.c.obj
                0x00000000100062a4                tud_control_status
 .text.tud_control_xfer
                0x00000000100062cc       0x98 CMakeFiles/ProjectName.dir/media/shared_drive/electronics/pico_git_stuff/pico-sdk/lib/tinyusb/src/device/usbd_control.c.obj
                0x00000000100062cc                tud_control_xfer
 .text.usbd_control_reset
                0x0000000010006364       0x14 CMakeFiles/ProjectName.dir/media/shared_drive/electronics/pico_git_stuff/pico-sdk/lib/tinyusb/src/device/usbd_control.c.obj
                0x0000000010006364                usbd_control_reset
 .text.usbd_control_set_complete_callback
                0x0000000010006378        0xc CMakeFiles/ProjectName.dir/media/shared_drive/electronics/pico_git_stuff/pico-sdk/lib/tinyusb/src/device/usbd_control.c.obj
                0x0000000010006378                usbd_control_set_complete_callback
 .text.usbd_control_set_request
                0x0000000010006384       0x1c CMakeFiles/ProjectName.dir/media/shared_drive/electronics/pico_git_stuff/pico-sdk/lib/tinyusb/src/device/usbd_control.c.obj
                0x0000000010006384                usbd_control_set_request
 .text.usbd_control_xfer_cb
                0x00000000100063a0       0xe8 CMakeFiles/ProjectName.dir/media/shared_drive/electronics/pico_git_stuff/pico-sdk/lib/tinyusb/src/device/usbd_control.c.obj
                0x00000000100063a0                usbd_control_xfer_cb
 .text._prep_out_transaction
                0x0000000010006488       0x46 CMakeFiles/ProjectName.dir/media/shared_drive/electronics/pico_git_stuff/pico-sdk/lib/tinyusb/src/class/cdc/cdc_device.c.obj
 *fill*         0x00000000100064ce        0x2 
 .text.tud_cdc_n_connected
                0x00000000100064d0       0x38 CMakeFiles/ProjectName.dir/media/shared_drive/electronics/pico_git_stuff/pico-sdk/lib/tinyusb/src/class/cdc/cdc_device.c.obj
                0x00000000100064d0                tud_cdc_n_connected
 .text.tud_cdc_n_available
                0x0000000010006508       0x18 CMakeFiles/ProjectName.dir/media/shared_drive/electronics/pico_git_stuff/pico-sdk/lib/tinyusb/src/class/cdc/cdc_device.c.obj
                0x0000000010006508                tud_cdc_n_available
 .text.tud_cdc_n_read
                0x0000000010006520       0x28 CMakeFiles/ProjectName.dir/media/shared_drive/electronics/pico_git_stuff/pico-sdk/lib/tinyusb/src/class/cdc/cdc_device.c.obj
                0x0000000010006520                tud_cdc_n_read
 .text.tud_cdc_n_write_flush
                0x0000000010006548       0xcc CMakeFiles/ProjectName.dir/media/shared_drive/electronics/pico_git_stuff/pico-sdk/lib/tinyusb/src/class/cdc/cdc_device.c.obj
                0x0000000010006548                tud_cdc_n_write_flush
 .text.tud_cdc_n_write
                0x0000000010006614       0x38 CMakeFiles/ProjectName.dir/media/shared_drive/electronics/pico_git_stuff/pico-sdk/lib/tinyusb/src/class/cdc/cdc_device.c.obj
                0x0000000010006614                tud_cdc_n_write
 .text.tud_cdc_n_write_available
                0x000000001000664c       0x1c CMakeFiles/ProjectName.dir/media/shared_drive/electronics/pico_git_stuff/pico-sdk/lib/tinyusb/src/class/cdc/cdc_device.c.obj
                0x000000001000664c                tud_cdc_n_write_available
 .text.cdcd_init
                0x0000000010006668       0xbc CMakeFiles/ProjectName.dir/media/shared_drive/electronics/pico_git_stuff/pico-sdk/lib/tinyusb/src/class/cdc/cdc_device.c.obj
                0x0000000010006668                cdcd_init
 .text.cdcd_reset
                0x0000000010006724       0x44 CMakeFiles/ProjectName.dir/media/shared_drive/electronics/pico_git_stuff/pico-sdk/lib/tinyusb/src/class/cdc/cdc_device.c.obj
                0x0000000010006724                cdcd_reset
 .text.cdcd_open
                0x0000000010006768       0xf0 CMakeFiles/ProjectName.dir/media/shared_drive/electronics/pico_git_stuff/pico-sdk/lib/tinyusb/src/class/cdc/cdc_device.c.obj
                0x0000000010006768                cdcd_open
 .text.cdcd_control_xfer_cb
                0x0000000010006858      0x134 CMakeFiles/ProjectName.dir/media/shared_drive/electronics/pico_git_stuff/pico-sdk/lib/tinyusb/src/class/cdc/cdc_device.c.obj
                0x0000000010006858                cdcd_control_xfer_cb
 .text.cdcd_xfer_cb
                0x000000001000698c      0x144 CMakeFiles/ProjectName.dir/media/shared_drive/electronics/pico_git_stuff/pico-sdk/lib/tinyusb/src/class/cdc/cdc_device.c.obj
                0x000000001000698c                cdcd_xfer_cb
 .text.tusb_init
                0x0000000010006ad0       0x24 CMakeFiles/ProjectName.dir/media/shared_drive/electronics/pico_git_stuff/pico-sdk/lib/tinyusb/src/tusb.c.obj
                0x0000000010006ad0                tusb_init
 .text.tusb_inited
                0x0000000010006af4        0xe CMakeFiles/ProjectName.dir/media/shared_drive/electronics/pico_git_stuff/pico-sdk/lib/tinyusb/src/tusb.c.obj
                0x0000000010006af4                tusb_inited
 *fill*         0x0000000010006b02        0x2 
 .text.tu_edpt_validate
                0x0000000010006b04       0xa8 CMakeFiles/ProjectName.dir/media/shared_drive/electronics/pico_git_stuff/pico-sdk/lib/tinyusb/src/tusb.c.obj
                0x0000000010006b04                tu_edpt_validate
 .text.tu_edpt_bind_driver
                0x0000000010006bac       0x2a CMakeFiles/ProjectName.dir/media/shared_drive/electronics/pico_git_stuff/pico-sdk/lib/tinyusb/src/tusb.c.obj
                0x0000000010006bac                tu_edpt_bind_driver
 .text.advance_pointer
                0x0000000010006bd6       0x18 CMakeFiles/ProjectName.dir/media/shared_drive/electronics/pico_git_stuff/pico-sdk/lib/tinyusb/src/common/tusb_fifo.c.obj
 .text.backward_pointer
                0x0000000010006bee       0x1e CMakeFiles/ProjectName.dir/media/shared_drive/electronics/pico_git_stuff/pico-sdk/lib/tinyusb/src/common/tusb_fifo.c.obj
 .text.get_relative_pointer
                0x0000000010006c0c       0x10 CMakeFiles/ProjectName.dir/media/shared_drive/electronics/pico_git_stuff/pico-sdk/lib/tinyusb/src/common/tusb_fifo.c.obj
 .text._tu_fifo_peek
                0x0000000010006c1c       0x50 CMakeFiles/ProjectName.dir/media/shared_drive/electronics/pico_git_stuff/pico-sdk/lib/tinyusb/src/common/tusb_fifo.c.obj
 .text._ff_pull_const_addr
                0x0000000010006c6c       0x4c CMakeFiles/ProjectName.dir/media/shared_drive/electronics/pico_git_stuff/pico-sdk/lib/tinyusb/src/common/tusb_fifo.c.obj
 .text._ff_pull_n
                0x0000000010006cb8      0x10c CMakeFiles/ProjectName.dir/media/shared_drive/electronics/pico_git_stuff/pico-sdk/lib/tinyusb/src/common/tusb_fifo.c.obj
 .text._tu_fifo_peek_n
                0x0000000010006dc4       0x5e CMakeFiles/ProjectName.dir/media/shared_drive/electronics/pico_git_stuff/pico-sdk/lib/tinyusb/src/common/tusb_fifo.c.obj
 .text._tu_fifo_read_n
                0x0000000010006e22       0x4e CMakeFiles/ProjectName.dir/media/shared_drive/electronics/pico_git_stuff/pico-sdk/lib/tinyusb/src/common/tusb_fifo.c.obj
 .text._ff_push_const_addr
                0x0000000010006e70       0x40 CMakeFiles/ProjectName.dir/media/shared_drive/electronics/pico_git_stuff/pico-sdk/lib/tinyusb/src/common/tusb_fifo.c.obj
 .text._ff_push_n
                0x0000000010006eb0      0x108 CMakeFiles/ProjectName.dir/media/shared_drive/electronics/pico_git_stuff/pico-sdk/lib/tinyusb/src/common/tusb_fifo.c.obj
 .text._tu_fifo_write_n
                0x0000000010006fb8       0x9e CMakeFiles/ProjectName.dir/media/shared_drive/electronics/pico_git_stuff/pico-sdk/lib/tinyusb/src/common/tusb_fifo.c.obj
 .text.tu_fifo_config
                0x0000000010007056       0x72 CMakeFiles/ProjectName.dir/media/shared_drive/electronics/pico_git_stuff/pico-sdk/lib/tinyusb/src/common/tusb_fifo.c.obj
                0x0000000010007056                tu_fifo_config
 .text.tu_fifo_count
                0x00000000100070c8       0x26 CMakeFiles/ProjectName.dir/media/shared_drive/electronics/pico_git_stuff/pico-sdk/lib/tinyusb/src/common/tusb_fifo.c.obj
                0x00000000100070c8                tu_fifo_count
 .text.tu_fifo_empty
                0x00000000100070ee        0xe CMakeFiles/ProjectName.dir/media/shared_drive/electronics/pico_git_stuff/pico-sdk/lib/tinyusb/src/common/tusb_fifo.c.obj
                0x00000000100070ee                tu_fifo_empty
 .text.tu_fifo_remaining
                0x00000000100070fc       0x20 CMakeFiles/ProjectName.dir/media/shared_drive/electronics/pico_git_stuff/pico-sdk/lib/tinyusb/src/common/tusb_fifo.c.obj
                0x00000000100070fc                tu_fifo_remaining
 .text.tu_fifo_read
                0x000000001000711c       0x42 CMakeFiles/ProjectName.dir/media/shared_drive/electronics/pico_git_stuff/pico-sdk/lib/tinyusb/src/common/tusb_fifo.c.obj
                0x000000001000711c                tu_fifo_read
 .text.tu_fifo_read_n
                0x000000001000715e        0xa CMakeFiles/ProjectName.dir/media/shared_drive/electronics/pico_git_stuff/pico-sdk/lib/tinyusb/src/common/tusb_fifo.c.obj
                0x000000001000715e                tu_fifo_read_n
 .text.tu_fifo_write
                0x0000000010007168       0x6a CMakeFiles/ProjectName.dir/media/shared_drive/electronics/pico_git_stuff/pico-sdk/lib/tinyusb/src/common/tusb_fifo.c.obj
                0x0000000010007168                tu_fifo_write
 .text.tu_fifo_write_n
                0x00000000100071d2        0xa CMakeFiles/ProjectName.dir/media/shared_drive/electronics/pico_git_stuff/pico-sdk/lib/tinyusb/src/common/tusb_fifo.c.obj
                0x00000000100071d2                tu_fifo_write_n
 .text.tu_fifo_clear
                0x00000000100071dc       0x4c CMakeFiles/ProjectName.dir/media/shared_drive/electronics/pico_git_stuff/pico-sdk/lib/tinyusb/src/common/tusb_fifo.c.obj
                0x00000000100071dc                tu_fifo_clear
 .text.tu_fifo_set_overwritable
                0x0000000010007228       0x3c CMakeFiles/ProjectName.dir/media/shared_drive/electronics/pico_git_stuff/pico-sdk/lib/tinyusb/src/common/tusb_fifo.c.obj
                0x0000000010007228                tu_fifo_set_overwritable
 .text._retrieve_unique_id_on_boot
                0x0000000010007264       0x10 CMakeFiles/ProjectName.dir/media/shared_drive/electronics/pico_git_stuff/pico-sdk/src/rp2_common/pico_unique_id/unique_id.c.obj
 .text.pico_get_unique_board_id_string
                0x0000000010007274       0x5c CMakeFiles/ProjectName.dir/media/shared_drive/electronics/pico_git_stuff/pico-sdk/src/rp2_common/pico_unique_id/unique_id.c.obj
                0x0000000010007274                pico_get_unique_board_id_string
 .text.flash_get_unique_id
                0x00000000100072d0       0x46 CMakeFiles/ProjectName.dir/media/shared_drive/electronics/pico_git_stuff/pico-sdk/src/rp2_common/hardware_flash/flash.c.obj
                0x00000000100072d0                flash_get_unique_id
 *fill*         0x0000000010007316        0x2 
 .text.adc_init
                0x0000000010007318       0x34 CMakeFiles/ProjectName.dir/media/shared_drive/electronics/pico_git_stuff/pico-sdk/src/rp2_common/hardware_adc/adc.c.obj
                0x0000000010007318                adc_init
 .text.i2c_write_blocking_internal
                0x000000001000734c      0x146 CMakeFiles/ProjectName.dir/media/shared_drive/electronics/pico_git_stuff/pico-sdk/src/rp2_common/hardware_i2c/i2c.c.obj
 .text.i2c_read_blocking_internal
                0x0000000010007492       0xe6 CMakeFiles/ProjectName.dir/media/shared_drive/electronics/pico_git_stuff/pico-sdk/src/rp2_common/hardware_i2c/i2c.c.obj
 .text.i2c_set_baudrate
                0x0000000010007578       0xf0 CMakeFiles/ProjectName.dir/media/shared_drive/electronics/pico_git_stuff/pico-sdk/src/rp2_common/hardware_i2c/i2c.c.obj
                0x0000000010007578                i2c_set_baudrate
 .text.i2c_init
                0x0000000010007668       0x58 CMakeFiles/ProjectName.dir/media/shared_drive/electronics/pico_git_stuff/pico-sdk/src/rp2_common/hardware_i2c/i2c.c.obj
                0x0000000010007668                i2c_init
 .text.i2c_write_blocking
                0x00000000100076c0       0x18 CMakeFiles/ProjectName.dir/media/shared_drive/electronics/pico_git_stuff/pico-sdk/src/rp2_common/hardware_i2c/i2c.c.obj
                0x00000000100076c0                i2c_write_blocking
 .text.i2c_read_blocking
                0x00000000100076d8       0x18 CMakeFiles/ProjectName.dir/media/shared_drive/electronics/pico_git_stuff/pico-sdk/src/rp2_common/hardware_i2c/i2c.c.obj
                0x00000000100076d8                i2c_read_blocking
 .text.reset_usb_boot
                0x00000000100076f0       0x18 CMakeFiles/ProjectName.dir/media/shared_drive/electronics/pico_git_stuff/pico-sdk/src/rp2_common/pico_bootsel_via_double_reset/pico_bootsel_via_double_reset.c.obj
 .text.boot_double_tap_check
                0x0000000010007708       0x58 CMakeFiles/ProjectName.dir/media/shared_drive/electronics/pico_git_stuff/pico-sdk/src/rp2_common/pico_bootsel_via_double_reset/pico_bootsel_via_double_reset.c.obj
 .text.atexit   0x0000000010007760       0x10 /usr/lib/gcc/arm-none-eabi/12.2.0/../../../../arm-none-eabi/lib/thumb/v6-m/nofp/libg.a(lib_a-atexit.o)
                0x0000000010007760                atexit
 .text.__libc_fini_array
                0x0000000010007770       0x28 /usr/lib/gcc/arm-none-eabi/12.2.0/../../../../arm-none-eabi/lib/thumb/v6-m/nofp/libg.a(lib_a-fini.o)
                0x0000000010007770                __libc_fini_array
 .text._malloc_r
                0x0000000010007798      0x574 /usr/lib/gcc/arm-none-eabi/12.2.0/../../../../arm-none-eabi/lib/thumb/v6-m/nofp/libg.a(lib_a-mallocr.o)
                0x0000000010007798                _malloc_r
 .text.__malloc_lock
                0x0000000010007d0c       0x10 /usr/lib/gcc/arm-none-eabi/12.2.0/../../../../arm-none-eabi/lib/thumb/v6-m/nofp/libg.a(lib_a-mlock.o)
                0x0000000010007d0c                __malloc_lock
 .text.__malloc_unlock
                0x0000000010007d1c       0x10 /usr/lib/gcc/arm-none-eabi/12.2.0/../../../../arm-none-eabi/lib/thumb/v6-m/nofp/libg.a(lib_a-mlock.o)
                0x0000000010007d1c                __malloc_unlock
 .text._sbrk_r  0x0000000010007d2c       0x24 /usr/lib/gcc/arm-none-eabi/12.2.0/../../../../arm-none-eabi/lib/thumb/v6-m/nofp/libg.a(lib_a-sbrkr.o)
                0x0000000010007d2c                _sbrk_r
 .text.signal   0x0000000010007d50       0x54 /usr/lib/gcc/arm-none-eabi/12.2.0/../../../../arm-none-eabi/lib/thumb/v6-m/nofp/libg.a(lib_a-signal.o)
                0x0000000010007d50                signal
 .text.strlen   0x0000000010007da4       0x5c /usr/lib/gcc/arm-none-eabi/12.2.0/../../../../arm-none-eabi/lib/thumb/v6-m/nofp/libg.a(lib_a-strlen-stub.o)
                0x0000000010007da4                strlen
 .text.__register_exitproc
                0x0000000010007e00       0xac /usr/lib/gcc/arm-none-eabi/12.2.0/../../../../arm-none-eabi/lib/thumb/v6-m/nofp/libg.a(lib_a-__atexit.o)
                0x0000000010007e00                __register_exitproc
 .text.startup.register_fini
                0x0000000010007eac       0x18 /usr/lib/gcc/arm-none-eabi/12.2.0/../../../../arm-none-eabi/lib/thumb/v6-m/nofp/libg.a(lib_a-__call_atexit.o)
 .text._malloc_trim_r
                0x0000000010007ec4       0x9c /usr/lib/gcc/arm-none-eabi/12.2.0/../../../../arm-none-eabi/lib/thumb/v6-m/nofp/libg.a(lib_a-freer.o)
                0x0000000010007ec4                _malloc_trim_r
 .text._free_r  0x0000000010007f60      0x1d4 /usr/lib/gcc/arm-none-eabi/12.2.0/../../../../arm-none-eabi/lib/thumb/v6-m/nofp/libg.a(lib_a-freer.o)
                0x0000000010007f60                _free_r
 .text.__retarget_lock_acquire_recursive
                0x0000000010008134        0x4 /usr/lib/gcc/arm-none-eabi/12.2.0/../../../../arm-none-eabi/lib/thumb/v6-m/nofp/libg.a(lib_a-lock.o)
                0x0000000010008134                __retarget_lock_acquire_recursive
 .text.__retarget_lock_release_recursive
                0x0000000010008138        0x4 /usr/lib/gcc/arm-none-eabi/12.2.0/../../../../arm-none-eabi/lib/thumb/v6-m/nofp/libg.a(lib_a-lock.o)
                0x0000000010008138                __retarget_lock_release_recursive
 *(.fini)
 .fini          0x000000001000813c        0x4 /usr/lib/gcc/arm-none-eabi/12.2.0/thumb/v6-m/nofp/crti.o
                0x000000001000813c                _fini
 .fini.__stub   0x0000000010008140       0x70 linker stubs
 *crtbegin.o(.ctors)
 *crtbegin?.o(.ctors)
 *(EXCLUDE_FILE(*crtend.o *crtend?.o) .ctors)
 *(SORT_BY_NAME(.ctors.*))
 *(.ctors)
 *crtbegin.o(.dtors)
 *crtbegin?.o(.dtors)
 *(EXCLUDE_FILE(*crtend.o *crtend?.o) .dtors)
 *(SORT_BY_NAME(.dtors.*))
 *(.dtors)
 *(.eh_frame*)
 .eh_frame      0x00000000100081b0        0x0 /usr/lib/gcc/arm-none-eabi/12.2.0/thumb/v6-m/nofp/crtbegin.o
                0x00000000100081b0                . = ALIGN (0x4)

.glue_7         0x00000000100081b0        0x0
 .glue_7        0x00000000100081b0        0x0 linker stubs

.glue_7t        0x00000000100081b0        0x0
 .glue_7t       0x00000000100081b0        0x0 linker stubs

.vfp11_veneer   0x00000000100081b0        0x0
 .vfp11_veneer  0x00000000100081b0        0x0 linker stubs

.v4_bx          0x00000000100081b0        0x0
 .v4_bx         0x00000000100081b0        0x0 linker stubs

.iplt           0x00000000100081b0        0x0
 .iplt          0x00000000100081b0        0x0 /usr/lib/gcc/arm-none-eabi/12.2.0/thumb/v6-m/nofp/crtbegin.o

.rodata         0x00000000100081b0     0x196c
 *(EXCLUDE_FILE(*libm.a: *libc.a:*lib_a-mem*.o *libgcc.a:) .rodata*)
 .rodata.sigint_handler.str1.4
                0x00000000100081b0        0x4 CMakeFiles/ProjectName.dir/main.c.obj
 .rodata.main.str1.4
                0x00000000100081b4       0x16 CMakeFiles/ProjectName.dir/main.c.obj
 *fill*         0x00000000100081ca        0x2 
 .rodata.spin_lock_claim_unused.str1.4
                0x00000000100081cc       0x1b CMakeFiles/ProjectName.dir/media/shared_drive/electronics/pico_git_stuff/pico-sdk/src/rp2_common/hardware_sync/sync.c.obj
 *fill*         0x00000000100081e7        0x1 
 .rodata.resolve_branch.str1.4
                0x00000000100081e8       0x72 CMakeFiles/ProjectName.dir/media/shared_drive/electronics/pico_git_stuff/pico-sdk/src/rp2_common/hardware_irq/irq.c.obj
 *fill*         0x000000001000825a        0x2 
 .rodata.make_branch.str1.4
                0x000000001000825c       0x30 CMakeFiles/ProjectName.dir/media/shared_drive/electronics/pico_git_stuff/pico-sdk/src/rp2_common/hardware_irq/irq.c.obj
 .rodata.insert_branch_and_link.str1.4
                0x000000001000828c       0x10 CMakeFiles/ProjectName.dir/media/shared_drive/electronics/pico_git_stuff/pico-sdk/src/rp2_common/hardware_irq/irq.c.obj
 .rodata.irq_set_exclusive_handler.str1.4
                0x000000001000829c       0x36 CMakeFiles/ProjectName.dir/media/shared_drive/electronics/pico_git_stuff/pico-sdk/src/rp2_common/hardware_irq/irq.c.obj
 *fill*         0x00000000100082d2        0x2 
 .rodata.irq_add_shared_handler.str1.4
                0x00000000100082d4       0xc2 CMakeFiles/ProjectName.dir/media/shared_drive/electronics/pico_git_stuff/pico-sdk/src/rp2_common/hardware_irq/irq.c.obj
 *fill*         0x0000000010008396        0x2 
 .rodata.irq_remove_handler.str1.4
                0x0000000010008398       0x2a CMakeFiles/ProjectName.dir/media/shared_drive/electronics/pico_git_stuff/pico-sdk/src/rp2_common/hardware_irq/irq.c.obj
 *fill*         0x00000000100083c2        0x2 
 .rodata.irq_add_tail_to_free_list.str1.4
                0x00000000100083c4       0x3a CMakeFiles/ProjectName.dir/media/shared_drive/electronics/pico_git_stuff/pico-sdk/src/rp2_common/hardware_irq/irq.c.obj
 *fill*         0x00000000100083fe        0x2 
 .rodata.user_irq_claim_unused.str1.4
                0x0000000010008400       0x1b CMakeFiles/ProjectName.dir/media/shared_drive/electronics/pico_git_stuff/pico-sdk/src/rp2_common/hardware_irq/irq.c.obj
 *fill*         0x000000001000841b        0x1 
 .rodata.__func__.0
                0x000000001000841c       0x1a CMakeFiles/ProjectName.dir/media/shared_drive/electronics/pico_git_stuff/pico-sdk/src/rp2_common/hardware_irq/irq.c.obj
 *fill*         0x0000000010008436        0x2 
 .rodata.__func__.1
                0x0000000010008438       0x17 CMakeFiles/ProjectName.dir/media/shared_drive/electronics/pico_git_stuff/pico-sdk/src/rp2_common/hardware_irq/irq.c.obj
 *fill*         0x000000001000844f        0x1 
 .rodata.__func__.2
                0x0000000010008450       0x13 CMakeFiles/ProjectName.dir/media/shared_drive/electronics/pico_git_stuff/pico-sdk/src/rp2_common/hardware_irq/irq.c.obj
 *fill*         0x0000000010008463        0x1 
 .rodata.__func__.3
                0x0000000010008464        0xc CMakeFiles/ProjectName.dir/media/shared_drive/electronics/pico_git_stuff/pico-sdk/src/rp2_common/hardware_irq/irq.c.obj
 .rodata.__func__.4
                0x0000000010008470        0xf CMakeFiles/ProjectName.dir/media/shared_drive/electronics/pico_git_stuff/pico-sdk/src/rp2_common/hardware_irq/irq.c.obj
 *fill*         0x000000001000847f        0x1 
 .rodata.__func__.5
                0x0000000010008480       0x17 CMakeFiles/ProjectName.dir/media/shared_drive/electronics/pico_git_stuff/pico-sdk/src/rp2_common/hardware_irq/irq.c.obj
 *fill*         0x0000000010008497        0x1 
 .rodata.__func__.6
                0x0000000010008498       0x1a CMakeFiles/ProjectName.dir/media/shared_drive/electronics/pico_git_stuff/pico-sdk/src/rp2_common/hardware_irq/irq.c.obj
 *fill*         0x00000000100084b2        0x2 
 .rodata.get_entry.str1.4
                0x00000000100084b4       0x78 CMakeFiles/ProjectName.dir/media/shared_drive/electronics/pico_git_stuff/pico-sdk/src/common/pico_time/time.c.obj
 .rodata.update_us_since_boot.str1.4
                0x000000001000852c       0x7e CMakeFiles/ProjectName.dir/media/shared_drive/electronics/pico_git_stuff/pico-sdk/src/common/pico_time/time.c.obj
 *fill*         0x00000000100085aa        0x2 
 .rodata.ph_get_node.str1.4
                0x00000000100085ac       0x83 CMakeFiles/ProjectName.dir/media/shared_drive/electronics/pico_git_stuff/pico-sdk/src/common/pico_time/time.c.obj
 *fill*         0x000000001000862f        0x1 
 .rodata.ph_add_child_node.str1.4
                0x0000000010008630       0x2e CMakeFiles/ProjectName.dir/media/shared_drive/electronics/pico_git_stuff/pico-sdk/src/common/pico_time/time.c.obj
 *fill*         0x000000001000865e        0x2 
 .rodata.ph_insert_node.str1.4
                0x0000000010008660        0x3 CMakeFiles/ProjectName.dir/media/shared_drive/electronics/pico_git_stuff/pico-sdk/src/common/pico_time/time.c.obj
 *fill*         0x0000000010008663        0x1 
 .rodata.ph_free_node.str1.4
                0x0000000010008664       0x22 CMakeFiles/ProjectName.dir/media/shared_drive/electronics/pico_git_stuff/pico-sdk/src/common/pico_time/time.c.obj
 *fill*         0x0000000010008686        0x2 
 .rodata.add_alarm_under_lock.str1.4
                0x0000000010008688       0x28 CMakeFiles/ProjectName.dir/media/shared_drive/electronics/pico_git_stuff/pico-sdk/src/common/pico_time/time.c.obj
 .rodata.alarm_pool_alarm_callback.str1.4
                0x00000000100086b0       0x60 CMakeFiles/ProjectName.dir/media/shared_drive/electronics/pico_git_stuff/pico-sdk/src/common/pico_time/time.c.obj
 .rodata.alarm_pool_get_default.str1.4
                0x0000000010008710       0x21 CMakeFiles/ProjectName.dir/media/shared_drive/electronics/pico_git_stuff/pico-sdk/src/common/pico_time/time.c.obj
 *fill*         0x0000000010008731        0x3 
 .rodata.alarm_pool_cancel_alarm.str1.4
                0x0000000010008734       0x27 CMakeFiles/ProjectName.dir/media/shared_drive/electronics/pico_git_stuff/pico-sdk/src/common/pico_time/time.c.obj
 *fill*         0x000000001000875b        0x1 
 .rodata.sleep_until.str1.4
                0x000000001000875c       0x4d CMakeFiles/ProjectName.dir/media/shared_drive/electronics/pico_git_stuff/pico-sdk/src/common/pico_time/time.c.obj
 *fill*         0x00000000100087a9        0x3 
 .rodata.__func__.1
                0x00000000100087ac       0x18 CMakeFiles/ProjectName.dir/media/shared_drive/electronics/pico_git_stuff/pico-sdk/src/common/pico_time/time.c.obj
 .rodata.__func__.3
                0x00000000100087c4       0x17 CMakeFiles/ProjectName.dir/media/shared_drive/electronics/pico_git_stuff/pico-sdk/src/common/pico_time/time.c.obj
 *fill*         0x00000000100087db        0x1 
 .rodata.__func__.4
                0x00000000100087dc       0x12 CMakeFiles/ProjectName.dir/media/shared_drive/electronics/pico_git_stuff/pico-sdk/src/common/pico_time/time.c.obj
 *fill*         0x00000000100087ee        0x2 
 .rodata.__func__.5
                0x00000000100087f0        0xd CMakeFiles/ProjectName.dir/media/shared_drive/electronics/pico_git_stuff/pico-sdk/src/common/pico_time/time.c.obj
 *fill*         0x00000000100087fd        0x3 
 .rodata.__func__.6
                0x0000000010008800       0x12 CMakeFiles/ProjectName.dir/media/shared_drive/electronics/pico_git_stuff/pico-sdk/src/common/pico_time/time.c.obj
 *fill*         0x0000000010008812        0x2 
 .rodata.__func__.7
                0x0000000010008814        0xf CMakeFiles/ProjectName.dir/media/shared_drive/electronics/pico_git_stuff/pico-sdk/src/common/pico_time/time.c.obj
 *fill*         0x0000000010008823        0x1 
 .rodata.__func__.8
                0x0000000010008824        0xc CMakeFiles/ProjectName.dir/media/shared_drive/electronics/pico_git_stuff/pico-sdk/src/common/pico_time/time.c.obj
 .rodata.__func__.9
                0x0000000010008830       0x15 CMakeFiles/ProjectName.dir/media/shared_drive/electronics/pico_git_stuff/pico-sdk/src/common/pico_time/time.c.obj
 *fill*         0x0000000010008845        0x3 
 .rodata.__func__.10
                0x0000000010008848       0x15 CMakeFiles/ProjectName.dir/media/shared_drive/electronics/pico_git_stuff/pico-sdk/src/common/pico_time/time.c.obj
 *fill*         0x000000001000885d        0x3 
 .rodata.__func__.11
                0x0000000010008860       0x1a CMakeFiles/ProjectName.dir/media/shared_drive/electronics/pico_git_stuff/pico-sdk/src/common/pico_time/time.c.obj
 *fill*         0x000000001000887a        0x2 
 .rodata.__func__.12
                0x000000001000887c        0xa CMakeFiles/ProjectName.dir/media/shared_drive/electronics/pico_git_stuff/pico-sdk/src/common/pico_time/time.c.obj
 .rodata.update_us_since_boot.str1.4
                0x0000000010008886       0x7e CMakeFiles/ProjectName.dir/media/shared_drive/electronics/pico_git_stuff/pico-sdk/src/rp2_common/hardware_timer/timer.c.obj
 *fill*         0x0000000010008886        0x2 
 .rodata.hardware_alarm_claim.str1.4
                0x0000000010008888       0x22 CMakeFiles/ProjectName.dir/media/shared_drive/electronics/pico_git_stuff/pico-sdk/src/rp2_common/hardware_timer/timer.c.obj
 *fill*         0x00000000100088aa        0x2 
 .rodata.hardware_alarm_set_target.str1.4
                0x00000000100088ac       0x82 CMakeFiles/ProjectName.dir/media/shared_drive/electronics/pico_git_stuff/pico-sdk/src/rp2_common/hardware_timer/timer.c.obj
 *fill*         0x000000001000892e        0x2 
 .rodata.__func__.0
                0x0000000010008930       0x1a CMakeFiles/ProjectName.dir/media/shared_drive/electronics/pico_git_stuff/pico-sdk/src/rp2_common/hardware_timer/timer.c.obj
 *fill*         0x000000001000894a        0x2 
 .rodata.__func__.1
                0x000000001000894c       0x15 CMakeFiles/ProjectName.dir/media/shared_drive/electronics/pico_git_stuff/pico-sdk/src/rp2_common/hardware_timer/timer.c.obj
 .rodata.ph_get_node.str1.4
                0x0000000010008961       0x83 CMakeFiles/ProjectName.dir/media/shared_drive/electronics/pico_git_stuff/pico-sdk/src/common/pico_util/pheap.c.obj
 .rodata.ph_add_child_node.str1.4
                0x0000000010008961       0x2e CMakeFiles/ProjectName.dir/media/shared_drive/electronics/pico_git_stuff/pico-sdk/src/common/pico_util/pheap.c.obj
 *fill*         0x0000000010008961        0x3 
 .rodata.ph_remove_any_head.str1.4
                0x0000000010008964       0xac CMakeFiles/ProjectName.dir/media/shared_drive/electronics/pico_git_stuff/pico-sdk/src/common/pico_util/pheap.c.obj
 .rodata.ph_remove_and_free_node.str1.4
                0x0000000010008a10       0x1e CMakeFiles/ProjectName.dir/media/shared_drive/electronics/pico_git_stuff/pico-sdk/src/common/pico_util/pheap.c.obj
                                         0x26 (size before relaxing)
 *fill*         0x0000000010008a2e        0x2 
 .rodata.__func__.0
                0x0000000010008a30       0x18 CMakeFiles/ProjectName.dir/media/shared_drive/electronics/pico_git_stuff/pico-sdk/src/common/pico_util/pheap.c.obj
 .rodata.__func__.1
                0x0000000010008a48       0x13 CMakeFiles/ProjectName.dir/media/shared_drive/electronics/pico_git_stuff/pico-sdk/src/common/pico_util/pheap.c.obj
 *fill*         0x0000000010008a5b        0x1 
 .rodata.__func__.2
                0x0000000010008a5c       0x12 CMakeFiles/ProjectName.dir/media/shared_drive/electronics/pico_git_stuff/pico-sdk/src/common/pico_util/pheap.c.obj
 *fill*         0x0000000010008a6e        0x2 
 .rodata.__func__.3
                0x0000000010008a70        0xc CMakeFiles/ProjectName.dir/media/shared_drive/electronics/pico_git_stuff/pico-sdk/src/common/pico_util/pheap.c.obj
 .rodata.update_us_since_boot.str1.4
                0x0000000010008a7c       0x7e CMakeFiles/ProjectName.dir/media/shared_drive/electronics/pico_git_stuff/pico-sdk/src/common/pico_sync/mutex.c.obj
 .rodata.str1.4
                0x0000000010008a7c       0xa9 CMakeFiles/ProjectName.dir/media/shared_drive/electronics/pico_git_stuff/pico-sdk/src/common/pico_sync/mutex.c.obj